12:16:40 | INFO     | 1 eV in effective units: 532.788459
12:16:40 | INFO     | Coulomb energy in effective units: 15.343930
12:16:40 | INFO     | Starting charge stability sweep for a double quantum dot, error: 1.00e-06 eV or 6.23e-03 effective units
12:16:40 | INFO     | 
12:16:40 | INFO     | Voltage sweep
12:16:40 | INFO     | voltage=0.000 V, 0.000 V
12:16:40 | INFO     |   electrons=0
12:16:40 | INFO     |   electrons=1
12:16:40 | INFO     |   > Initialising MADNESS world
12:16:40 | INFO     |   > Building MRA potential
12:16:40 | INFO     |   > Solving single-particle orbitals
12:16:46 | INFO     |   > Starting SCF loop (max_iter=100, econv=0.00623362)
12:16:53 | INFO     |     converged after 2 iterations | energy=+0.0998125795
12:16:53 | INFO     |   result | energy=+0.0998125795 | iterations=2 | converged=True
12:16:53 | INFO     |   stable configuration | electrons=0 | energy=+0.0000000000
12:16:53 | INFO     |   elapsed | 0h 0m 13.43s
12:16:53 | INFO     |   total elapsed | 0h 0m 13.43s
12:16:53 | INFO     | 
12:16:53 | INFO     | Voltage sweep
12:16:53 | INFO     | voltage=0.010 V, 0.000 V
12:16:53 | INFO     |   electrons=0
12:16:53 | INFO     |   electrons=1
12:16:53 | INFO     |   > Initialising MADNESS world
12:16:53 | INFO     |   > Building MRA potential
12:16:53 | INFO     |   > Solving single-particle orbitals
12:16:59 | INFO     |   > Starting SCF loop (max_iter=100, econv=0.00623362)
12:17:07 | INFO     |     converged after 2 iterations | energy=+0.0981740391
12:17:07 | INFO     |   result | energy=+0.0981740391 | iterations=2 | converged=True
12:17:07 | INFO     |   stable configuration | electrons=0 | energy=+0.0000000000
12:17:07 | INFO     |   elapsed | 0h 0m 13.69s
12:17:07 | INFO     |   total elapsed | 0h 0m 27.11s
12:17:07 | INFO     | 
12:17:07 | INFO     | Voltage sweep
12:17:07 | INFO     | voltage=0.010 V, 0.010 V
12:17:07 | INFO     |   electrons=0
12:17:07 | INFO     |   electrons=1
12:17:07 | INFO     |   > Initialising MADNESS world
12:17:07 | INFO     |   > Building MRA potential
12:17:07 | INFO     |   > Solving single-particle orbitals
12:17:13 | INFO     |   > Starting SCF loop (max_iter=100, econv=0.00623362)
12:17:21 | INFO     |     converged after 2 iterations | energy=+0.0937633458
12:17:21 | INFO     |   result | energy=+0.0937633458 | iterations=2 | converged=True
12:17:21 | INFO     |   stable configuration | electrons=0 | energy=+0.0000000000
12:17:21 | INFO     |   elapsed | 0h 0m 13.94s
12:17:21 | INFO     |   total elapsed | 0h 0m 41.06s
12:17:21 | INFO     | 
12:17:21 | INFO     | Voltage sweep
12:17:21 | INFO     | voltage=0.020 V, 0.000 V
12:17:21 | INFO     |   electrons=0
12:17:21 | INFO     |   electrons=1
12:17:21 | INFO     |   > Initialising MADNESS world
12:17:21 | INFO     |   > Building MRA potential
12:17:21 | INFO     |   > Solving single-particle orbitals
12:17:27 | INFO     |   > Starting SCF loop (max_iter=100, econv=0.00623362)
12:17:35 | INFO     |     converged after 2 iterations | energy=+0.0976297767
12:17:35 | INFO     |   result | energy=+0.0976297767 | iterations=2 | converged=True
12:17:35 | INFO     |   stable configuration | electrons=0 | energy=+0.0000000000
12:17:35 | INFO     |   elapsed | 0h 0m 14.11s
12:17:35 | INFO     |   total elapsed | 0h 0m 55.17s
12:17:35 | INFO     | 
12:17:35 | INFO     | Voltage sweep
12:17:35 | INFO     | voltage=0.020 V, 0.010 V
12:17:35 | INFO     |   electrons=0
12:17:35 | INFO     |   electrons=1
12:17:35 | INFO     |   > Initialising MADNESS world
12:17:35 | INFO     |   > Building MRA potential
12:17:35 | INFO     |   > Solving single-particle orbitals
12:17:41 | INFO     |   > Starting SCF loop (max_iter=100, econv=0.00623362)
12:17:49 | INFO     |     converged after 2 iterations | energy=+0.0934045809
12:17:49 | INFO     |   result | energy=+0.0934045809 | iterations=2 | converged=True
12:17:49 | INFO     |   stable configuration | electrons=0 | energy=+0.0000000000
12:17:49 | INFO     |   elapsed | 0h 0m 14.04s
12:17:49 | INFO     |   total elapsed | 0h 1m 9.21s
12:17:49 | INFO     | 
12:17:49 | INFO     | Voltage sweep
12:17:49 | INFO     | voltage=0.020 V, 0.020 V
12:17:49 | INFO     |   electrons=0
12:17:49 | INFO     |   electrons=1
12:17:49 | INFO     |   > Initialising MADNESS world
12:17:49 | INFO     |   > Building MRA potential
12:17:49 | INFO     |   > Solving single-particle orbitals
12:17:55 | INFO     |   > Starting SCF loop (max_iter=100, econv=0.00623362)
12:18:15 | INFO     |     converged after 7 iterations | energy=+0.1511629164
12:18:15 | INFO     |   result | energy=+0.1511629164 | iterations=7 | converged=True
12:18:15 | INFO     |   stable configuration | electrons=0 | energy=+0.0000000000
12:18:15 | INFO     |   elapsed | 0h 0m 26.40s
12:18:15 | INFO     |   total elapsed | 0h 1m 35.61s
12:18:15 | INFO     | 
12:18:15 | INFO     | Voltage sweep
12:18:15 | INFO     | voltage=0.030 V, 0.000 V
12:18:15 | INFO     |   electrons=0
12:18:15 | INFO     |   electrons=1
12:18:15 | INFO     |   > Initialising MADNESS world
12:18:15 | INFO     |   > Building MRA potential
12:18:15 | INFO     |   > Solving single-particle orbitals
12:18:22 | INFO     |   > Starting SCF loop (max_iter=100, econv=0.00623362)
12:18:35 | INFO     |     converged after 4 iterations | energy=+0.1957154150
12:18:35 | INFO     |   result | energy=+0.1957154150 | iterations=4 | converged=True
12:18:35 | INFO     |   stable configuration | electrons=0 | energy=+0.0000000000
12:18:35 | INFO     |   elapsed | 0h 0m 19.72s
12:18:35 | INFO     |   total elapsed | 0h 1m 55.34s
12:18:35 | INFO     | 
12:18:35 | INFO     | Voltage sweep
12:18:35 | INFO     | voltage=0.030 V, 0.010 V
12:18:35 | INFO     |   electrons=0
12:18:35 | INFO     |   electrons=1
12:18:35 | INFO     |   > Initialising MADNESS world
12:18:35 | INFO     |   > Building MRA potential
12:18:35 | INFO     |   > Solving single-particle orbitals
12:18:42 | INFO     |   > Starting SCF loop (max_iter=100, econv=0.00623362)
12:18:46 | INFO     |     converged after 1 iterations | energy=+0.0010334775
12:18:46 | INFO     |   result | energy=+0.0010334775 | iterations=1 | converged=True
12:18:46 | INFO     |   stable configuration | electrons=0 | energy=+0.0000000000
12:18:46 | INFO     |   elapsed | 0h 0m 11.10s
12:18:46 | INFO     |   total elapsed | 0h 2m 6.44s
12:18:46 | INFO     | 
12:18:46 | INFO     | Voltage sweep
12:18:46 | INFO     | voltage=0.030 V, 0.020 V
12:18:46 | INFO     |   electrons=0
12:18:46 | INFO     |   electrons=1
12:18:46 | INFO     |   > Initialising MADNESS world
12:18:46 | INFO     |   > Building MRA potential
12:18:46 | INFO     |   > Solving single-particle orbitals
12:18:53 | INFO     |   > Starting SCF loop (max_iter=100, econv=0.00623362)
12:19:03 | INFO     |     converged after 3 iterations | energy=+0.1059221606
12:19:03 | INFO     |   result | energy=+0.1059221606 | iterations=3 | converged=True
12:19:03 | INFO     |   stable configuration | electrons=0 | energy=+0.0000000000
12:19:03 | INFO     |   elapsed | 0h 0m 16.96s
12:19:03 | INFO     |   total elapsed | 0h 2m 23.39s
12:19:03 | INFO     | 
12:19:03 | INFO     | Voltage sweep
12:19:03 | INFO     | voltage=0.030 V, 0.030 V
12:19:03 | INFO     |   electrons=0
12:19:03 | INFO     |   electrons=1
12:19:03 | INFO     |   > Initialising MADNESS world
12:19:03 | INFO     |   > Building MRA potential
12:19:03 | INFO     |   > Solving single-particle orbitals
12:19:10 | INFO     |   > Starting SCF loop (max_iter=100, econv=0.00623362)
12:19:18 | INFO     |     converged after 4 iterations | energy=-0.1115109409
12:19:18 | INFO     |   result | energy=-0.1115109409 | iterations=4 | converged=True
12:19:18 | INFO     |   stable configuration | electrons=1 | energy=-0.1115109409
12:19:18 | INFO     |   elapsed | 0h 0m 15.39s
12:19:18 | INFO     |   total elapsed | 0h 2m 38.78s
12:19:18 | INFO     | 
12:19:18 | INFO     | Voltage sweep
12:19:18 | INFO     | voltage=0.040 V, 0.000 V
12:19:18 | INFO     |   electrons=0
12:19:18 | INFO     |   electrons=1
12:19:18 | INFO     |   > Initialising MADNESS world
12:19:18 | INFO     |   > Building MRA potential
12:19:19 | INFO     |   > Solving single-particle orbitals
12:19:25 | INFO     |   > Starting SCF loop (max_iter=100, econv=0.00623362)
12:19:38 | INFO     |     converged after 4 iterations | energy=+0.1748625051
12:19:38 | INFO     |   result | energy=+0.1748625051 | iterations=4 | converged=True
12:19:38 | INFO     |   stable configuration | electrons=0 | energy=+0.0000000000
12:19:38 | INFO     |   elapsed | 0h 0m 19.19s
12:19:38 | INFO     |   total elapsed | 0h 2m 57.97s
12:19:38 | INFO     | 
12:19:38 | INFO     | Voltage sweep
12:19:38 | INFO     | voltage=0.040 V, 0.010 V
12:19:38 | INFO     |   electrons=0
12:19:38 | INFO     |   electrons=1
12:19:38 | INFO     |   > Initialising MADNESS world
12:19:38 | INFO     |   > Building MRA potential
12:19:38 | INFO     |   > Solving single-particle orbitals
12:19:44 | INFO     |   > Starting SCF loop (max_iter=100, econv=0.00623362)
12:20:08 | INFO     |     converged after 7 iterations | energy=-0.5918001642
12:20:08 | INFO     |   result | energy=-0.5918001642 | iterations=7 | converged=True
12:20:08 | INFO     |   stable configuration | electrons=1 | energy=-0.5918001642
12:20:08 | INFO     |   elapsed | 0h 0m 30.46s
12:20:08 | INFO     |   total elapsed | 0h 3m 28.43s
12:20:08 | INFO     | 
12:20:08 | INFO     | Voltage sweep
12:20:08 | INFO     | voltage=0.040 V, 0.020 V
12:20:08 | INFO     |   electrons=0
12:20:08 | INFO     |   electrons=1
12:20:08 | INFO     |   > Initialising MADNESS world
12:20:08 | INFO     |   > Building MRA potential
12:20:08 | INFO     |   > Solving single-particle orbitals
12:20:15 | INFO     |   > Starting SCF loop (max_iter=100, econv=0.00623362)
12:20:21 | INFO     |     converged after 2 iterations | energy=-0.6523343084
12:20:21 | INFO     |   result | energy=-0.6523343084 | iterations=2 | converged=True
12:20:21 | INFO     |   electrons=2
12:20:21 | INFO     |   > Initialising MADNESS world
12:20:21 | INFO     |   > Building MRA potential
12:20:22 | INFO     |   > Solving single-particle orbitals
12:20:28 | INFO     |   > Starting SCF loop (max_iter=100, econv=0.00623362)
12:22:06 | INFO     |     converged after 17 iterations | energy=+1.2234369156
12:22:06 | INFO     |   result | energy=+1.2234369156 | iterations=17 | converged=True
12:22:06 | INFO     |   stable configuration | electrons=1 | energy=-0.6523343084
12:22:06 | INFO     |   elapsed | 0h 1m 57.89s
12:22:06 | INFO     |   total elapsed | 0h 5m 26.32s
12:22:06 | INFO     | 
12:22:06 | INFO     | Voltage sweep
12:22:06 | INFO     | voltage=0.040 V, 0.030 V
12:22:06 | INFO     |   electrons=0
12:22:06 | INFO     |   electrons=1
12:22:06 | INFO     |   > Initialising MADNESS world
12:22:06 | INFO     |   > Building MRA potential
12:22:06 | INFO     |   > Solving single-particle orbitals
12:22:12 | INFO     |   > Starting SCF loop (max_iter=100, econv=0.00623362)
12:22:17 | INFO     |     converged after 2 iterations | energy=-0.7159153943
12:22:17 | INFO     |   result | energy=-0.7159153943 | iterations=2 | converged=True
12:22:17 | INFO     |   electrons=2
12:22:17 | INFO     |   > Initialising MADNESS world
12:22:17 | INFO     |   > Building MRA potential
12:22:17 | INFO     |   > Solving single-particle orbitals
12:22:24 | INFO     |   > Starting SCF loop (max_iter=100, econv=0.00623362)
12:28:37 | INFO     |     converged after 62 iterations | energy=+1.0344027569
12:28:37 | INFO     |   result | energy=+1.0344027569 | iterations=62 | converged=True
12:28:37 | INFO     |   stable configuration | electrons=1 | energy=-0.7159153943
12:28:37 | INFO     |   elapsed | 0h 6m 30.86s
12:28:37 | INFO     |   total elapsed | 0h 11m 57.17s
12:28:37 | INFO     | 
12:28:37 | INFO     | Voltage sweep
12:28:37 | INFO     | voltage=0.040 V, 0.040 V
12:28:37 | INFO     |   electrons=0
12:28:37 | INFO     |   electrons=1
12:28:37 | INFO     |   > Initialising MADNESS world
12:28:37 | INFO     |   > Building MRA potential
12:28:37 | INFO     |   > Solving single-particle orbitals
12:28:43 | INFO     |   > Starting SCF loop (max_iter=100, econv=0.00623362)
12:28:44 | INFO     |     converged after 2 iterations | energy=-0.8211546184
12:28:44 | INFO     |   result | energy=-0.8211546184 | iterations=2 | converged=True
12:28:44 | INFO     |   electrons=2
12:28:44 | INFO     |   > Initialising MADNESS world
12:28:44 | INFO     |   > Building MRA potential
12:28:44 | INFO     |   > Solving single-particle orbitals
12:28:50 | INFO     |   > Starting SCF loop (max_iter=100, econv=0.00623362)
12:30:45 | INFO     |     converged after 19 iterations | energy=+1.0735854779
12:30:45 | INFO     |   result | energy=+1.0735854779 | iterations=19 | converged=True
12:30:45 | INFO     |   stable configuration | electrons=1 | energy=-0.8211546184
12:30:45 | INFO     |   elapsed | 0h 2m 8.28s
12:30:45 | INFO     |   total elapsed | 0h 14m 5.45s
12:30:45 | INFO     | 
12:30:45 | INFO     | Voltage sweep
12:30:45 | INFO     | voltage=0.051 V, 0.000 V
12:30:45 | INFO     |   electrons=0
12:30:45 | INFO     |   electrons=1
12:30:45 | INFO     |   > Initialising MADNESS world
12:30:45 | INFO     |   > Building MRA potential
12:30:45 | INFO     |   > Solving single-particle orbitals
12:30:52 | INFO     |   > Starting SCF loop (max_iter=100, econv=0.00623362)
12:30:54 | INFO     |     converged after 2 iterations | energy=-1.2614808272
12:30:54 | INFO     |   result | energy=-1.2614808272 | iterations=2 | converged=True
12:30:54 | INFO     |   stable configuration | electrons=1 | energy=-1.2614808272
12:30:54 | INFO     |   elapsed | 0h 0m 9.21s
12:30:54 | INFO     |   total elapsed | 0h 14m 14.67s
12:30:54 | INFO     | 
12:30:54 | INFO     | Voltage sweep
12:30:54 | INFO     | voltage=0.051 V, 0.010 V
12:30:54 | INFO     |   electrons=0
12:30:54 | INFO     |   electrons=1
12:30:54 | INFO     |   > Initialising MADNESS world
12:30:54 | INFO     |   > Building MRA potential
12:30:54 | INFO     |   > Solving single-particle orbitals
12:31:01 | INFO     |   > Starting SCF loop (max_iter=100, econv=0.00623362)
12:31:05 | INFO     |     converged after 2 iterations | energy=-1.3318010561
12:31:05 | INFO     |   result | energy=-1.3318010561 | iterations=2 | converged=True
12:31:05 | INFO     |   electrons=2
12:31:05 | INFO     |   > Initialising MADNESS world
12:31:05 | INFO     |   > Building MRA potential
12:31:05 | INFO     |   > Solving single-particle orbitals
12:31:12 | INFO     |   > Starting SCF loop (max_iter=100, econv=0.00623362)
12:31:47 | INFO     |     converged after 6 iterations | energy=+1.0718150707
12:31:47 | INFO     |   result | energy=+1.0718150707 | iterations=6 | converged=True
12:31:47 | INFO     |   stable configuration | electrons=1 | energy=-1.3318010561
12:31:47 | INFO     |   elapsed | 0h 0m 53.13s
12:31:47 | INFO     |   total elapsed | 0h 15m 7.79s
12:31:47 | INFO     | 
12:31:47 | INFO     | Voltage sweep
12:31:47 | INFO     | voltage=0.051 V, 0.020 V
12:31:47 | INFO     |   electrons=0
12:31:47 | INFO     |   electrons=1
12:31:47 | INFO     |   > Initialising MADNESS world
12:31:47 | INFO     |   > Building MRA potential
12:31:48 | INFO     |   > Solving single-particle orbitals
12:31:54 | INFO     |   > Starting SCF loop (max_iter=100, econv=0.00623362)
12:31:57 | INFO     |     converged after 2 iterations | energy=-1.4037362607
12:31:57 | INFO     |   result | energy=-1.4037362607 | iterations=2 | converged=True
12:31:57 | INFO     |   electrons=2
12:31:57 | INFO     |   > Initialising MADNESS world
12:31:57 | INFO     |   > Building MRA potential
12:31:57 | INFO     |   > Solving single-particle orbitals
12:32:03 | INFO     |   > Starting SCF loop (max_iter=100, econv=0.00623362)
12:37:38 | INFO     |     converged after 64 iterations | energy=+1.1456876076
12:37:38 | INFO     |   result | energy=+1.1456876076 | iterations=64 | converged=True
12:37:38 | INFO     |   stable configuration | electrons=1 | energy=-1.4037362607
12:37:38 | INFO     |   elapsed | 0h 5m 50.74s
12:37:38 | INFO     |   total elapsed | 0h 20m 58.53s
12:37:38 | INFO     | 
12:37:38 | INFO     | Voltage sweep
12:37:38 | INFO     | voltage=0.051 V, 0.030 V
12:37:38 | INFO     |   electrons=0
12:37:38 | INFO     |   electrons=1
12:37:38 | INFO     |   > Initialising MADNESS world
12:37:38 | INFO     |   > Building MRA potential
12:37:38 | INFO     |   > Solving single-particle orbitals
12:37:44 | INFO     |   > Starting SCF loop (max_iter=100, econv=0.00623362)
12:37:47 | INFO     |     converged after 2 iterations | energy=-1.4775616230
12:37:47 | INFO     |   result | energy=-1.4775616230 | iterations=2 | converged=True
12:37:47 | INFO     |   electrons=2
12:37:47 | INFO     |   > Initialising MADNESS world
12:37:47 | INFO     |   > Building MRA potential
12:37:47 | INFO     |   > Solving single-particle orbitals
12:37:53 | INFO     |   > Starting SCF loop (max_iter=100, econv=0.00623362)
