GiveInitialOrbitals took 0 seconds
GiveRDMs took 0 seconds
Integral timings:
Preparation AS pairs: 0 seconds
AS-AS one-electron integrals: 0 seconds
AS-AS two-electron integrals: 0 seconds
Core-AS one-electron integrals: 0 seconds
Core-AS two-electron integrals: 0 seconds
Full function: 0 seconds
                   Core - Kinetic energy  0.000000e+00
        Core - Nuclear attraction energy  0.000000e+00
              Core - Two-electron energy  0.000000e+00
                       Total core energy  0.000000e+00
CalculateCoreEnergy took 0 seconds
      Active Space - One electron energy  -1.008330e+00
      Active Space - Two-electron energy  6.195374e-04
              AS-Core correlation energy  0.000000e+00
                       Total core energy  0.000000e+00
                Nuclear repulsion energy  0.000000e+00
                            Total energy  -1.007711e+00
CalculateEnergies took 0 seconds
---------------------------------------------------
Start iteration step: 1
CalculateLagrangeMultiplier took 0 seconds
AS-Core Lagrange Multiplier:
[empty tensor]

Error of active space orbital 0: 7.208384e-03
Error of active space orbital 1: 1.256383e-02
Refinement timings:
rdm_ii_inv calculation: 0 seconds
one electron part: 0 seconds
AS two electron part: 0 seconds
Core-AS two electron part 1: 0 seconds
Core-AS two electron part 2: 0 seconds
BSH part: 0 seconds
Full function: 0 seconds
UpdateOrbitals took 0 seconds

=== Symmetric Orthonormalization ===
=== Symmetric Orthonormalization Complete ===
Highest error: 1.256383e-02
Update Integrals
Integral timings:
Preparation AS pairs: 0 seconds
AS-AS one-electron integrals: 0 seconds
AS-AS two-electron integrals: 0 seconds
Core-AS one-electron integrals: 0 seconds
Core-AS two-electron integrals: 0 seconds
Full function: 0 seconds
      Active Space - One electron energy  -1.008444e+00
      Active Space - Two-electron energy  6.291142e-04
              AS-Core correlation energy  0.000000e+00
                       Total core energy  0.000000e+00
                Nuclear repulsion energy  0.000000e+00
                            Total energy  -1.007815e+00
CalculateEnergies took 0 seconds
---------------------------------------------------
Start iteration step: 2
CalculateLagrangeMultiplier took 0 seconds
AS-Core Lagrange Multiplier:
[empty tensor]

Error of active space orbital 0: 7.205132e-03
Error of active space orbital 1: 1.305816e-02
Refinement timings:
rdm_ii_inv calculation: 0 seconds
one electron part: 0 seconds
AS two electron part: 0 seconds
Core-AS two electron part 1: 0 seconds
Core-AS two electron part 2: 0 seconds
BSH part: 0 seconds
Full function: 0 seconds
UpdateOrbitals took 0 seconds

=== Symmetric Orthonormalization ===
=== Symmetric Orthonormalization Complete ===
Highest error: 1.305816e-02
Update Integrals
Integral timings:
Preparation AS pairs: 0 seconds
AS-AS one-electron integrals: 0 seconds
AS-AS two-electron integrals: 0 seconds
Core-AS one-electron integrals: 0 seconds
Core-AS two-electron integrals: 0 seconds
Full function: 0 seconds
      Active Space - One electron energy  -1.008559e+00
      Active Space - Two-electron energy  6.388206e-04
              AS-Core correlation energy  0.000000e+00
                       Total core energy  0.000000e+00
                Nuclear repulsion energy  0.000000e+00
                            Total energy  -1.007920e+00
CalculateEnergies took 0 seconds
---------------------------------------------------
Start iteration step: 3
CalculateLagrangeMultiplier took 0 seconds
AS-Core Lagrange Multiplier:
[empty tensor]

Error of active space orbital 0: 7.200279e-03
Error of active space orbital 1: 1.357212e-02
Refinement timings:
rdm_ii_inv calculation: 0 seconds
one electron part: 0 seconds
AS two electron part: 0 seconds
Core-AS two electron part 1: 0 seconds
Core-AS two electron part 2: 0 seconds
BSH part: 0 seconds
Full function: 0 seconds
UpdateOrbitals took 0 seconds

=== Symmetric Orthonormalization ===
=== Symmetric Orthonormalization Complete ===
Highest error: 1.357212e-02
Update Integrals
Integral timings:
Preparation AS pairs: 0 seconds
AS-AS one-electron integrals: 0 seconds
AS-AS two-electron integrals: 0 seconds
Core-AS one-electron integrals: 0 seconds
Core-AS two-electron integrals: 0 seconds
Full function: 0 seconds
      Active Space - One electron energy  -1.008673e+00
      Active Space - Two-electron energy  6.486491e-04
              AS-Core correlation energy  0.000000e+00
                       Total core energy  0.000000e+00
                Nuclear repulsion energy  0.000000e+00
                            Total energy  -1.008024e+00
CalculateEnergies took 0 seconds
Integral timings:
Preparation AS pairs: 0 seconds
AS-AS one-electron integrals: 0 seconds
AS-AS two-electron integrals: 0 seconds
Core-AS one-electron integrals: 0 seconds
Core-AS two-electron integrals: 0 seconds
Full function: 0 seconds
