Potential loaded
Order of the first monomial: 0
Counter: 1 and current num: 10
First non-zero: 0
order with first non-zero: 0
All zero
0 0 
Order of the first monomial: 1
Counter: 2 and current num: 10
First non-zero: 0
order with first non-zero: 1
First non-zero: 0
0 1 
Counter: 3 and current num: 10
First non-zero: 0
order with first non-zero: 0
First non-zero: 1
Break
Order of the first monomial: 2
Counter: 4 and current num: 10
First non-zero: 0
order with first non-zero: 2
First non-zero: 0
1 1 
Counter: 5 and current num: 10
First non-zero: 0
order with first non-zero: 1
First non-zero: 0
0 2 
Counter: 6 and current num: 10
First non-zero: 0
order with first non-zero: 0
First non-zero: 1
Break
Order of the first monomial: 3
Counter: 7 and current num: 10
First non-zero: 0
order with first non-zero: 3
First non-zero: 0
2 1 
Counter: 8 and current num: 10
First non-zero: 0
order with first non-zero: 2
First non-zero: 0
1 2 
Counter: 9 and current num: 10
First non-zero: 0
order with first non-zero: 1
First non-zero: 0
0 3 
Counter: 10 and current num: 10
Return guesses
-1.207106e+04
-1.014178e+04
-1.401277e+03
-1.318911e+04
-1.139299e+03
-8.102383e+02
-2.435242e+04
-1.582425e+03
-6.065941e+02
-1.504871e+03
H: 
[ 0,*] -12071.06302140 5577.02953681   0.00000000 -10615.11832821  -0.00000000 -1874.61720126 6303.13176194   0.00000000 778.80583859   0.00000000
[ 1,*] 5577.02953680 -10141.77782375  -0.00000000 5997.18060364   0.00000000 778.80583863 -13669.94696178  -0.00000000 -1620.13632323  -0.00000000
[ 2,*]   0.00000000  -0.00000000 -1401.27669679   0.00000000 625.83025965   0.00000000  -0.00000000 -1273.61184542  -0.00000000 -944.55090978
[ 3,*] -10615.11832824 5997.18060364  -0.00000000 -13189.10984005  -0.00000000 -1754.44896530 9143.61956409   0.00000000 943.53312984   0.00000000
[ 4,*]  -0.00000000   0.00000000 625.83025965   0.00000000 -1139.29919729  -0.00000000   0.00000000 721.15063846   0.00000000 344.36919888
[ 5,*] -1874.61720125 778.80583863   0.00000000 -1754.44896530  -0.00000000 -810.23826819 1020.36346456   0.00000000 305.95403026   0.00000000
[ 6,*] 6303.13176201 -13669.94696178  -0.00000000 9143.61956409   0.00000000 1020.36346456 -24352.42249518  -0.00000000 -2951.76929077  -0.00000000
[ 7,*]   0.00000000  -0.00000000 -1273.61184542   0.00000000 721.15063846   0.00000000  -0.00000000 -1582.42451509  -0.00000000 -1206.07045125
[ 8,*] 778.80583859 -1620.13632323   0.00000000 943.53312984   0.00000000 305.95403026 -2951.76929077  -0.00000000 -606.59411181  -0.00000000
[ 9,*]   0.00000000  -0.00000000 -944.55090978   0.00000000 344.36919888   0.00000000  -0.00000000 -1206.07045125  -0.00000000 -1504.87075818

dia_matrix: 
[ 0,*] -14.11785060   0.00000000   0.00000000   0.00000000   0.00000000   0.00000000   0.00000000   0.00000000   0.00000000   0.00000000
[ 1,*]   0.00000000  -8.69667222   0.00000000   0.00000000   0.00000000   0.00000000   0.00000000   0.00000000   0.00000000   0.00000000
[ 2,*]   0.00000000   0.00000000  -5.82186852   0.00000000   0.00000000   0.00000000   0.00000000   0.00000000   0.00000000   0.00000000
[ 3,*]   0.00000000   0.00000000   0.00000000  -2.88821246   0.00000000   0.00000000   0.00000000   0.00000000   0.00000000   0.00000000
[ 4,*]   0.00000000   0.00000000   0.00000000   0.00000000  -1.99185114   0.00000000   0.00000000   0.00000000   0.00000000   0.00000000
[ 5,*]   0.00000000   0.00000000   0.00000000   0.00000000   0.00000000  -0.74868968   0.00000000   0.00000000   0.00000000   0.00000000
[ 6,*]   0.00000000   0.00000000   0.00000000   0.00000000   0.00000000   0.00000000  -0.24802171   0.00000000   0.00000000   0.00000000
[ 7,*]   0.00000000   0.00000000   0.00000000   0.00000000   0.00000000   0.00000000   0.00000000  -0.08887235   0.00000000   0.00000000
[ 8,*]   0.00000000   0.00000000   0.00000000   0.00000000   0.00000000   0.00000000   0.00000000   0.00000000  -0.04710685   0.00000000
[ 9,*]   0.00000000   0.00000000   0.00000000   0.00000000   0.00000000   0.00000000   0.00000000   0.00000000   0.00000000  -0.04248985

iteration 0 energy -1.588309e+01 norm 1.011738e+00 error 2.664975e-01
iteration 1 energy -1.645418e+01 norm 9.882301e-01 error 1.151458e-01
iteration 2 energy -1.654131e+01 norm 1.000833e+00 error 3.986023e-02
iteration 3 energy -1.655090e+01 norm 1.000601e+00 error 1.284980e-02
iteration 4 energy -1.655207e+01 norm 1.000265e+00 error 4.458212e-03
iteration 5 energy -1.655214e+01 norm 9.999843e-01 error 9.784338e-04
Final energy without shift:  -1.655214e+01
iteration 0 energy -9.911786e+00 norm 1.007895e+00 error 2.962230e-01
iteration 1 energy -1.018953e+01 norm 9.878522e-01 error 1.080952e-01
iteration 2 energy -1.023895e+01 norm 1.001974e+00 error 3.605876e-02
iteration 3 energy -1.024681e+01 norm 1.001263e+00 error 1.407115e-02
iteration 4 energy -1.024841e+01 norm 1.000466e+00 error 6.747243e-03
iteration 5 energy -1.024982e+01 norm 9.993167e-01 error 3.479005e-03
Final energy without shift:  -1.024982e+01
iteration 0 energy -8.295965e+00 norm 1.005458e+00 error 4.401356e-01
iteration 1 energy -9.383241e+00 norm 9.776227e-01 error 2.008488e-01
iteration 2 energy -9.700280e+00 norm 9.976938e-01 error 9.016650e-02
iteration 3 energy -9.763857e+00 norm 1.004501e+00 error 3.645839e-02
iteration 4 energy -9.768583e+00 norm 1.000366e+00 error 1.144956e-02
iteration 5 energy -9.769241e+00 norm 1.000824e+00 error 3.880659e-03
Final energy without shift:  -9.769241e+00
iteration 0 energy -6.879648e+00 norm 1.064179e+00 error 7.388064e-01
iteration 1 energy -8.424795e+00 norm 9.782920e-01 error 2.916185e-01
iteration 2 energy -9.006854e+00 norm 9.894540e-01 error 1.493336e-01
iteration 3 energy -9.187182e+00 norm 1.005728e+00 error 7.010011e-02
iteration 4 energy -9.212135e+00 norm 9.992490e-01 error 2.496856e-02
iteration 5 energy -9.216356e+00 norm 1.002357e+00 error 1.444628e-02
Final energy without shift:  -9.216356e+00
iteration 0 energy -4.306952e+00 norm 9.819672e-01 error 7.060571e-01
iteration 1 energy -4.900006e+00 norm 9.615095e-01 error 2.501765e-01
iteration 2 energy -5.150956e+00 norm 1.001559e+00 error 1.101803e-01
iteration 3 energy -5.217203e+00 norm 1.005697e+00 error 5.228883e-02
iteration 4 energy -5.214951e+00 norm 1.001905e+00 error 2.560119e-02
iteration 5 energy -5.215069e+00 norm 1.000665e+00 error 5.775990e-03
Final energy without shift:  -5.215069e+00
iteration 0 energy -2.627127e+00 norm 1.046879e+00 error 8.079872e-01
iteration 1 energy -5.655387e+00 norm 1.169233e+00 error 5.814970e-01
iteration 2 energy -6.876473e+00 norm 9.293935e-01 error 5.170173e-01
iteration 3 energy -6.463171e+00 norm 9.539359e-01 error 4.373310e-01
iteration 4 energy -6.225341e+00 norm 1.086610e+00 error 3.703856e-01
iteration 5 energy -6.207033e+00 norm 1.040995e+00 error 3.553387e-01
Final energy without shift:  -6.207033e+00
iteration 0 energy -1.839613e+00 norm 8.534922e-01 error 8.541931e-01
iteration 1 energy -4.753248e+00 norm 9.704008e-01 error 7.753950e-01
iteration 2 energy -5.091971e+00 norm 7.781598e-01 error 6.385643e-01
iteration 3 energy -7.436326e+00 norm 1.430588e+00 error 5.853200e-01
iteration 4 energy -7.185179e+00 norm 8.841229e-01 error 5.214251e-01
iteration 5 energy -9.391827e+00 norm 1.787099e+00 error 4.830984e-01
Final energy without shift:  -9.391827e+00
iteration 0 energy -7.587296e-01 norm 6.518031e-01 error 7.362799e-01
iteration 1 energy -2.158046e+00 norm 8.576912e-01 error 5.857868e-01
iteration 2 energy -3.164973e+00 norm 8.214658e-01 error 3.541477e-01
iteration 3 energy -3.727733e+00 norm 1.022935e+00 error 2.249487e-01
iteration 4 energy -3.772147e+00 norm 9.552787e-01 error 8.207416e-02
iteration 5 energy -3.820889e+00 norm 9.664649e-01 error 6.135102e-02
Final energy without shift:  -3.820889e+00
iteration 0 energy -8.454702e-01 norm 7.974732e-01 error 8.021289e-01
iteration 1 energy -5.195581e+00 norm 1.690293e+00 error 1.191614e+00
iteration 2 energy -4.158004e+00 norm 7.191637e-01 error 5.437910e-01
iteration 3 energy -4.716325e+00 norm 7.266781e-01 error 6.461758e-01
iteration 4 energy -3.123392e+00 norm 8.820427e-01 error 6.913528e-01
iteration 5 energy -5.760769e+00 norm 1.163244e+00 error 1.204937e+00
Final energy without shift:  -5.760769e+00
iteration 0 energy -3.514365e-01 norm 8.521707e-01 error 6.607210e-01
iteration 1 energy -2.084077e+00 norm 1.653346e+00 error 7.669973e-01
iteration 2 energy -2.536759e+00 norm 7.962466e-01 error 5.678320e-01
iteration 3 energy -2.619829e+00 norm 7.862770e-01 error 5.014607e-01
iteration 4 energy -2.393939e+00 norm 1.180077e+00 error 3.862595e-01
iteration 5 energy -2.013023e+00 norm 1.314683e+00 error 3.101113e-01
Final energy without shift:  -2.013023e+00
-1.655214e+01
-1.024982e+01
-9.769241e+00
-9.216356e+00
-5.215069e+00
-6.207033e+00
-9.391827e+00
-3.820889e+00
-5.760769e+00
-2.013023e+00
H: 
[ 0,*] -16.55213727  -0.04259863  -0.00000000  -0.20097799  -0.00000000  -5.37643433  10.62880465  -0.00000000   5.61666889   0.00000005
[ 1,*]  -0.04259863 -10.24981586   0.00000000   0.07803684   0.00000000   0.32272801  -2.21201136   0.00000000   4.93222468  -0.00000001
[ 2,*]   0.00000000  -0.00000000  -9.76924111   0.00000000  -0.01368947   0.00000000   0.00000000  -0.11812011   0.00000000  -1.72276869
[ 3,*]  -0.20097799   0.07803684   0.00000000  -9.21635555  -0.00000000  -0.13699240  -0.72209122  -0.00000000  -0.41185575   0.00000000
[ 4,*]  -0.00000000   0.00000000  -0.01368947  -0.00000000  -5.21506925  -0.00000000   0.00000000   0.09846824   0.00000000   0.03159844
[ 5,*]  -5.37643433   0.32272801   0.00000000  -0.13699240  -0.00000000  -6.20703275   4.15041526  -0.00000000   2.23958848   0.00000002
[ 6,*]  10.62880465  -2.21201136   0.00000000  -0.72209122   0.00000000   4.15041526  -9.39182672   0.00000000  -2.83318764  -0.00000003
[ 7,*]  -0.00000000   0.00000000  -0.11812011  -0.00000000   0.09846824  -0.00000000   0.00000000  -3.82088858   0.00000000   0.16595269
[ 8,*]   5.61666889   4.93222468   0.00000000  -0.41185575   0.00000000   2.23958848  -2.83318764   0.00000000  -5.76076948  -0.00000001
[ 9,*]   0.00000005  -0.00000001  -1.72276869   0.00000000   0.03159844   0.00000002  -0.00000003   0.16595269  -0.00000001  -2.01302327

dia_matrix: 
[ 0,*] -16.55213769   0.00000000   0.00000000   0.00000000   0.00000000   0.00000000   0.00000000   0.00000000   0.00000000   0.00000000
[ 1,*]   0.00000000 -10.25139286   0.00000000   0.00000000   0.00000000   0.00000000   0.00000000   0.00000000   0.00000000   0.00000000
[ 2,*]   0.00000000   0.00000000  -9.76927242   0.00000000   0.00000000   0.00000000   0.00000000   0.00000000   0.00000000   0.00000000
[ 3,*]   0.00000000   0.00000000   0.00000000  -9.21351384   0.00000000   0.00000000   0.00000000   0.00000000   0.00000000   0.00000000
[ 4,*]   0.00000000   0.00000000   0.00000000   0.00000000  -5.21588419   0.00000000   0.00000000   0.00000000   0.00000000   0.00000000
[ 5,*]   0.00000000   0.00000000   0.00000000   0.00000000   0.00000000  -5.09003885   0.00000000   0.00000000   0.00000000   0.00000000
[ 6,*]   0.00000000   0.00000000   0.00000000   0.00000000   0.00000000   0.00000000  -3.96253111   0.00000000   0.00000000   0.00000000
[ 7,*]   0.00000000   0.00000000   0.00000000   0.00000000   0.00000000   0.00000000   0.00000000  -3.82732734   0.00000000   0.00000000
[ 8,*]   0.00000000   0.00000000   0.00000000   0.00000000   0.00000000   0.00000000   0.00000000   0.00000000  -1.98218182   0.00000000
[ 9,*]   0.00000000   0.00000000   0.00000000   0.00000000   0.00000000   0.00000000   0.00000000   0.00000000   0.00000000  -1.74954907

Diagonalize
