8 active alpha orbitals and 8 active beta orbitals
GiveInitialOrbitals took 0 seconds
Calculate all integrals: 1 seconds
Orbital Multiplication: 0 seconds
      Active Space - One electron energy  -9.430900e+01
      Active Space - Two-electron energy  2.688522e+00
              AS-Core correlation energy  0.000000e+00
                       Total core energy  0.000000e+00
                Nuclear repulsion energy  0.000000e+00
                            Total energy  -9.162048e+01
CalculateEnergies took 0 seconds
---------------------------------------------------
Start iteration step: 0
CalculateLagrangeMultiplier took 0 seconds
Error of spin 0 active space orbital 0: 3.789534e-04
Error of spin 0 active space orbital 1: 2.070850e-03
Error of spin 0 active space orbital 2: 4.663095e-04
Error of spin 0 active space orbital 3: 2.235824e-03
Error of spin 0 active space orbital 4: 2.091614e-03
Error of spin 0 active space orbital 5: 4.683960e-03
Error of spin 0 active space orbital 6: 1.633657e-03
Error of spin 0 active space orbital 7: 2.321968e-02
Error of spin 1 active space orbital 0: 1.995393e-04
Error of spin 1 active space orbital 1: 3.111659e-04
Error of spin 1 active space orbital 2: 4.249511e-04
Error of spin 1 active space orbital 3: 1.163357e-03
Error of spin 1 active space orbital 4: 5.508007e-04
Error of spin 1 active space orbital 5: 6.076380e-04
Error of spin 1 active space orbital 6: 1.001346e-03
Error of spin 1 active space orbital 7: 1.159281e-02
Refinement timings:
rdm_ii_inv calculation: 0 seconds
one electron part: 0 seconds
AS two electron part: 6 seconds
Core-AS part: 0 seconds
BSH part: 0 seconds
Full function: 7 seconds
Get as orbital updates took 7 seconds
Highest as orbital error: 2.321968e-02
Update Integrals
Calculate all integrals: 1 seconds
Orbital Multiplication: 0 seconds
      Active Space - One electron energy  -9.431469e+01
      Active Space - Two-electron energy  2.687727e+00
              AS-Core correlation energy  0.000000e+00
                       Total core energy  0.000000e+00
                Nuclear repulsion energy  0.000000e+00
                            Total energy  -9.162696e+01
CalculateEnergies took 0 seconds
---------------------------------------------------
Start iteration step: 1
CalculateLagrangeMultiplier took 0 seconds
Error of spin 0 active space orbital 0: 2.399178e-04
Error of spin 0 active space orbital 1: 2.165619e-03
Error of spin 0 active space orbital 2: 3.519202e-04
Error of spin 0 active space orbital 3: 2.113127e-03
Error of spin 0 active space orbital 4: 1.315127e-03
Error of spin 0 active space orbital 5: 4.511992e-03
Error of spin 0 active space orbital 6: 9.304294e-04
Error of spin 0 active space orbital 7: 2.091034e-02
Error of spin 1 active space orbital 0: 1.974474e-04
Error of spin 1 active space orbital 1: 1.374522e-04
Error of spin 1 active space orbital 2: 2.756916e-04
Error of spin 1 active space orbital 3: 7.232671e-04
Error of spin 1 active space orbital 4: 3.202358e-04
Error of spin 1 active space orbital 5: 3.708572e-04
Error of spin 1 active space orbital 6: 6.602659e-04
Error of spin 1 active space orbital 7: 7.532114e-03
Refinement timings:
rdm_ii_inv calculation: 0 seconds
one electron part: 0 seconds
AS two electron part: 7 seconds
Core-AS part: 0 seconds
BSH part: 0 seconds
Full function: 7 seconds
Get as orbital updates took 7 seconds
Highest as orbital error: 2.091034e-02
Update Integrals
Calculate all integrals: 1 seconds
Orbital Multiplication: 0 seconds
      Active Space - One electron energy  -9.431975e+01
      Active Space - Two-electron energy  2.686953e+00
              AS-Core correlation energy  0.000000e+00
                       Total core energy  0.000000e+00
                Nuclear repulsion energy  0.000000e+00
                            Total energy  -9.163280e+01
CalculateEnergies took 0 seconds
---------------------------------------------------
Start iteration step: 2
CalculateLagrangeMultiplier took 0 seconds
Error of spin 0 active space orbital 0: 1.863151e-04
Error of spin 0 active space orbital 1: 2.115105e-03
Error of spin 0 active space orbital 2: 2.710531e-04
Error of spin 0 active space orbital 3: 2.062470e-03
Error of spin 0 active space orbital 4: 8.605059e-04
Error of spin 0 active space orbital 5: 4.303949e-03
Error of spin 0 active space orbital 6: 5.571416e-04
Error of spin 0 active space orbital 7: 1.941256e-02
Error of spin 1 active space orbital 0: 1.977270e-04
Error of spin 1 active space orbital 1: 1.104265e-04
Error of spin 1 active space orbital 2: 1.809963e-04
Error of spin 1 active space orbital 3: 4.858760e-04
Error of spin 1 active space orbital 4: 1.967282e-04
Error of spin 1 active space orbital 5: 2.650508e-04
Error of spin 1 active space orbital 6: 5.414968e-04
Error of spin 1 active space orbital 7: 5.331417e-03
Refinement timings:
rdm_ii_inv calculation: 0 seconds
one electron part: 0 seconds
AS two electron part: 7 seconds
Core-AS part: 0 seconds
BSH part: 0 seconds
Full function: 7 seconds
Get as orbital updates took 7 seconds
Highest as orbital error: 1.941256e-02
Update Integrals
Calculate all integrals: 1 seconds
Orbital Multiplication: 0 seconds
      Active Space - One electron energy  -9.432433e+01
      Active Space - Two-electron energy  2.686221e+00
              AS-Core correlation energy  0.000000e+00
                       Total core energy  0.000000e+00
                Nuclear repulsion energy  0.000000e+00
                            Total energy  -9.163811e+01
CalculateEnergies took 0 seconds
---------------------------------------------------
Start iteration step: 3
CalculateLagrangeMultiplier took 0 seconds
Error of spin 0 active space orbital 0: 1.528708e-04
Error of spin 0 active space orbital 1: 2.026129e-03
Error of spin 0 active space orbital 2: 2.042318e-04
Error of spin 0 active space orbital 3: 2.025411e-03
Error of spin 0 active space orbital 4: 5.882225e-04
Error of spin 0 active space orbital 5: 4.087667e-03
Error of spin 0 active space orbital 6: 3.773981e-04
Error of spin 0 active space orbital 7: 1.829287e-02
Error of spin 1 active space orbital 0: 1.983613e-04
Error of spin 1 active space orbital 1: 1.000106e-04
Error of spin 1 active space orbital 2: 1.218532e-04
Error of spin 1 active space orbital 3: 3.441403e-04
Error of spin 1 active space orbital 4: 1.372359e-04
Error of spin 1 active space orbital 5: 2.164234e-04
Error of spin 1 active space orbital 6: 4.886887e-04
Error of spin 1 active space orbital 7: 4.139779e-03
Refinement timings:
rdm_ii_inv calculation: 0 seconds
one electron part: 0 seconds
AS two electron part: 7 seconds
Core-AS part: 0 seconds
BSH part: 0 seconds
Full function: 7 seconds
Get as orbital updates took 7 seconds
Highest as orbital error: 1.829287e-02
Update Integrals
Calculate all integrals: 1 seconds
Orbital Multiplication: 0 seconds
      Active Space - One electron energy  -9.432853e+01
      Active Space - Two-electron energy  2.685538e+00
              AS-Core correlation energy  0.000000e+00
                       Total core energy  0.000000e+00
                Nuclear repulsion energy  0.000000e+00
                            Total energy  -9.164299e+01
CalculateEnergies took 0 seconds
---------------------------------------------------
Start iteration step: 4
CalculateLagrangeMultiplier took 0 seconds
Error of spin 0 active space orbital 0: 1.258817e-04
Error of spin 0 active space orbital 1: 1.926589e-03
Error of spin 0 active space orbital 2: 1.507343e-04
Error of spin 0 active space orbital 3: 1.983777e-03
Error of spin 0 active space orbital 4: 4.247947e-04
Error of spin 0 active space orbital 5: 3.876491e-03
Error of spin 0 active space orbital 6: 3.048366e-04
Error of spin 0 active space orbital 7: 1.737687e-02
Error of spin 1 active space orbital 0: 1.995289e-04
Error of spin 1 active space orbital 1: 8.883805e-05
Error of spin 1 active space orbital 2: 8.593058e-05
Error of spin 1 active space orbital 3: 2.538247e-04
Error of spin 1 active space orbital 4: 1.174326e-04
Error of spin 1 active space orbital 5: 1.912812e-04
Error of spin 1 active space orbital 6: 4.604502e-04
Error of spin 1 active space orbital 7: 3.485105e-03
Refinement timings:
rdm_ii_inv calculation: 0 seconds
one electron part: 0 seconds
AS two electron part: 7 seconds
Core-AS part: 0 seconds
BSH part: 0 seconds
Full function: 7 seconds
Get as orbital updates took 7 seconds
Highest as orbital error: 1.737687e-02
Update Integrals
Calculate all integrals: 1 seconds
Orbital Multiplication: 0 seconds
      Active Space - One electron energy  -9.433240e+01
      Active Space - Two-electron energy  2.684907e+00
              AS-Core correlation energy  0.000000e+00
                       Total core energy  0.000000e+00
                Nuclear repulsion energy  0.000000e+00
                            Total energy  -9.164749e+01
CalculateEnergies took 0 seconds
Calculate all integrals: 1 seconds
Orbital Multiplication: 0 seconds
      Active Space - One electron energy  -9.433240e+01
      Active Space - Two-electron energy  2.684907e+00
              AS-Core correlation energy  0.000000e+00
                       Total core energy  0.000000e+00
                Nuclear repulsion energy  0.000000e+00
                            Total energy  -9.164749e+01
CalculateEnergies took 0 seconds
Norm spin: 0 as orb 0:1.000000e+00
Norm spin: 0 as orb 1:1.000000e+00
Norm spin: 0 as orb 2:1.000000e+00
Norm spin: 0 as orb 3:1.000000e+00
Norm spin: 0 as orb 4:1.000000e+00
Norm spin: 0 as orb 5:1.000000e+00
Norm spin: 0 as orb 6:1.000000e+00
Norm spin: 0 as orb 7:1.000000e+00
Norm spin: 1 as orb 0:1.000000e+00
Norm spin: 1 as orb 1:1.000000e+00
Norm spin: 1 as orb 2:1.000000e+00
Norm spin: 1 as orb 3:1.000000e+00
Norm spin: 1 as orb 4:1.000000e+00
Norm spin: 1 as orb 5:1.000000e+00
Norm spin: 1 as orb 6:1.000000e+00
Norm spin: 1 as orb 7:1.000000e+00
