8 active alpha orbitals and 8 active beta orbitals
GiveInitialOrbitals took 0 seconds
Calculate all integrals: 1 seconds
Orbital Multiplication: 0 seconds
      Active Space - One electron energy  -9.041565e+01
      Active Space - Two-electron energy  2.649983e+00
              AS-Core correlation energy  0.000000e+00
                       Total core energy  0.000000e+00
                Nuclear repulsion energy  0.000000e+00
                            Total energy  -8.776566e+01
CalculateEnergies took 0 seconds
---------------------------------------------------
Start iteration step: 0
CalculateLagrangeMultiplier took 0 seconds
Error of spin 0 active space orbital 0: 3.109801e-05
Error of spin 0 active space orbital 1: 5.240604e-04
Error of spin 0 active space orbital 2: 5.282519e-05
Error of spin 0 active space orbital 3: 9.693677e-04
Error of spin 0 active space orbital 4: 2.678587e-03
Error of spin 0 active space orbital 5: 8.017081e-05
Error of spin 0 active space orbital 6: 1.851645e-03
Error of spin 0 active space orbital 7: 9.988774e-05
Error of spin 1 active space orbital 0: 3.342694e-05
Error of spin 1 active space orbital 1: 1.750682e-05
Error of spin 1 active space orbital 2: 3.412459e-05
Error of spin 1 active space orbital 3: 4.786178e-05
Error of spin 1 active space orbital 4: 4.155035e-05
Error of spin 1 active space orbital 5: 4.659396e-05
Error of spin 1 active space orbital 6: 8.422009e-05
Error of spin 1 active space orbital 7: 7.653632e-04
Refinement timings:
rdm_ii_inv calculation: 0 seconds
one electron part: 0 seconds
AS two electron part: 7 seconds
Core-AS part: 0 seconds
BSH part: 0 seconds
Full function: 7 seconds
Get as orbital updates took 7 seconds
Highest as orbital error: 2.678587e-03
Update Integrals
Calculate all integrals: 1 seconds
Orbital Multiplication: 0 seconds
      Active Space - One electron energy  -9.041619e+01
      Active Space - Two-electron energy  2.649833e+00
              AS-Core correlation energy  0.000000e+00
                       Total core energy  0.000000e+00
                Nuclear repulsion energy  0.000000e+00
                            Total energy  -8.776636e+01
CalculateEnergies took 0 seconds
---------------------------------------------------
Start iteration step: 1
CalculateLagrangeMultiplier took 0 seconds
Error of spin 0 active space orbital 0: 2.087281e-05
Error of spin 0 active space orbital 1: 5.141708e-04
Error of spin 0 active space orbital 2: 4.059499e-05
Error of spin 0 active space orbital 3: 9.476642e-04
Error of spin 0 active space orbital 4: 2.606853e-03
Error of spin 0 active space orbital 5: 5.208733e-05
Error of spin 0 active space orbital 6: 1.818440e-03
Error of spin 0 active space orbital 7: 8.241655e-05
Error of spin 1 active space orbital 0: 2.484183e-05
Error of spin 1 active space orbital 1: 9.132796e-06
Error of spin 1 active space orbital 2: 1.623545e-05
Error of spin 1 active space orbital 3: 2.471275e-05
Error of spin 1 active space orbital 4: 2.986128e-05
Error of spin 1 active space orbital 5: 3.173206e-05
Error of spin 1 active space orbital 6: 4.641700e-05
Error of spin 1 active space orbital 7: 5.832185e-04
Refinement timings:
rdm_ii_inv calculation: 0 seconds
one electron part: 0 seconds
AS two electron part: 7 seconds
Core-AS part: 0 seconds
BSH part: 0 seconds
Full function: 7 seconds
Get as orbital updates took 7 seconds
Highest as orbital error: 2.606853e-03
Update Integrals
Calculate all integrals: 1 seconds
Orbital Multiplication: 0 seconds
      Active Space - One electron energy  -9.041675e+01
      Active Space - Two-electron energy  2.649691e+00
              AS-Core correlation energy  0.000000e+00
                       Total core energy  0.000000e+00
                Nuclear repulsion energy  0.000000e+00
                            Total energy  -8.776706e+01
CalculateEnergies took 0 seconds
---------------------------------------------------
Start iteration step: 2
CalculateLagrangeMultiplier took 0 seconds
Error of spin 0 active space orbital 0: 1.557783e-05
Error of spin 0 active space orbital 1: 5.040602e-04
Error of spin 0 active space orbital 2: 3.801025e-05
Error of spin 0 active space orbital 3: 9.275154e-04
Error of spin 0 active space orbital 4: 2.541605e-03
Error of spin 0 active space orbital 5: 4.425802e-05
Error of spin 0 active space orbital 6: 1.786220e-03
Error of spin 0 active space orbital 7: 7.738089e-05
Error of spin 1 active space orbital 0: 2.072562e-05
Error of spin 1 active space orbital 1: 8.109952e-06
Error of spin 1 active space orbital 2: 1.048592e-05
Error of spin 1 active space orbital 3: 1.730449e-05
Error of spin 1 active space orbital 4: 2.847121e-05
Error of spin 1 active space orbital 5: 2.827569e-05
Error of spin 1 active space orbital 6: 3.591079e-05
Error of spin 1 active space orbital 7: 4.757343e-04
Refinement timings:
rdm_ii_inv calculation: 0 seconds
one electron part: 0 seconds
AS two electron part: 7 seconds
Core-AS part: 0 seconds
BSH part: 0 seconds
Full function: 7 seconds
Get as orbital updates took 7 seconds
Highest as orbital error: 2.541605e-03
Update Integrals
Calculate all integrals: 1 seconds
Orbital Multiplication: 0 seconds
      Active Space - One electron energy  -9.041730e+01
      Active Space - Two-electron energy  2.649556e+00
              AS-Core correlation energy  0.000000e+00
                       Total core energy  0.000000e+00
                Nuclear repulsion energy  0.000000e+00
                            Total energy  -8.776774e+01
CalculateEnergies took 0 seconds
---------------------------------------------------
Start iteration step: 3
CalculateLagrangeMultiplier took 0 seconds
Error of spin 0 active space orbital 0: 1.270439e-05
Error of spin 0 active space orbital 1: 4.939403e-04
Error of spin 0 active space orbital 2: 3.896135e-05
Error of spin 0 active space orbital 3: 9.080630e-04
Error of spin 0 active space orbital 4: 2.481429e-03
Error of spin 0 active space orbital 5: 4.408592e-05
Error of spin 0 active space orbital 6: 1.753909e-03
Error of spin 0 active space orbital 7: 7.555758e-05
Error of spin 1 active space orbital 0: 1.902339e-05
Error of spin 1 active space orbital 1: 8.855049e-06
Error of spin 1 active space orbital 2: 1.095152e-05
Error of spin 1 active space orbital 3: 1.637818e-05
Error of spin 1 active space orbital 4: 2.844907e-05
Error of spin 1 active space orbital 5: 2.789605e-05
Error of spin 1 active space orbital 6: 3.448272e-05
Error of spin 1 active space orbital 7: 4.032420e-04
Refinement timings:
rdm_ii_inv calculation: 0 seconds
one electron part: 0 seconds
AS two electron part: 7 seconds
Core-AS part: 0 seconds
BSH part: 0 seconds
Full function: 7 seconds
Get as orbital updates took 7 seconds
Highest as orbital error: 2.481429e-03
Update Integrals
Calculate all integrals: 1 seconds
Orbital Multiplication: 0 seconds
      Active Space - One electron energy  -9.041783e+01
      Active Space - Two-electron energy  2.649425e+00
              AS-Core correlation energy  0.000000e+00
                       Total core energy  0.000000e+00
                Nuclear repulsion energy  0.000000e+00
                            Total energy  -8.776841e+01
CalculateEnergies took 0 seconds
---------------------------------------------------
Start iteration step: 4
CalculateLagrangeMultiplier took 0 seconds
Error of spin 0 active space orbital 0: 1.115946e-05
Error of spin 0 active space orbital 1: 4.839014e-04
Error of spin 0 active space orbital 2: 4.100178e-05
Error of spin 0 active space orbital 3: 8.891276e-04
Error of spin 0 active space orbital 4: 2.425260e-03
Error of spin 0 active space orbital 5: 4.563672e-05
Error of spin 0 active space orbital 6: 1.721463e-03
Error of spin 0 active space orbital 7: 7.448499e-05
Error of spin 1 active space orbital 0: 1.865730e-05
Error of spin 1 active space orbital 1: 9.446625e-06
Error of spin 1 active space orbital 2: 1.221258e-05
Error of spin 1 active space orbital 3: 1.687972e-05
Error of spin 1 active space orbital 4: 2.829823e-05
Error of spin 1 active space orbital 5: 2.806853e-05
Error of spin 1 active space orbital 6: 3.540036e-05
Error of spin 1 active space orbital 7: 3.492291e-04
Refinement timings:
rdm_ii_inv calculation: 0 seconds
one electron part: 0 seconds
AS two electron part: 7 seconds
Core-AS part: 0 seconds
BSH part: 0 seconds
Full function: 7 seconds
Get as orbital updates took 7 seconds
Highest as orbital error: 2.425260e-03
Update Integrals
Calculate all integrals: 1 seconds
Orbital Multiplication: 0 seconds
      Active Space - One electron energy  -9.041836e+01
      Active Space - Two-electron energy  2.649299e+00
              AS-Core correlation energy  0.000000e+00
                       Total core energy  0.000000e+00
                Nuclear repulsion energy  0.000000e+00
                            Total energy  -8.776906e+01
CalculateEnergies took 0 seconds
Calculate all integrals: 1 seconds
Orbital Multiplication: 0 seconds
      Active Space - One electron energy  -9.041836e+01
      Active Space - Two-electron energy  2.649299e+00
              AS-Core correlation energy  0.000000e+00
                       Total core energy  0.000000e+00
                Nuclear repulsion energy  0.000000e+00
                            Total energy  -8.776906e+01
CalculateEnergies took 0 seconds
Norm spin: 0 as orb 0:1.000000e+00
Norm spin: 0 as orb 1:1.000000e+00
Norm spin: 0 as orb 2:1.000000e+00
Norm spin: 0 as orb 3:1.000000e+00
Norm spin: 0 as orb 4:1.000000e+00
Norm spin: 0 as orb 5:1.000000e+00
Norm spin: 0 as orb 6:1.000000e+00
Norm spin: 0 as orb 7:1.000000e+00
Norm spin: 1 as orb 0:1.000000e+00
Norm spin: 1 as orb 1:1.000000e+00
Norm spin: 1 as orb 2:1.000000e+00
Norm spin: 1 as orb 3:1.000000e+00
Norm spin: 1 as orb 4:1.000000e+00
Norm spin: 1 as orb 5:1.000000e+00
Norm spin: 1 as orb 6:1.000000e+00
Norm spin: 1 as orb 7:1.000000e+00
