8 active alpha orbitals and 8 active beta orbitals
GiveInitialOrbitals took 0 seconds
Calculate all integrals: 1 seconds
Orbital Multiplication: 0 seconds
      Active Space - One electron energy  -7.977719e+01
      Active Space - Two-electron energy  2.904029e+00
              AS-Core correlation energy  0.000000e+00
                       Total core energy  0.000000e+00
                Nuclear repulsion energy  0.000000e+00
                            Total energy  -7.687316e+01
CalculateEnergies took 0 seconds
---------------------------------------------------
Start iteration step: 0
CalculateLagrangeMultiplier took 0 seconds
Error of spin 0 active space orbital 0: 8.424014e-03
Error of spin 0 active space orbital 1: 1.135313e-03
Error of spin 0 active space orbital 2: 2.598463e-03
Error of spin 0 active space orbital 3: 8.580030e-04
Error of spin 0 active space orbital 4: 2.987591e-03
Error of spin 0 active space orbital 5: 4.766677e-03
Error of spin 0 active space orbital 6: 9.864432e-03
Error of spin 0 active space orbital 7: 2.063634e-02
Error of spin 1 active space orbital 0: 1.801364e-03
Error of spin 1 active space orbital 1: 3.956460e-04
Error of spin 1 active space orbital 2: 7.933148e-04
Error of spin 1 active space orbital 3: 4.703309e-03
Error of spin 1 active space orbital 4: 2.980578e-03
Error of spin 1 active space orbital 5: 2.287391e-02
Error of spin 1 active space orbital 6: 2.039585e-02
Error of spin 1 active space orbital 7: 2.003246e-02
Refinement timings:
rdm_ii_inv calculation: 0 seconds
one electron part: 0 seconds
AS two electron part: 6 seconds
Core-AS part: 0 seconds
BSH part: 0 seconds
Full function: 6 seconds
Get as orbital updates took 6 seconds
Highest as orbital error: 2.287391e-02
Update Integrals
Calculate all integrals: 1 seconds
Orbital Multiplication: 0 seconds
      Active Space - One electron energy  -7.976950e+01
      Active Space - Two-electron energy  2.898262e+00
              AS-Core correlation energy  0.000000e+00
                       Total core energy  0.000000e+00
                Nuclear repulsion energy  0.000000e+00
                            Total energy  -7.687123e+01
CalculateEnergies took 0 seconds
---------------------------------------------------
Start iteration step: 1
CalculateLagrangeMultiplier took 0 seconds
Error of spin 0 active space orbital 0: 7.194415e-03
Error of spin 0 active space orbital 1: 8.308069e-04
Error of spin 0 active space orbital 2: 2.191589e-03
Error of spin 0 active space orbital 3: 8.048369e-04
Error of spin 0 active space orbital 4: 2.094996e-03
Error of spin 0 active space orbital 5: 4.551107e-03
Error of spin 0 active space orbital 6: 6.348274e-03
Error of spin 0 active space orbital 7: 1.601114e-02
Error of spin 1 active space orbital 0: 1.675887e-03
Error of spin 1 active space orbital 1: 9.012717e-04
Error of spin 1 active space orbital 2: 5.681765e-04
Error of spin 1 active space orbital 3: 3.953476e-03
Error of spin 1 active space orbital 4: 1.330988e-03
Error of spin 1 active space orbital 5: 1.836794e-02
Error of spin 1 active space orbital 6: 1.653577e-02
Error of spin 1 active space orbital 7: 9.699967e-03
Refinement timings:
rdm_ii_inv calculation: 0 seconds
one electron part: 0 seconds
AS two electron part: 6 seconds
Core-AS part: 0 seconds
BSH part: 0 seconds
Full function: 6 seconds
Get as orbital updates took 6 seconds
Highest as orbital error: 1.836794e-02
Update Integrals
Calculate all integrals: 1 seconds
Orbital Multiplication: 0 seconds
      Active Space - One electron energy  -7.976332e+01
      Active Space - Two-electron energy  2.893644e+00
              AS-Core correlation energy  0.000000e+00
                       Total core energy  0.000000e+00
                Nuclear repulsion energy  0.000000e+00
                            Total energy  -7.686968e+01
CalculateEnergies took 0 seconds
---------------------------------------------------
Start iteration step: 2
CalculateLagrangeMultiplier took 0 seconds
Error of spin 0 active space orbital 0: 6.144759e-03
Error of spin 0 active space orbital 1: 5.901654e-04
Error of spin 0 active space orbital 2: 1.777176e-03
Error of spin 0 active space orbital 3: 7.724640e-04
Error of spin 0 active space orbital 4: 1.526701e-03
Error of spin 0 active space orbital 5: 4.425134e-03
Error of spin 0 active space orbital 6: 4.519859e-03
Error of spin 0 active space orbital 7: 1.306703e-02
Error of spin 1 active space orbital 0: 1.462821e-03
Error of spin 1 active space orbital 1: 7.583288e-04
Error of spin 1 active space orbital 2: 4.472594e-04
Error of spin 1 active space orbital 3: 3.415621e-03
Error of spin 1 active space orbital 4: 7.935420e-04
Error of spin 1 active space orbital 5: 1.507087e-02
Error of spin 1 active space orbital 6: 1.398141e-02
Error of spin 1 active space orbital 7: 5.822464e-03
Refinement timings:
rdm_ii_inv calculation: 0 seconds
one electron part: 0 seconds
AS two electron part: 6 seconds
Core-AS part: 0 seconds
BSH part: 0 seconds
Full function: 6 seconds
Get as orbital updates took 6 seconds
Highest as orbital error: 1.507087e-02
Update Integrals
Calculate all integrals: 1 seconds
Orbital Multiplication: 0 seconds
      Active Space - One electron energy  -7.975811e+01
      Active Space - Two-electron energy  2.889879e+00
              AS-Core correlation energy  0.000000e+00
                       Total core energy  0.000000e+00
                Nuclear repulsion energy  0.000000e+00
                            Total energy  -7.686824e+01
CalculateEnergies took 0 seconds
---------------------------------------------------
Start iteration step: 3
CalculateLagrangeMultiplier took 0 seconds
Error of spin 0 active space orbital 0: 5.255265e-03
Error of spin 0 active space orbital 1: 4.171675e-04
Error of spin 0 active space orbital 2: 1.444201e-03
Error of spin 0 active space orbital 3: 7.180907e-04
Error of spin 0 active space orbital 4: 1.154077e-03
Error of spin 0 active space orbital 5: 4.213376e-03
Error of spin 0 active space orbital 6: 3.480097e-03
Error of spin 0 active space orbital 7: 1.089809e-02
Error of spin 1 active space orbital 0: 1.263771e-03
Error of spin 1 active space orbital 1: 5.766884e-04
Error of spin 1 active space orbital 2: 3.598465e-04
Error of spin 1 active space orbital 3: 2.955855e-03
Error of spin 1 active space orbital 4: 6.643505e-04
Error of spin 1 active space orbital 5: 1.251102e-02
Error of spin 1 active space orbital 6: 1.196814e-02
Error of spin 1 active space orbital 7: 4.403775e-03
Refinement timings:
rdm_ii_inv calculation: 0 seconds
one electron part: 0 seconds
AS two electron part: 6 seconds
Core-AS part: 0 seconds
BSH part: 0 seconds
Full function: 6 seconds
Get as orbital updates took 6 seconds
Highest as orbital error: 1.251102e-02
Update Integrals
Calculate all integrals: 1 seconds
Orbital Multiplication: 0 seconds
      Active Space - One electron energy  -7.975359e+01
      Active Space - Two-electron energy  2.886765e+00
              AS-Core correlation energy  0.000000e+00
                       Total core energy  0.000000e+00
                Nuclear repulsion energy  0.000000e+00
                            Total energy  -7.686682e+01
CalculateEnergies took 0 seconds
---------------------------------------------------
Start iteration step: 4
CalculateLagrangeMultiplier took 0 seconds
Error of spin 0 active space orbital 0: 4.502286e-03
Error of spin 0 active space orbital 1: 3.020209e-04
Error of spin 0 active space orbital 2: 1.184898e-03
Error of spin 0 active space orbital 3: 6.517935e-04
Error of spin 0 active space orbital 4: 9.012525e-04
Error of spin 0 active space orbital 5: 3.927757e-03
Error of spin 0 active space orbital 6: 2.821961e-03
Error of spin 0 active space orbital 7: 9.209154e-03
Error of spin 1 active space orbital 0: 1.087554e-03
Error of spin 1 active space orbital 1: 4.303859e-04
Error of spin 1 active space orbital 2: 2.962006e-04
Error of spin 1 active space orbital 3: 2.553944e-03
Error of spin 1 active space orbital 4: 6.388190e-04
Error of spin 1 active space orbital 5: 1.047759e-02
Error of spin 1 active space orbital 6: 1.026934e-02
Error of spin 1 active space orbital 7: 3.769921e-03
Refinement timings:
rdm_ii_inv calculation: 0 seconds
one electron part: 0 seconds
AS two electron part: 6 seconds
Core-AS part: 0 seconds
BSH part: 0 seconds
Full function: 6 seconds
Get as orbital updates took 6 seconds
Highest as orbital error: 1.047759e-02
Update Integrals
Calculate all integrals: 1 seconds
Orbital Multiplication: 0 seconds
      Active Space - One electron energy  -7.974959e+01
      Active Space - Two-electron energy  2.884161e+00
              AS-Core correlation energy  0.000000e+00
                       Total core energy  0.000000e+00
                Nuclear repulsion energy  0.000000e+00
                            Total energy  -7.686543e+01
CalculateEnergies took 0 seconds
Calculate all integrals: 1 seconds
Orbital Multiplication: 0 seconds
      Active Space - One electron energy  -7.974959e+01
      Active Space - Two-electron energy  2.884161e+00
              AS-Core correlation energy  0.000000e+00
                       Total core energy  0.000000e+00
                Nuclear repulsion energy  0.000000e+00
                            Total energy  -7.686543e+01
CalculateEnergies took 0 seconds
Norm spin: 0 as orb 0:1.000000e+00
Norm spin: 0 as orb 1:1.000000e+00
Norm spin: 0 as orb 2:1.000000e+00
Norm spin: 0 as orb 3:1.000000e+00
Norm spin: 0 as orb 4:1.000000e+00
Norm spin: 0 as orb 5:1.000000e+00
Norm spin: 0 as orb 6:1.000000e+00
Norm spin: 0 as orb 7:1.000000e+00
Norm spin: 1 as orb 0:1.000000e+00
Norm spin: 1 as orb 1:1.000000e+00
Norm spin: 1 as orb 2:1.000000e+00
Norm spin: 1 as orb 3:1.000000e+00
Norm spin: 1 as orb 4:1.000000e+00
Norm spin: 1 as orb 5:1.000000e+00
Norm spin: 1 as orb 6:1.000000e+00
Norm spin: 1 as orb 7:1.000000e+00
