8 active alpha orbitals and 8 active beta orbitals
GiveInitialOrbitals took 0 seconds
Calculate all integrals: 1 seconds
Orbital Multiplication: 0 seconds
      Active Space - One electron energy  -9.437607e+01
      Active Space - Two-electron energy  2.678167e+00
              AS-Core correlation energy  0.000000e+00
                       Total core energy  0.000000e+00
                Nuclear repulsion energy  0.000000e+00
                            Total energy  -9.169790e+01
CalculateEnergies took 0 seconds
---------------------------------------------------
Start iteration step: 0
CalculateLagrangeMultiplier took 0 seconds
Error of spin 0 active space orbital 0: 6.495313e-05
Error of spin 0 active space orbital 1: 9.590202e-04
Error of spin 0 active space orbital 2: 1.103504e-04
Error of spin 0 active space orbital 3: 1.329721e-03
Error of spin 0 active space orbital 4: 2.247079e-04
Error of spin 0 active space orbital 5: 5.410072e-03
Error of spin 0 active space orbital 6: 2.090425e-04
Error of spin 0 active space orbital 7: 4.185821e-03
Error of spin 1 active space orbital 0: 5.396535e-05
Error of spin 1 active space orbital 1: 3.700373e-05
Error of spin 1 active space orbital 2: 7.733566e-05
Error of spin 1 active space orbital 3: 1.083802e-04
Error of spin 1 active space orbital 4: 1.122953e-04
Error of spin 1 active space orbital 5: 8.389216e-05
Error of spin 1 active space orbital 6: 1.610157e-04
Error of spin 1 active space orbital 7: 1.801601e-03
Refinement timings:
rdm_ii_inv calculation: 0 seconds
one electron part: 0 seconds
AS two electron part: 6 seconds
Core-AS part: 0 seconds
BSH part: 0 seconds
Full function: 7 seconds
Get as orbital updates took 7 seconds
Highest as orbital error: 5.410072e-03
Update Integrals
Calculate all integrals: 1 seconds
Orbital Multiplication: 0 seconds
      Active Space - One electron energy  -9.437722e+01
      Active Space - Two-electron energy  2.677845e+00
              AS-Core correlation energy  0.000000e+00
                       Total core energy  0.000000e+00
                Nuclear repulsion energy  0.000000e+00
                            Total energy  -9.169938e+01
CalculateEnergies took 0 seconds
---------------------------------------------------
Start iteration step: 1
CalculateLagrangeMultiplier took 0 seconds
Error of spin 0 active space orbital 0: 4.276961e-05
Error of spin 0 active space orbital 1: 9.388836e-04
Error of spin 0 active space orbital 2: 6.601317e-05
Error of spin 0 active space orbital 3: 1.291090e-03
Error of spin 0 active space orbital 4: 1.488424e-04
Error of spin 0 active space orbital 5: 5.177530e-03
Error of spin 0 active space orbital 6: 1.558938e-04
Error of spin 0 active space orbital 7: 4.119251e-03
Error of spin 1 active space orbital 0: 3.491416e-05
Error of spin 1 active space orbital 1: 1.554926e-05
Error of spin 1 active space orbital 2: 3.875350e-05
Error of spin 1 active space orbital 3: 5.810745e-05
Error of spin 1 active space orbital 4: 7.351537e-05
Error of spin 1 active space orbital 5: 6.008837e-05
Error of spin 1 active space orbital 6: 7.014902e-05
Error of spin 1 active space orbital 7: 1.296573e-03
Refinement timings:
rdm_ii_inv calculation: 0 seconds
one electron part: 0 seconds
AS two electron part: 7 seconds
Core-AS part: 0 seconds
BSH part: 0 seconds
Full function: 7 seconds
Get as orbital updates took 7 seconds
Highest as orbital error: 5.177530e-03
Update Integrals
Calculate all integrals: 1 seconds
Orbital Multiplication: 0 seconds
      Active Space - One electron energy  -9.437839e+01
      Active Space - Two-electron energy  2.677544e+00
              AS-Core correlation energy  0.000000e+00
                       Total core energy  0.000000e+00
                Nuclear repulsion energy  0.000000e+00
                            Total energy  -9.170085e+01
CalculateEnergies took 0 seconds
---------------------------------------------------
Start iteration step: 2
CalculateLagrangeMultiplier took 0 seconds
Error of spin 0 active space orbital 0: 3.148382e-05
Error of spin 0 active space orbital 1: 9.175748e-04
Error of spin 0 active space orbital 2: 4.281837e-05
Error of spin 0 active space orbital 3: 1.256049e-03
Error of spin 0 active space orbital 4: 1.130659e-04
Error of spin 0 active space orbital 5: 4.980268e-03
Error of spin 0 active space orbital 6: 1.389806e-04
Error of spin 0 active space orbital 7: 4.044348e-03
Error of spin 1 active space orbital 0: 2.459776e-05
Error of spin 1 active space orbital 1: 1.248111e-05
Error of spin 1 active space orbital 2: 1.973037e-05
Error of spin 1 active space orbital 3: 4.042349e-05
Error of spin 1 active space orbital 4: 5.722466e-05
Error of spin 1 active space orbital 5: 5.828612e-05
Error of spin 1 active space orbital 6: 5.409916e-05
Error of spin 1 active space orbital 7: 9.920591e-04
Refinement timings:
rdm_ii_inv calculation: 0 seconds
one electron part: 0 seconds
AS two electron part: 7 seconds
Core-AS part: 0 seconds
BSH part: 0 seconds
Full function: 7 seconds
Get as orbital updates took 7 seconds
Highest as orbital error: 4.980268e-03
Update Integrals
Calculate all integrals: 1 seconds
Orbital Multiplication: 0 seconds
      Active Space - One electron energy  -9.437953e+01
      Active Space - Two-electron energy  2.677257e+00
              AS-Core correlation energy  0.000000e+00
                       Total core energy  0.000000e+00
                Nuclear repulsion energy  0.000000e+00
                            Total energy  -9.170227e+01
CalculateEnergies took 0 seconds
---------------------------------------------------
Start iteration step: 3
CalculateLagrangeMultiplier took 0 seconds
Error of spin 0 active space orbital 0: 2.500101e-05
Error of spin 0 active space orbital 1: 8.956259e-04
Error of spin 0 active space orbital 2: 3.518566e-05
Error of spin 0 active space orbital 3: 1.222375e-03
Error of spin 0 active space orbital 4: 9.828236e-05
Error of spin 0 active space orbital 5: 4.807461e-03
Error of spin 0 active space orbital 6: 1.335998e-04
Error of spin 0 active space orbital 7: 3.963532e-03
Error of spin 1 active space orbital 0: 2.444758e-05
Error of spin 1 active space orbital 1: 1.472794e-05
Error of spin 1 active space orbital 2: 1.467205e-05
Error of spin 1 active space orbital 3: 3.568201e-05
Error of spin 1 active space orbital 4: 5.087013e-05
Error of spin 1 active space orbital 5: 5.862072e-05
Error of spin 1 active space orbital 6: 6.375183e-05
Error of spin 1 active space orbital 7: 7.904311e-04
Refinement timings:
rdm_ii_inv calculation: 0 seconds
one electron part: 0 seconds
AS two electron part: 7 seconds
Core-AS part: 0 seconds
BSH part: 0 seconds
Full function: 7 seconds
Get as orbital updates took 7 seconds
Highest as orbital error: 4.807461e-03
Update Integrals
Calculate all integrals: 1 seconds
Orbital Multiplication: 0 seconds
      Active Space - One electron energy  -9.438063e+01
      Active Space - Two-electron energy  2.676983e+00
              AS-Core correlation energy  0.000000e+00
                       Total core energy  0.000000e+00
                Nuclear repulsion energy  0.000000e+00
                            Total energy  -9.170365e+01
CalculateEnergies took 0 seconds
---------------------------------------------------
Start iteration step: 4
CalculateLagrangeMultiplier took 0 seconds
Error of spin 0 active space orbital 0: 2.116609e-05
Error of spin 0 active space orbital 1: 8.734146e-04
Error of spin 0 active space orbital 2: 3.776007e-05
Error of spin 0 active space orbital 3: 1.189654e-03
Error of spin 0 active space orbital 4: 9.350007e-05
Error of spin 0 active space orbital 5: 4.652647e-03
Error of spin 0 active space orbital 6: 1.311165e-04
Error of spin 0 active space orbital 7: 3.879020e-03
Error of spin 1 active space orbital 0: 2.923735e-05
Error of spin 1 active space orbital 1: 1.648451e-05
Error of spin 1 active space orbital 2: 1.607355e-05
Error of spin 1 active space orbital 3: 3.443032e-05
Error of spin 1 active space orbital 4: 4.869589e-05
Error of spin 1 active space orbital 5: 5.800767e-05
Error of spin 1 active space orbital 6: 7.485799e-05
Error of spin 1 active space orbital 7: 6.472161e-04
Refinement timings:
rdm_ii_inv calculation: 0 seconds
one electron part: 0 seconds
AS two electron part: 7 seconds
Core-AS part: 0 seconds
BSH part: 0 seconds
Full function: 7 seconds
Get as orbital updates took 7 seconds
Highest as orbital error: 4.652647e-03
Update Integrals
Calculate all integrals: 1 seconds
Orbital Multiplication: 0 seconds
      Active Space - One electron energy  -9.438170e+01
      Active Space - Two-electron energy  2.676720e+00
              AS-Core correlation energy  0.000000e+00
                       Total core energy  0.000000e+00
                Nuclear repulsion energy  0.000000e+00
                            Total energy  -9.170498e+01
CalculateEnergies took 0 seconds
Calculate all integrals: 1 seconds
Orbital Multiplication: 0 seconds
      Active Space - One electron energy  -9.438170e+01
      Active Space - Two-electron energy  2.676720e+00
              AS-Core correlation energy  0.000000e+00
                       Total core energy  0.000000e+00
                Nuclear repulsion energy  0.000000e+00
                            Total energy  -9.170498e+01
CalculateEnergies took 0 seconds
Norm spin: 0 as orb 0:1.000000e+00
Norm spin: 0 as orb 1:1.000000e+00
Norm spin: 0 as orb 2:1.000000e+00
Norm spin: 0 as orb 3:1.000000e+00
Norm spin: 0 as orb 4:1.000000e+00
Norm spin: 0 as orb 5:1.000000e+00
Norm spin: 0 as orb 6:1.000000e+00
Norm spin: 0 as orb 7:1.000000e+00
Norm spin: 1 as orb 0:1.000000e+00
Norm spin: 1 as orb 1:1.000000e+00
Norm spin: 1 as orb 2:1.000000e+00
Norm spin: 1 as orb 3:1.000000e+00
Norm spin: 1 as orb 4:1.000000e+00
Norm spin: 1 as orb 5:1.000000e+00
Norm spin: 1 as orb 6:1.000000e+00
Norm spin: 1 as orb 7:1.000000e+00
