8 active alpha orbitals and 8 active beta orbitals
GiveInitialOrbitals took 0 seconds
Calculate all integrals: 1 seconds
Orbital Multiplication: 0 seconds
      Active Space - One electron energy  -9.039754e+01
      Active Space - Two-electron energy  2.652222e+00
              AS-Core correlation energy  0.000000e+00
                       Total core energy  0.000000e+00
                Nuclear repulsion energy  0.000000e+00
                            Total energy  -8.774532e+01
CalculateEnergies took 0 seconds
---------------------------------------------------
Start iteration step: 0
CalculateLagrangeMultiplier took 0 seconds
Error of spin 0 active space orbital 0: 4.696139e-05
Error of spin 0 active space orbital 1: 7.478357e-04
Error of spin 0 active space orbital 2: 7.484978e-05
Error of spin 0 active space orbital 3: 1.181829e-03
Error of spin 0 active space orbital 4: 1.401484e-04
Error of spin 0 active space orbital 5: 3.947457e-03
Error of spin 0 active space orbital 6: 2.954389e-03
Error of spin 0 active space orbital 7: 1.482609e-04
Error of spin 1 active space orbital 0: 4.124910e-05
Error of spin 1 active space orbital 1: 2.663494e-05
Error of spin 1 active space orbital 2: 5.223842e-05
Error of spin 1 active space orbital 3: 7.388779e-05
Error of spin 1 active space orbital 4: 5.803775e-05
Error of spin 1 active space orbital 5: 7.434379e-05
Error of spin 1 active space orbital 6: 1.143772e-04
Error of spin 1 active space orbital 7: 1.185515e-03
Refinement timings:
rdm_ii_inv calculation: 0 seconds
one electron part: 0 seconds
AS two electron part: 7 seconds
Core-AS part: 0 seconds
BSH part: 0 seconds
Full function: 7 seconds
Get as orbital updates took 7 seconds
Highest as orbital error: 3.947457e-03
Update Integrals
Calculate all integrals: 1 seconds
Orbital Multiplication: 0 seconds
      Active Space - One electron energy  -9.039838e+01
      Active Space - Two-electron energy  2.651998e+00
              AS-Core correlation energy  0.000000e+00
                       Total core energy  0.000000e+00
                Nuclear repulsion energy  0.000000e+00
                            Total energy  -8.774638e+01
CalculateEnergies took 0 seconds
---------------------------------------------------
Start iteration step: 1
CalculateLagrangeMultiplier took 0 seconds
Error of spin 0 active space orbital 0: 3.090547e-05
Error of spin 0 active space orbital 1: 7.325150e-04
Error of spin 0 active space orbital 2: 4.970577e-05
Error of spin 0 active space orbital 3: 1.153394e-03
Error of spin 0 active space orbital 4: 9.041150e-05
Error of spin 0 active space orbital 5: 3.813141e-03
Error of spin 0 active space orbital 6: 2.896642e-03
Error of spin 0 active space orbital 7: 1.176580e-04
Error of spin 1 active space orbital 0: 2.625043e-05
Error of spin 1 active space orbital 1: 1.301917e-05
Error of spin 1 active space orbital 2: 2.404315e-05
Error of spin 1 active space orbital 3: 3.748534e-05
Error of spin 1 active space orbital 4: 4.135988e-05
Error of spin 1 active space orbital 5: 4.887486e-05
Error of spin 1 active space orbital 6: 4.721716e-05
Error of spin 1 active space orbital 7: 8.833746e-04
Refinement timings:
rdm_ii_inv calculation: 0 seconds
one electron part: 0 seconds
AS two electron part: 7 seconds
Core-AS part: 0 seconds
BSH part: 0 seconds
Full function: 7 seconds
Get as orbital updates took 7 seconds
Highest as orbital error: 3.813141e-03
Update Integrals
Calculate all integrals: 1 seconds
Orbital Multiplication: 0 seconds
      Active Space - One electron energy  -9.039922e+01
      Active Space - Two-electron energy  2.651788e+00
              AS-Core correlation energy  0.000000e+00
                       Total core energy  0.000000e+00
                Nuclear repulsion energy  0.000000e+00
                            Total energy  -8.774744e+01
CalculateEnergies took 0 seconds
---------------------------------------------------
Start iteration step: 2
CalculateLagrangeMultiplier took 0 seconds
Error of spin 0 active space orbital 0: 2.272096e-05
Error of spin 0 active space orbital 1: 7.162190e-04
Error of spin 0 active space orbital 2: 4.157990e-05
Error of spin 0 active space orbital 3: 1.126621e-03
Error of spin 0 active space orbital 4: 7.156946e-05
Error of spin 0 active space orbital 5: 3.694736e-03
Error of spin 0 active space orbital 6: 2.839083e-03
Error of spin 0 active space orbital 7: 1.090448e-04
Error of spin 1 active space orbital 0: 1.885932e-05
Error of spin 1 active space orbital 1: 1.130439e-05
Error of spin 1 active space orbital 2: 1.276796e-05
Error of spin 1 active space orbital 3: 2.571558e-05
Error of spin 1 active space orbital 4: 4.069738e-05
Error of spin 1 active space orbital 5: 4.108487e-05
Error of spin 1 active space orbital 6: 3.215427e-05
Error of spin 1 active space orbital 7: 7.045757e-04
Refinement timings:
rdm_ii_inv calculation: 0 seconds
one electron part: 0 seconds
AS two electron part: 7 seconds
Core-AS part: 0 seconds
BSH part: 0 seconds
Full function: 7 seconds
Get as orbital updates took 7 seconds
Highest as orbital error: 3.694736e-03
Update Integrals
Calculate all integrals: 1 seconds
Orbital Multiplication: 0 seconds
      Active Space - One electron energy  -9.040006e+01
      Active Space - Two-electron energy  2.651587e+00
              AS-Core correlation energy  0.000000e+00
                       Total core energy  0.000000e+00
                Nuclear repulsion energy  0.000000e+00
                            Total energy  -8.774847e+01
CalculateEnergies took 0 seconds
---------------------------------------------------
Start iteration step: 3
CalculateLagrangeMultiplier took 0 seconds
Error of spin 0 active space orbital 0: 1.820301e-05
Error of spin 0 active space orbital 1: 6.996522e-04
Error of spin 0 active space orbital 2: 4.188489e-05
Error of spin 0 active space orbital 3: 1.100377e-03
Error of spin 0 active space orbital 4: 6.682946e-05
Error of spin 0 active space orbital 5: 3.587963e-03
Error of spin 0 active space orbital 6: 2.780808e-03
Error of spin 0 active space orbital 7: 1.061775e-04
Error of spin 1 active space orbital 0: 1.790438e-05
Error of spin 1 active space orbital 1: 1.247467e-05
Error of spin 1 active space orbital 2: 1.262753e-05
Error of spin 1 active space orbital 3: 2.393340e-05
Error of spin 1 active space orbital 4: 4.137823e-05
Error of spin 1 active space orbital 5: 3.916710e-05
Error of spin 1 active space orbital 6: 3.793818e-05
Error of spin 1 active space orbital 7: 5.849217e-04
Refinement timings:
rdm_ii_inv calculation: 0 seconds
one electron part: 0 seconds
AS two electron part: 7 seconds
Core-AS part: 0 seconds
BSH part: 0 seconds
Full function: 7 seconds
Get as orbital updates took 7 seconds
Highest as orbital error: 3.587963e-03
Update Integrals
Calculate all integrals: 1 seconds
Orbital Multiplication: 0 seconds
      Active Space - One electron energy  -9.040087e+01
      Active Space - Two-electron energy  2.651394e+00
              AS-Core correlation energy  0.000000e+00
                       Total core energy  0.000000e+00
                Nuclear repulsion energy  0.000000e+00
                            Total energy  -8.774947e+01
CalculateEnergies took 0 seconds
---------------------------------------------------
Start iteration step: 4
CalculateLagrangeMultiplier took 0 seconds
Error of spin 0 active space orbital 0: 1.568346e-05
Error of spin 0 active space orbital 1: 6.831280e-04
Error of spin 0 active space orbital 2: 4.521445e-05
Error of spin 0 active space orbital 3: 1.074559e-03
Error of spin 0 active space orbital 4: 6.703565e-05
Error of spin 0 active space orbital 5: 3.490061e-03
Error of spin 0 active space orbital 6: 2.722121e-03
Error of spin 0 active space orbital 7: 1.045834e-04
Error of spin 1 active space orbital 0: 2.028474e-05
Error of spin 1 active space orbital 1: 1.337435e-05
Error of spin 1 active space orbital 2: 1.478752e-05
Error of spin 1 active space orbital 3: 2.433420e-05
Error of spin 1 active space orbital 4: 4.131877e-05
Error of spin 1 active space orbital 5: 3.885298e-05
Error of spin 1 active space orbital 6: 4.562877e-05
Error of spin 1 active space orbital 7: 4.971338e-04
Refinement timings:
rdm_ii_inv calculation: 0 seconds
one electron part: 0 seconds
AS two electron part: 7 seconds
Core-AS part: 0 seconds
BSH part: 0 seconds
Full function: 7 seconds
Get as orbital updates took 7 seconds
Highest as orbital error: 3.490061e-03
Update Integrals
Calculate all integrals: 1 seconds
Orbital Multiplication: 0 seconds
      Active Space - One electron energy  -9.040166e+01
      Active Space - Two-electron energy  2.651208e+00
              AS-Core correlation energy  0.000000e+00
                       Total core energy  0.000000e+00
                Nuclear repulsion energy  0.000000e+00
                            Total energy  -8.775045e+01
CalculateEnergies took 0 seconds
Calculate all integrals: 1 seconds
Orbital Multiplication: 0 seconds
      Active Space - One electron energy  -9.040166e+01
      Active Space - Two-electron energy  2.651208e+00
              AS-Core correlation energy  0.000000e+00
                       Total core energy  0.000000e+00
                Nuclear repulsion energy  0.000000e+00
                            Total energy  -8.775045e+01
CalculateEnergies took 0 seconds
Norm spin: 0 as orb 0:1.000000e+00
Norm spin: 0 as orb 1:1.000000e+00
Norm spin: 0 as orb 2:1.000000e+00
Norm spin: 0 as orb 3:1.000000e+00
Norm spin: 0 as orb 4:1.000000e+00
Norm spin: 0 as orb 5:1.000000e+00
Norm spin: 0 as orb 6:1.000000e+00
Norm spin: 0 as orb 7:1.000000e+00
Norm spin: 1 as orb 0:1.000000e+00
Norm spin: 1 as orb 1:1.000000e+00
Norm spin: 1 as orb 2:1.000000e+00
Norm spin: 1 as orb 3:1.000000e+00
Norm spin: 1 as orb 4:1.000000e+00
Norm spin: 1 as orb 5:1.000000e+00
Norm spin: 1 as orb 6:1.000000e+00
Norm spin: 1 as orb 7:1.000000e+00
