8 active alpha orbitals and 8 active beta orbitals
GiveInitialOrbitals took 0 seconds
Calculate all integrals: 1 seconds
Orbital Multiplication: 0 seconds
      Active Space - One electron energy  -1.064007e+02
      Active Space - Two-electron energy  2.747259e+00
              AS-Core correlation energy  0.000000e+00
                       Total core energy  0.000000e+00
                Nuclear repulsion energy  0.000000e+00
                            Total energy  -1.036534e+02
CalculateEnergies took 0 seconds
---------------------------------------------------
Start iteration step: 0
CalculateLagrangeMultiplier took 0 seconds
Error of spin 0 active space orbital 0: 1.199496e-04
Error of spin 0 active space orbital 1: 1.383884e-03
Error of spin 0 active space orbital 2: 2.428423e-04
Error of spin 0 active space orbital 3: 1.536612e-03
Error of spin 0 active space orbital 4: 5.302805e-04
Error of spin 0 active space orbital 5: 7.852536e-03
Error of spin 0 active space orbital 6: 4.303916e-04
Error of spin 0 active space orbital 7: 7.073053e-03
Error of spin 1 active space orbital 0: 1.274857e-04
Error of spin 1 active space orbital 1: 8.316925e-05
Error of spin 1 active space orbital 2: 1.546333e-04
Error of spin 1 active space orbital 3: 2.568698e-04
Error of spin 1 active space orbital 4: 2.358161e-04
Error of spin 1 active space orbital 5: 1.935536e-04
Error of spin 1 active space orbital 6: 3.681786e-04
Error of spin 1 active space orbital 7: 4.076105e-03
Refinement timings:
rdm_ii_inv calculation: 0 seconds
one electron part: 0 seconds
AS two electron part: 6 seconds
Core-AS part: 0 seconds
BSH part: 0 seconds
Full function: 7 seconds
Get as orbital updates took 7 seconds
Highest as orbital error: 7.852536e-03
Update Integrals
Calculate all integrals: 1 seconds
Orbital Multiplication: 0 seconds
      Active Space - One electron energy  -1.064025e+02
      Active Space - Two-electron energy  2.746715e+00
              AS-Core correlation energy  0.000000e+00
                       Total core energy  0.000000e+00
                Nuclear repulsion energy  0.000000e+00
                            Total energy  -1.036558e+02
CalculateEnergies took 0 seconds
---------------------------------------------------
Start iteration step: 1
CalculateLagrangeMultiplier took 0 seconds
Error of spin 0 active space orbital 0: 8.954458e-05
Error of spin 0 active space orbital 1: 1.302621e-03
Error of spin 0 active space orbital 2: 1.705648e-04
Error of spin 0 active space orbital 3: 1.442570e-03
Error of spin 0 active space orbital 4: 3.686753e-04
Error of spin 0 active space orbital 5: 7.379975e-03
Error of spin 0 active space orbital 6: 2.934369e-04
Error of spin 0 active space orbital 7: 7.000228e-03
Error of spin 1 active space orbital 0: 1.147399e-04
Error of spin 1 active space orbital 1: 4.237240e-05
Error of spin 1 active space orbital 2: 9.587955e-05
Error of spin 1 active space orbital 3: 1.693035e-04
Error of spin 1 active space orbital 4: 1.587051e-04
Error of spin 1 active space orbital 5: 1.367857e-04
Error of spin 1 active space orbital 6: 2.641549e-04
Error of spin 1 active space orbital 7: 2.802140e-03
Refinement timings:
rdm_ii_inv calculation: 0 seconds
one electron part: 0 seconds
AS two electron part: 6 seconds
Core-AS part: 0 seconds
BSH part: 0 seconds
Full function: 7 seconds
Get as orbital updates took 7 seconds
Highest as orbital error: 7.379975e-03
Update Integrals
Calculate all integrals: 1 seconds
Orbital Multiplication: 0 seconds
      Active Space - One electron energy  -1.064043e+02
      Active Space - Two-electron energy  2.746217e+00
              AS-Core correlation energy  0.000000e+00
                       Total core energy  0.000000e+00
                Nuclear repulsion energy  0.000000e+00
                            Total energy  -1.036581e+02
CalculateEnergies took 0 seconds
---------------------------------------------------
Start iteration step: 2
CalculateLagrangeMultiplier took 0 seconds
Error of spin 0 active space orbital 0: 7.171763e-05
Error of spin 0 active space orbital 1: 1.248846e-03
Error of spin 0 active space orbital 2: 1.210403e-04
Error of spin 0 active space orbital 3: 1.374849e-03
Error of spin 0 active space orbital 4: 2.715482e-04
Error of spin 0 active space orbital 5: 6.999988e-03
Error of spin 0 active space orbital 6: 2.277862e-04
Error of spin 0 active space orbital 7: 6.887789e-03
Error of spin 1 active space orbital 0: 1.049518e-04
Error of spin 1 active space orbital 1: 2.900987e-05
Error of spin 1 active space orbital 2: 6.106098e-05
Error of spin 1 active space orbital 3: 1.250209e-04
Error of spin 1 active space orbital 4: 1.128986e-04
Error of spin 1 active space orbital 5: 1.167476e-04
Error of spin 1 active space orbital 6: 2.358896e-04
Error of spin 1 active space orbital 7: 2.001966e-03
Refinement timings:
rdm_ii_inv calculation: 0 seconds
one electron part: 0 seconds
AS two electron part: 7 seconds
Core-AS part: 0 seconds
BSH part: 0 seconds
Full function: 7 seconds
Get as orbital updates took 7 seconds
Highest as orbital error: 6.999988e-03
Update Integrals
Calculate all integrals: 1 seconds
Orbital Multiplication: 0 seconds
      Active Space - One electron energy  -1.064061e+02
      Active Space - Two-electron energy  2.745750e+00
              AS-Core correlation energy  0.000000e+00
                       Total core energy  0.000000e+00
                Nuclear repulsion energy  0.000000e+00
                            Total energy  -1.036603e+02
CalculateEnergies took 0 seconds
---------------------------------------------------
Start iteration step: 3
CalculateLagrangeMultiplier took 0 seconds
Error of spin 0 active space orbital 0: 5.912034e-05
Error of spin 0 active space orbital 1: 1.206405e-03
Error of spin 0 active space orbital 2: 8.575531e-05
Error of spin 0 active space orbital 3: 1.319161e-03
Error of spin 0 active space orbital 4: 2.120445e-04
Error of spin 0 active space orbital 5: 6.681169e-03
Error of spin 0 active space orbital 6: 1.974640e-04
Error of spin 0 active space orbital 7: 6.754131e-03
Error of spin 1 active space orbital 0: 1.008576e-04
Error of spin 1 active space orbital 1: 2.558474e-05
Error of spin 1 active space orbital 2: 4.143721e-05
Error of spin 1 active space orbital 3: 9.955357e-05
Error of spin 1 active space orbital 4: 8.626025e-05
Error of spin 1 active space orbital 5: 1.076597e-04
Error of spin 1 active space orbital 6: 2.281718e-04
Error of spin 1 active space orbital 7: 1.476811e-03
Refinement timings:
rdm_ii_inv calculation: 0 seconds
one electron part: 0 seconds
AS two electron part: 7 seconds
Core-AS part: 0 seconds
BSH part: 0 seconds
Full function: 7 seconds
Get as orbital updates took 7 seconds
Highest as orbital error: 6.754131e-03
Update Integrals
Calculate all integrals: 1 seconds
Orbital Multiplication: 0 seconds
      Active Space - One electron energy  -1.064078e+02
      Active Space - Two-electron energy  2.745309e+00
              AS-Core correlation energy  0.000000e+00
                       Total core energy  0.000000e+00
                Nuclear repulsion energy  0.000000e+00
                            Total energy  -1.036625e+02
CalculateEnergies took 0 seconds
---------------------------------------------------
Start iteration step: 4
CalculateLagrangeMultiplier took 0 seconds
Error of spin 0 active space orbital 0: 4.954077e-05
Error of spin 0 active space orbital 1: 1.169205e-03
Error of spin 0 active space orbital 2: 6.204914e-05
Error of spin 0 active space orbital 3: 1.270194e-03
Error of spin 0 active space orbital 4: 1.757462e-04
Error of spin 0 active space orbital 5: 6.405869e-03
Error of spin 0 active space orbital 6: 1.825164e-04
Error of spin 0 active space orbital 7: 6.608268e-03
Error of spin 1 active space orbital 0: 1.002470e-04
Error of spin 1 active space orbital 1: 2.509144e-05
Error of spin 1 active space orbital 2: 3.154753e-05
Error of spin 1 active space orbital 3: 8.313186e-05
Error of spin 1 active space orbital 4: 7.201100e-05
Error of spin 1 active space orbital 5: 1.013304e-04
Error of spin 1 active space orbital 6: 2.257103e-04
Error of spin 1 active space orbital 7: 1.125131e-03
Refinement timings:
rdm_ii_inv calculation: 0 seconds
one electron part: 0 seconds
AS two electron part: 7 seconds
Core-AS part: 0 seconds
BSH part: 0 seconds
Full function: 7 seconds
Get as orbital updates took 7 seconds
Highest as orbital error: 6.608268e-03
Update Integrals
Calculate all integrals: 1 seconds
Orbital Multiplication: 0 seconds
      Active Space - One electron energy  -1.064094e+02
      Active Space - Two-electron energy  2.744890e+00
              AS-Core correlation energy  0.000000e+00
                       Total core energy  0.000000e+00
                Nuclear repulsion energy  0.000000e+00
                            Total energy  -1.036645e+02
CalculateEnergies took 0 seconds
Calculate all integrals: 1 seconds
Orbital Multiplication: 0 seconds
      Active Space - One electron energy  -1.064094e+02
      Active Space - Two-electron energy  2.744890e+00
              AS-Core correlation energy  0.000000e+00
                       Total core energy  0.000000e+00
                Nuclear repulsion energy  0.000000e+00
                            Total energy  -1.036645e+02
CalculateEnergies took 0 seconds
Norm spin: 0 as orb 0:1.000000e+00
Norm spin: 0 as orb 1:1.000000e+00
Norm spin: 0 as orb 2:1.000000e+00
Norm spin: 0 as orb 3:1.000000e+00
Norm spin: 0 as orb 4:1.000000e+00
Norm spin: 0 as orb 5:1.000000e+00
Norm spin: 0 as orb 6:1.000000e+00
Norm spin: 0 as orb 7:1.000000e+00
Norm spin: 1 as orb 0:1.000000e+00
Norm spin: 1 as orb 1:1.000000e+00
Norm spin: 1 as orb 2:1.000000e+00
Norm spin: 1 as orb 3:1.000000e+00
Norm spin: 1 as orb 4:1.000000e+00
Norm spin: 1 as orb 5:1.000000e+00
Norm spin: 1 as orb 6:1.000000e+00
Norm spin: 1 as orb 7:1.000000e+00
