8 active alpha orbitals and 8 active beta orbitals
GiveInitialOrbitals took 0 seconds
Calculate all integrals: 1 seconds
Orbital Multiplication: 0 seconds
      Active Space - One electron energy  -7.959930e+01
      Active Space - Two-electron energy  3.578777e+00
              AS-Core correlation energy  0.000000e+00
                       Total core energy  0.000000e+00
                Nuclear repulsion energy  0.000000e+00
                            Total energy  -7.602053e+01
CalculateEnergies took 0 seconds
---------------------------------------------------
Start iteration step: 0
CalculateLagrangeMultiplier took 0 seconds
Error of spin 0 active space orbital 0: 4.892117e-04
Error of spin 0 active space orbital 1: 3.617617e-03
Error of spin 0 active space orbital 2: 1.475005e-03
Error of spin 0 active space orbital 3: 3.992554e-04
Error of spin 0 active space orbital 4: 8.202042e-04
Error of spin 0 active space orbital 5: 5.811472e-03
Error of spin 0 active space orbital 6: 1.334863e-03
Error of spin 0 active space orbital 7: 3.477231e-03
Error of spin 1 active space orbital 0: 4.893195e-04
Error of spin 1 active space orbital 1: 3.617605e-03
Error of spin 1 active space orbital 2: 1.475004e-03
Error of spin 1 active space orbital 3: 3.992541e-04
Error of spin 1 active space orbital 4: 8.202025e-04
Error of spin 1 active space orbital 5: 5.811459e-03
Error of spin 1 active space orbital 6: 1.334871e-03
Error of spin 1 active space orbital 7: 3.477231e-03
Refinement timings:
rdm_ii_inv calculation: 0 seconds
one electron part: 0 seconds
AS two electron part: 6 seconds
Core-AS part: 0 seconds
BSH part: 0 seconds
Full function: 6 seconds
Get as orbital updates took 6 seconds
Highest as orbital error: 5.811472e-03
Update Integrals
Calculate all integrals: 1 seconds
Orbital Multiplication: 0 seconds
      Active Space - One electron energy  -7.960479e+01
      Active Space - Two-electron energy  3.578772e+00
              AS-Core correlation energy  0.000000e+00
                       Total core energy  0.000000e+00
                Nuclear repulsion energy  0.000000e+00
                            Total energy  -7.602602e+01
CalculateEnergies took 0 seconds
---------------------------------------------------
Start iteration step: 1
CalculateLagrangeMultiplier took 0 seconds
Error of spin 0 active space orbital 0: 4.775685e-04
Error of spin 0 active space orbital 1: 3.417797e-03
Error of spin 0 active space orbital 2: 1.438533e-03
Error of spin 0 active space orbital 3: 3.268225e-04
Error of spin 0 active space orbital 4: 7.749172e-04
Error of spin 0 active space orbital 5: 5.004105e-03
Error of spin 0 active space orbital 6: 1.187559e-03
Error of spin 0 active space orbital 7: 3.026591e-03
Error of spin 1 active space orbital 0: 4.776682e-04
Error of spin 1 active space orbital 1: 3.417782e-03
Error of spin 1 active space orbital 2: 1.438532e-03
Error of spin 1 active space orbital 3: 3.268214e-04
Error of spin 1 active space orbital 4: 7.749151e-04
Error of spin 1 active space orbital 5: 5.004099e-03
Error of spin 1 active space orbital 6: 1.187568e-03
Error of spin 1 active space orbital 7: 3.026591e-03
Refinement timings:
rdm_ii_inv calculation: 0 seconds
one electron part: 0 seconds
AS two electron part: 6 seconds
Core-AS part: 0 seconds
BSH part: 0 seconds
Full function: 6 seconds
Get as orbital updates took 6 seconds
Highest as orbital error: 5.004105e-03
Update Integrals
Calculate all integrals: 1 seconds
Orbital Multiplication: 0 seconds
      Active Space - One electron energy  -7.960932e+01
      Active Space - Two-electron energy  3.578699e+00
              AS-Core correlation energy  0.000000e+00
                       Total core energy  0.000000e+00
                Nuclear repulsion energy  0.000000e+00
                            Total energy  -7.603062e+01
CalculateEnergies took 0 seconds
---------------------------------------------------
Start iteration step: 2
CalculateLagrangeMultiplier took 0 seconds
Error of spin 0 active space orbital 0: 4.339570e-04
Error of spin 0 active space orbital 1: 3.140614e-03
Error of spin 0 active space orbital 2: 1.337652e-03
Error of spin 0 active space orbital 3: 2.950275e-04
Error of spin 0 active space orbital 4: 7.369099e-04
Error of spin 0 active space orbital 5: 4.416279e-03
Error of spin 0 active space orbital 6: 1.060658e-03
Error of spin 0 active space orbital 7: 2.685141e-03
Error of spin 1 active space orbital 0: 4.340493e-04
Error of spin 1 active space orbital 1: 3.140601e-03
Error of spin 1 active space orbital 2: 1.337652e-03
Error of spin 1 active space orbital 3: 2.950265e-04
Error of spin 1 active space orbital 4: 7.369076e-04
Error of spin 1 active space orbital 5: 4.416274e-03
Error of spin 1 active space orbital 6: 1.060667e-03
Error of spin 1 active space orbital 7: 2.685141e-03
Refinement timings:
rdm_ii_inv calculation: 0 seconds
one electron part: 0 seconds
AS two electron part: 6 seconds
Core-AS part: 0 seconds
BSH part: 0 seconds
Full function: 6 seconds
Get as orbital updates took 6 seconds
Highest as orbital error: 4.416279e-03
Update Integrals
Calculate all integrals: 1 seconds
Orbital Multiplication: 0 seconds
      Active Space - One electron energy  -7.961317e+01
      Active Space - Two-electron energy  3.578613e+00
              AS-Core correlation energy  0.000000e+00
                       Total core energy  0.000000e+00
                Nuclear repulsion energy  0.000000e+00
                            Total energy  -7.603456e+01
CalculateEnergies took 0 seconds
---------------------------------------------------
Start iteration step: 3
CalculateLagrangeMultiplier took 0 seconds
Error of spin 0 active space orbital 0: 3.905106e-04
Error of spin 0 active space orbital 1: 2.857328e-03
Error of spin 0 active space orbital 2: 1.222346e-03
Error of spin 0 active space orbital 3: 2.723381e-04
Error of spin 0 active space orbital 4: 6.937026e-04
Error of spin 0 active space orbital 5: 3.936233e-03
Error of spin 0 active space orbital 6: 9.494765e-04
Error of spin 0 active space orbital 7: 2.398595e-03
Error of spin 1 active space orbital 0: 3.905952e-04
Error of spin 1 active space orbital 1: 2.857317e-03
Error of spin 1 active space orbital 2: 1.222345e-03
Error of spin 1 active space orbital 3: 2.723371e-04
Error of spin 1 active space orbital 4: 6.937008e-04
Error of spin 1 active space orbital 5: 3.936229e-03
Error of spin 1 active space orbital 6: 9.494853e-04
Error of spin 1 active space orbital 7: 2.398595e-03
Refinement timings:
rdm_ii_inv calculation: 0 seconds
one electron part: 0 seconds
AS two electron part: 6 seconds
Core-AS part: 0 seconds
BSH part: 0 seconds
Full function: 7 seconds
Get as orbital updates took 7 seconds
Highest as orbital error: 3.936233e-03
Update Integrals
Calculate all integrals: 1 seconds
Orbital Multiplication: 0 seconds
      Active Space - One electron energy  -7.961648e+01
      Active Space - Two-electron energy  3.578531e+00
              AS-Core correlation energy  0.000000e+00
                       Total core energy  0.000000e+00
                Nuclear repulsion energy  0.000000e+00
                            Total energy  -7.603795e+01
CalculateEnergies took 0 seconds
---------------------------------------------------
Start iteration step: 4
CalculateLagrangeMultiplier took 0 seconds
Error of spin 0 active space orbital 0: 3.509622e-04
Error of spin 0 active space orbital 1: 2.588200e-03
Error of spin 0 active space orbital 2: 1.107947e-03
Error of spin 0 active space orbital 3: 2.514286e-04
Error of spin 0 active space orbital 4: 6.465921e-04
Error of spin 0 active space orbital 5: 3.527258e-03
Error of spin 0 active space orbital 6: 8.514075e-04
Error of spin 0 active space orbital 7: 2.149392e-03
Error of spin 1 active space orbital 0: 3.510392e-04
Error of spin 1 active space orbital 1: 2.588190e-03
Error of spin 1 active space orbital 2: 1.107946e-03
Error of spin 1 active space orbital 3: 2.514278e-04
Error of spin 1 active space orbital 4: 6.465903e-04
Error of spin 1 active space orbital 5: 3.527256e-03
Error of spin 1 active space orbital 6: 8.514154e-04
Error of spin 1 active space orbital 7: 2.149392e-03
Refinement timings:
rdm_ii_inv calculation: 0 seconds
one electron part: 0 seconds
AS two electron part: 6 seconds
Core-AS part: 0 seconds
BSH part: 0 seconds
Full function: 6 seconds
Get as orbital updates took 6 seconds
Highest as orbital error: 3.527258e-03
Update Integrals
Calculate all integrals: 1 seconds
Orbital Multiplication: 0 seconds
      Active Space - One electron energy  -7.961934e+01
      Active Space - Two-electron energy  3.578458e+00
              AS-Core correlation energy  0.000000e+00
                       Total core energy  0.000000e+00
                Nuclear repulsion energy  0.000000e+00
                            Total energy  -7.604088e+01
CalculateEnergies took 0 seconds
Calculate all integrals: 1 seconds
Orbital Multiplication: 0 seconds
      Active Space - One electron energy  -7.961934e+01
      Active Space - Two-electron energy  3.578458e+00
              AS-Core correlation energy  0.000000e+00
                       Total core energy  0.000000e+00
                Nuclear repulsion energy  0.000000e+00
                            Total energy  -7.604088e+01
CalculateEnergies took 0 seconds
Norm spin: 0 as orb 0:1.000000e+00
Norm spin: 0 as orb 1:1.000000e+00
Norm spin: 0 as orb 2:1.000000e+00
Norm spin: 0 as orb 3:1.000000e+00
Norm spin: 0 as orb 4:1.000000e+00
Norm spin: 0 as orb 5:1.000000e+00
Norm spin: 0 as orb 6:1.000000e+00
Norm spin: 0 as orb 7:1.000000e+00
Norm spin: 1 as orb 0:1.000000e+00
Norm spin: 1 as orb 1:1.000000e+00
Norm spin: 1 as orb 2:1.000000e+00
Norm spin: 1 as orb 3:1.000000e+00
Norm spin: 1 as orb 4:1.000000e+00
Norm spin: 1 as orb 5:1.000000e+00
Norm spin: 1 as orb 6:1.000000e+00
Norm spin: 1 as orb 7:1.000000e+00
