8 active alpha orbitals and 8 active beta orbitals
GiveInitialOrbitals took 0 seconds
Calculate all integrals: 1 seconds
Orbital Multiplication: 0 seconds
      Active Space - One electron energy  -9.443073e+01
      Active Space - Two-electron energy  2.671739e+00
              AS-Core correlation energy  0.000000e+00
                       Total core energy  0.000000e+00
                Nuclear repulsion energy  0.000000e+00
                            Total energy  -9.175899e+01
CalculateEnergies took 0 seconds
---------------------------------------------------
Start iteration step: 0
CalculateLagrangeMultiplier took 0 seconds
Error of spin 0 active space orbital 0: 1.917227e-05
Error of spin 0 active space orbital 1: 3.489258e-04
Error of spin 0 active space orbital 2: 3.136635e-05
Error of spin 0 active space orbital 3: 7.261754e-04
Error of spin 0 active space orbital 4: 1.789120e-03
Error of spin 0 active space orbital 5: 4.489739e-05
Error of spin 0 active space orbital 6: 1.076736e-03
Error of spin 0 active space orbital 7: 6.422123e-05
Error of spin 1 active space orbital 0: 2.393503e-05
Error of spin 1 active space orbital 1: 1.125609e-05
Error of spin 1 active space orbital 2: 2.124397e-05
Error of spin 1 active space orbital 3: 2.937602e-05
Error of spin 1 active space orbital 4: 2.770123e-05
Error of spin 1 active space orbital 5: 2.891405e-05
Error of spin 1 active space orbital 6: 5.776374e-05
Error of spin 1 active space orbital 7: 4.686381e-04
Refinement timings:
rdm_ii_inv calculation: 0 seconds
one electron part: 0 seconds
AS two electron part: 6 seconds
Core-AS part: 0 seconds
BSH part: 0 seconds
Full function: 7 seconds
Get as orbital updates took 7 seconds
Highest as orbital error: 1.789120e-03
Update Integrals
Calculate all integrals: 1 seconds
Orbital Multiplication: 0 seconds
      Active Space - One electron energy  -9.443105e+01
      Active Space - Two-electron energy  2.671639e+00
              AS-Core correlation energy  0.000000e+00
                       Total core energy  0.000000e+00
                Nuclear repulsion energy  0.000000e+00
                            Total energy  -9.175941e+01
CalculateEnergies took 0 seconds
---------------------------------------------------
Start iteration step: 1
CalculateLagrangeMultiplier took 0 seconds
Error of spin 0 active space orbital 0: 1.335238e-05
Error of spin 0 active space orbital 1: 3.430881e-04
Error of spin 0 active space orbital 2: 2.402704e-05
Error of spin 0 active space orbital 3: 7.111616e-04
Error of spin 0 active space orbital 4: 1.750742e-03
Error of spin 0 active space orbital 5: 3.127085e-05
Error of spin 0 active space orbital 6: 1.060972e-03
Error of spin 0 active space orbital 7: 5.408372e-05
Error of spin 1 active space orbital 0: 1.892601e-05
Error of spin 1 active space orbital 1: 6.172442e-06
Error of spin 1 active space orbital 2: 1.033490e-05
Error of spin 1 active space orbital 3: 1.500182e-05
Error of spin 1 active space orbital 4: 2.007452e-05
Error of spin 1 active space orbital 5: 2.068864e-05
Error of spin 1 active space orbital 6: 3.648799e-05
Error of spin 1 active space orbital 7: 3.590027e-04
Refinement timings:
rdm_ii_inv calculation: 0 seconds
one electron part: 0 seconds
AS two electron part: 7 seconds
Core-AS part: 0 seconds
BSH part: 0 seconds
Full function: 7 seconds
Get as orbital updates took 7 seconds
Highest as orbital error: 1.750742e-03
Update Integrals
Calculate all integrals: 1 seconds
Orbital Multiplication: 0 seconds
      Active Space - One electron energy  -9.443136e+01
      Active Space - Two-electron energy  2.671544e+00
              AS-Core correlation energy  0.000000e+00
                       Total core energy  0.000000e+00
                Nuclear repulsion energy  0.000000e+00
                            Total energy  -9.175982e+01
CalculateEnergies took 0 seconds
---------------------------------------------------
Start iteration step: 2
CalculateLagrangeMultiplier took 0 seconds
Error of spin 0 active space orbital 0: 1.020950e-05
Error of spin 0 active space orbital 1: 3.373389e-04
Error of spin 0 active space orbital 2: 2.266836e-05
Error of spin 0 active space orbital 3: 6.973977e-04
Error of spin 0 active space orbital 4: 1.715000e-03
Error of spin 0 active space orbital 5: 2.918343e-05
Error of spin 0 active space orbital 6: 1.045593e-03
Error of spin 0 active space orbital 7: 5.098292e-05
Error of spin 1 active space orbital 0: 1.638511e-05
Error of spin 1 active space orbital 1: 5.590763e-06
Error of spin 1 active space orbital 2: 7.149881e-06
Error of spin 1 active space orbital 3: 1.034056e-05
Error of spin 1 active space orbital 4: 1.881780e-05
Error of spin 1 active space orbital 5: 1.893965e-05
Error of spin 1 active space orbital 6: 2.941539e-05
Error of spin 1 active space orbital 7: 2.951971e-04
Refinement timings:
rdm_ii_inv calculation: 0 seconds
one electron part: 0 seconds
AS two electron part: 7 seconds
Core-AS part: 0 seconds
BSH part: 0 seconds
Full function: 7 seconds
Get as orbital updates took 7 seconds
Highest as orbital error: 1.715000e-03
Update Integrals
Calculate all integrals: 1 seconds
Orbital Multiplication: 0 seconds
      Active Space - One electron energy  -9.443168e+01
      Active Space - Two-electron energy  2.671452e+00
              AS-Core correlation energy  0.000000e+00
                       Total core energy  0.000000e+00
                Nuclear repulsion energy  0.000000e+00
                            Total energy  -9.176023e+01
CalculateEnergies took 0 seconds
---------------------------------------------------
Start iteration step: 3
CalculateLagrangeMultiplier took 0 seconds
Error of spin 0 active space orbital 0: 8.626552e-06
Error of spin 0 active space orbital 1: 3.316460e-04
Error of spin 0 active space orbital 2: 2.341930e-05
Error of spin 0 active space orbital 3: 6.842976e-04
Error of spin 0 active space orbital 4: 1.681460e-03
Error of spin 0 active space orbital 5: 3.041184e-05
Error of spin 0 active space orbital 6: 1.029972e-03
Error of spin 0 active space orbital 7: 4.978164e-05
Error of spin 1 active space orbital 0: 1.498014e-05
Error of spin 1 active space orbital 1: 6.133195e-06
Error of spin 1 active space orbital 2: 7.581866e-06
Error of spin 1 active space orbital 3: 9.957468e-06
Error of spin 1 active space orbital 4: 1.862101e-05
Error of spin 1 active space orbital 5: 1.880239e-05
Error of spin 1 active space orbital 6: 2.699732e-05
Error of spin 1 active space orbital 7: 2.528947e-04
Refinement timings:
rdm_ii_inv calculation: 0 seconds
one electron part: 0 seconds
AS two electron part: 7 seconds
Core-AS part: 0 seconds
BSH part: 0 seconds
Full function: 7 seconds
Get as orbital updates took 7 seconds
Highest as orbital error: 1.681460e-03
Update Integrals
Calculate all integrals: 1 seconds
Orbital Multiplication: 0 seconds
      Active Space - One electron energy  -9.443199e+01
      Active Space - Two-electron energy  2.671364e+00
              AS-Core correlation energy  0.000000e+00
                       Total core energy  0.000000e+00
                Nuclear repulsion energy  0.000000e+00
                            Total energy  -9.176062e+01
CalculateEnergies took 0 seconds
---------------------------------------------------
Start iteration step: 4
CalculateLagrangeMultiplier took 0 seconds
Error of spin 0 active space orbital 0: 7.674964e-06
Error of spin 0 active space orbital 1: 3.260040e-04
Error of spin 0 active space orbital 2: 2.483099e-05
Error of spin 0 active space orbital 3: 6.716711e-04
Error of spin 0 active space orbital 4: 1.649717e-03
Error of spin 0 active space orbital 5: 3.197404e-05
Error of spin 0 active space orbital 6: 1.014083e-03
Error of spin 0 active space orbital 7: 4.912807e-05
Error of spin 1 active space orbital 0: 1.422157e-05
Error of spin 1 active space orbital 1: 6.587840e-06
Error of spin 1 active space orbital 2: 8.391871e-06
Error of spin 1 active space orbital 3: 1.050541e-05
Error of spin 1 active space orbital 4: 1.848509e-05
Error of spin 1 active space orbital 5: 1.891397e-05
Error of spin 1 active space orbital 6: 2.610974e-05
Error of spin 1 active space orbital 7: 2.217537e-04
Refinement timings:
rdm_ii_inv calculation: 0 seconds
one electron part: 0 seconds
AS two electron part: 7 seconds
Core-AS part: 0 seconds
BSH part: 0 seconds
Full function: 7 seconds
Get as orbital updates took 7 seconds
Highest as orbital error: 1.649717e-03
Update Integrals
Calculate all integrals: 1 seconds
Orbital Multiplication: 0 seconds
      Active Space - One electron energy  -9.443229e+01
      Active Space - Two-electron energy  2.671278e+00
              AS-Core correlation energy  0.000000e+00
                       Total core energy  0.000000e+00
                Nuclear repulsion energy  0.000000e+00
                            Total energy  -9.176101e+01
CalculateEnergies took 0 seconds
Calculate all integrals: 1 seconds
Orbital Multiplication: 0 seconds
      Active Space - One electron energy  -9.443229e+01
      Active Space - Two-electron energy  2.671278e+00
              AS-Core correlation energy  0.000000e+00
                       Total core energy  0.000000e+00
                Nuclear repulsion energy  0.000000e+00
                            Total energy  -9.176101e+01
CalculateEnergies took 0 seconds
Norm spin: 0 as orb 0:1.000000e+00
Norm spin: 0 as orb 1:1.000000e+00
Norm spin: 0 as orb 2:1.000000e+00
Norm spin: 0 as orb 3:1.000000e+00
Norm spin: 0 as orb 4:1.000000e+00
Norm spin: 0 as orb 5:1.000000e+00
Norm spin: 0 as orb 6:1.000000e+00
Norm spin: 0 as orb 7:1.000000e+00
Norm spin: 1 as orb 0:1.000000e+00
Norm spin: 1 as orb 1:1.000000e+00
Norm spin: 1 as orb 2:1.000000e+00
Norm spin: 1 as orb 3:1.000000e+00
Norm spin: 1 as orb 4:1.000000e+00
Norm spin: 1 as orb 5:1.000000e+00
Norm spin: 1 as orb 6:1.000000e+00
Norm spin: 1 as orb 7:1.000000e+00
