8 active alpha orbitals and 8 active beta orbitals
GiveInitialOrbitals took 0 seconds
Calculate all integrals: 1 seconds
Orbital Multiplication: 0 seconds
      Active Space - One electron energy  -1.003251e+02
      Active Space - Two-electron energy  2.701539e+00
              AS-Core correlation energy  0.000000e+00
                       Total core energy  0.000000e+00
                Nuclear repulsion energy  0.000000e+00
                            Total energy  -9.762358e+01
CalculateEnergies took 0 seconds
---------------------------------------------------
Start iteration step: 0
CalculateLagrangeMultiplier took 0 seconds
Error of spin 0 active space orbital 0: 4.261925e-05
Error of spin 0 active space orbital 1: 5.838844e-04
Error of spin 0 active space orbital 2: 1.332997e-04
Error of spin 0 active space orbital 3: 7.418206e-05
Error of spin 0 active space orbital 4: 1.139782e-03
Error of spin 0 active space orbital 5: 5.742022e-04
Error of spin 0 active space orbital 6: 2.989635e-04
Error of spin 0 active space orbital 7: 1.755970e-03
Error of spin 1 active space orbital 0: 1.168064e-03
Error of spin 1 active space orbital 1: 2.328811e-04
Error of spin 1 active space orbital 2: 1.016800e-04
Error of spin 1 active space orbital 3: 2.161130e-03
Error of spin 1 active space orbital 4: 1.157601e-03
Error of spin 1 active space orbital 5: 1.396114e-03
Error of spin 1 active space orbital 6: 1.010234e-03
Error of spin 1 active space orbital 7: 1.532762e-03
Refinement timings:
rdm_ii_inv calculation: 0 seconds
one electron part: 0 seconds
AS two electron part: 6 seconds
Core-AS part: 0 seconds
BSH part: 0 seconds
Full function: 6 seconds
Get as orbital updates took 6 seconds
Highest as orbital error: 2.161130e-03
Update Integrals
Calculate all integrals: 1 seconds
Orbital Multiplication: 0 seconds
      Active Space - One electron energy  -1.003248e+02
      Active Space - Two-electron energy  2.701805e+00
              AS-Core correlation energy  0.000000e+00
                       Total core energy  0.000000e+00
                Nuclear repulsion energy  0.000000e+00
                            Total energy  -9.762300e+01
CalculateEnergies took 0 seconds
---------------------------------------------------
Start iteration step: 1
CalculateLagrangeMultiplier took 0 seconds
Error of spin 0 active space orbital 0: 4.661374e-05
Error of spin 0 active space orbital 1: 5.146502e-04
Error of spin 0 active space orbital 2: 9.857136e-05
Error of spin 0 active space orbital 3: 6.317647e-05
Error of spin 0 active space orbital 4: 1.079831e-03
Error of spin 0 active space orbital 5: 3.984427e-04
Error of spin 0 active space orbital 6: 1.081142e-04
Error of spin 0 active space orbital 7: 1.495412e-03
Error of spin 1 active space orbital 0: 1.079810e-03
Error of spin 1 active space orbital 1: 2.096963e-04
Error of spin 1 active space orbital 2: 8.383768e-05
Error of spin 1 active space orbital 3: 2.087321e-03
Error of spin 1 active space orbital 4: 9.858444e-04
Error of spin 1 active space orbital 5: 7.465363e-04
Error of spin 1 active space orbital 6: 9.022079e-04
Error of spin 1 active space orbital 7: 7.902395e-04
Refinement timings:
rdm_ii_inv calculation: 0 seconds
one electron part: 0 seconds
AS two electron part: 6 seconds
Core-AS part: 0 seconds
BSH part: 0 seconds
Full function: 6 seconds
Get as orbital updates took 6 seconds
Highest as orbital error: 2.087321e-03
Update Integrals
Calculate all integrals: 1 seconds
Orbital Multiplication: 0 seconds
      Active Space - One electron energy  -1.003245e+02
      Active Space - Two-electron energy  2.702048e+00
              AS-Core correlation energy  0.000000e+00
                       Total core energy  0.000000e+00
                Nuclear repulsion energy  0.000000e+00
                            Total energy  -9.762244e+01
CalculateEnergies took 0 seconds
---------------------------------------------------
Start iteration step: 2
CalculateLagrangeMultiplier took 0 seconds
Error of spin 0 active space orbital 0: 4.614559e-05
Error of spin 0 active space orbital 1: 4.662558e-04
Error of spin 0 active space orbital 2: 8.729251e-05
Error of spin 0 active space orbital 3: 7.301951e-05
Error of spin 0 active space orbital 4: 1.015515e-03
Error of spin 0 active space orbital 5: 3.307485e-04
Error of spin 0 active space orbital 6: 8.180273e-05
Error of spin 0 active space orbital 7: 1.306105e-03
Error of spin 1 active space orbital 0: 1.014130e-03
Error of spin 1 active space orbital 1: 1.962226e-04
Error of spin 1 active space orbital 2: 8.699413e-05
Error of spin 1 active space orbital 3: 2.002879e-03
Error of spin 1 active space orbital 4: 8.854725e-04
Error of spin 1 active space orbital 5: 5.649161e-04
Error of spin 1 active space orbital 6: 8.442993e-04
Error of spin 1 active space orbital 7: 8.194443e-04
Refinement timings:
rdm_ii_inv calculation: 0 seconds
one electron part: 0 seconds
AS two electron part: 6 seconds
Core-AS part: 0 seconds
BSH part: 0 seconds
Full function: 6 seconds
Get as orbital updates took 6 seconds
Highest as orbital error: 2.002879e-03
Update Integrals
Calculate all integrals: 1 seconds
Orbital Multiplication: 0 seconds
      Active Space - One electron energy  -1.003242e+02
      Active Space - Two-electron energy  2.702275e+00
              AS-Core correlation energy  0.000000e+00
                       Total core energy  0.000000e+00
                Nuclear repulsion energy  0.000000e+00
                            Total energy  -9.762191e+01
CalculateEnergies took 0 seconds
---------------------------------------------------
Start iteration step: 3
CalculateLagrangeMultiplier took 0 seconds
Error of spin 0 active space orbital 0: 4.133363e-05
Error of spin 0 active space orbital 1: 4.283453e-04
Error of spin 0 active space orbital 2: 8.175179e-05
Error of spin 0 active space orbital 3: 7.869231e-05
Error of spin 0 active space orbital 4: 9.520647e-04
Error of spin 0 active space orbital 5: 3.133337e-04
Error of spin 0 active space orbital 6: 1.204354e-04
Error of spin 0 active space orbital 7: 1.154463e-03
Error of spin 1 active space orbital 0: 9.591459e-04
Error of spin 1 active space orbital 1: 1.848217e-04
Error of spin 1 active space orbital 2: 8.870920e-05
Error of spin 1 active space orbital 3: 1.915013e-03
Error of spin 1 active space orbital 4: 8.149321e-04
Error of spin 1 active space orbital 5: 6.081007e-04
Error of spin 1 active space orbital 6: 7.978337e-04
Error of spin 1 active space orbital 7: 9.391574e-04
Refinement timings:
rdm_ii_inv calculation: 0 seconds
one electron part: 0 seconds
AS two electron part: 6 seconds
Core-AS part: 0 seconds
BSH part: 0 seconds
Full function: 6 seconds
Get as orbital updates took 6 seconds
Highest as orbital error: 1.915013e-03
Update Integrals
Calculate all integrals: 1 seconds
Orbital Multiplication: 0 seconds
      Active Space - One electron energy  -1.003239e+02
      Active Space - Two-electron energy  2.702488e+00
              AS-Core correlation energy  0.000000e+00
                       Total core energy  0.000000e+00
                Nuclear repulsion energy  0.000000e+00
                            Total energy  -9.762141e+01
CalculateEnergies took 0 seconds
---------------------------------------------------
Start iteration step: 4
CalculateLagrangeMultiplier took 0 seconds
Error of spin 0 active space orbital 0: 3.593441e-05
Error of spin 0 active space orbital 1: 3.965128e-04
Error of spin 0 active space orbital 2: 7.716019e-05
Error of spin 0 active space orbital 3: 7.966514e-05
Error of spin 0 active space orbital 4: 8.916755e-04
Error of spin 0 active space orbital 5: 3.141421e-04
Error of spin 0 active space orbital 6: 1.471132e-04
Error of spin 0 active space orbital 7: 1.028612e-03
Error of spin 1 active space orbital 0: 9.100199e-04
Error of spin 1 active space orbital 1: 1.740766e-04
Error of spin 1 active space orbital 2: 8.829965e-05
Error of spin 1 active space orbital 3: 1.827200e-03
Error of spin 1 active space orbital 4: 7.578262e-04
Error of spin 1 active space orbital 5: 6.744212e-04
Error of spin 1 active space orbital 6: 7.550692e-04
Error of spin 1 active space orbital 7: 1.004039e-03
Refinement timings:
rdm_ii_inv calculation: 0 seconds
one electron part: 0 seconds
AS two electron part: 6 seconds
Core-AS part: 0 seconds
BSH part: 0 seconds
Full function: 6 seconds
Get as orbital updates took 6 seconds
Highest as orbital error: 1.827200e-03
Update Integrals
