8 active alpha orbitals and 8 active beta orbitals
GiveInitialOrbitals took 0 seconds
Calculate all integrals: 1 seconds
Orbital Multiplication: 0 seconds
      Active Space - One electron energy  -9.033803e+01
      Active Space - Two-electron energy  2.660043e+00
              AS-Core correlation energy  0.000000e+00
                       Total core energy  0.000000e+00
                Nuclear repulsion energy  0.000000e+00
                            Total energy  -8.767799e+01
CalculateEnergies took 0 seconds
---------------------------------------------------
Start iteration step: 0
CalculateLagrangeMultiplier took 0 seconds
Error of spin 0 active space orbital 0: 2.426669e-04
Error of spin 0 active space orbital 1: 1.810388e-03
Error of spin 0 active space orbital 2: 4.349974e-04
Error of spin 0 active space orbital 3: 1.932993e-03
Error of spin 0 active space orbital 4: 1.204754e-03
Error of spin 0 active space orbital 5: 6.886884e-03
Error of spin 0 active space orbital 6: 8.791011e-04
Error of spin 0 active space orbital 7: 1.274186e-02
Error of spin 1 active space orbital 0: 1.744633e-04
Error of spin 1 active space orbital 1: 1.743437e-04
Error of spin 1 active space orbital 2: 2.890335e-04
Error of spin 1 active space orbital 3: 6.755611e-04
Error of spin 1 active space orbital 4: 3.522891e-04
Error of spin 1 active space orbital 5: 3.524670e-04
Error of spin 1 active space orbital 6: 6.040393e-04
Error of spin 1 active space orbital 7: 6.511988e-03
Refinement timings:
rdm_ii_inv calculation: 0 seconds
one electron part: 0 seconds
AS two electron part: 6 seconds
Core-AS part: 0 seconds
BSH part: 0 seconds
Full function: 7 seconds
Get as orbital updates took 7 seconds
Highest as orbital error: 1.274186e-02
Update Integrals
Calculate all integrals: 1 seconds
Orbital Multiplication: 0 seconds
      Active Space - One electron energy  -9.034100e+01
      Active Space - Two-electron energy  2.659458e+00
              AS-Core correlation energy  0.000000e+00
                       Total core energy  0.000000e+00
                Nuclear repulsion energy  0.000000e+00
                            Total energy  -8.768154e+01
CalculateEnergies took 0 seconds
---------------------------------------------------
Start iteration step: 1
CalculateLagrangeMultiplier took 0 seconds
Error of spin 0 active space orbital 0: 1.790525e-04
Error of spin 0 active space orbital 1: 1.709030e-03
Error of spin 0 active space orbital 2: 3.229073e-04
Error of spin 0 active space orbital 3: 1.796218e-03
Error of spin 0 active space orbital 4: 7.836729e-04
Error of spin 0 active space orbital 5: 6.456485e-03
Error of spin 0 active space orbital 6: 5.473300e-04
Error of spin 0 active space orbital 7: 1.197316e-02
Error of spin 1 active space orbital 0: 1.613258e-04
Error of spin 1 active space orbital 1: 9.475697e-05
Error of spin 1 active space orbital 2: 1.796987e-04
Error of spin 1 active space orbital 3: 4.401472e-04
Error of spin 1 active space orbital 4: 2.124222e-04
Error of spin 1 active space orbital 5: 2.348628e-04
Error of spin 1 active space orbital 6: 4.131163e-04
Error of spin 1 active space orbital 7: 4.262414e-03
Refinement timings:
rdm_ii_inv calculation: 0 seconds
one electron part: 0 seconds
AS two electron part: 7 seconds
Core-AS part: 0 seconds
BSH part: 0 seconds
Full function: 7 seconds
Get as orbital updates took 7 seconds
Highest as orbital error: 1.197316e-02
Update Integrals
Calculate all integrals: 1 seconds
Orbital Multiplication: 0 seconds
      Active Space - One electron energy  -9.034384e+01
      Active Space - Two-electron energy  2.658926e+00
              AS-Core correlation energy  0.000000e+00
                       Total core energy  0.000000e+00
                Nuclear repulsion energy  0.000000e+00
                            Total energy  -8.768492e+01
CalculateEnergies took 0 seconds
---------------------------------------------------
Start iteration step: 2
CalculateLagrangeMultiplier took 0 seconds
Error of spin 0 active space orbital 0: 1.418794e-04
Error of spin 0 active space orbital 1: 1.624178e-03
Error of spin 0 active space orbital 2: 2.412761e-04
Error of spin 0 active space orbital 3: 1.719688e-03
Error of spin 0 active space orbital 4: 5.360983e-04
Error of spin 0 active space orbital 5: 6.085232e-03
Error of spin 0 active space orbital 6: 3.835204e-04
Error of spin 0 active space orbital 7: 1.140627e-02
Error of spin 1 active space orbital 0: 1.485828e-04
Error of spin 1 active space orbital 1: 7.131711e-05
Error of spin 1 active space orbital 2: 1.145333e-04
Error of spin 1 active space orbital 3: 3.077455e-04
Error of spin 1 active space orbital 4: 1.387342e-04
Error of spin 1 active space orbital 5: 1.861437e-04
Error of spin 1 active space orbital 6: 3.532374e-04
Error of spin 1 active space orbital 7: 2.950466e-03
Refinement timings:
rdm_ii_inv calculation: 0 seconds
one electron part: 0 seconds
AS two electron part: 7 seconds
Core-AS part: 0 seconds
BSH part: 0 seconds
Full function: 7 seconds
Get as orbital updates took 7 seconds
Highest as orbital error: 1.140627e-02
Update Integrals
Calculate all integrals: 1 seconds
Orbital Multiplication: 0 seconds
      Active Space - One electron energy  -9.034653e+01
      Active Space - Two-electron energy  2.658430e+00
              AS-Core correlation energy  0.000000e+00
                       Total core energy  0.000000e+00
                Nuclear repulsion energy  0.000000e+00
                            Total energy  -8.768810e+01
CalculateEnergies took 0 seconds
---------------------------------------------------
Start iteration step: 3
CalculateLagrangeMultiplier took 0 seconds
Error of spin 0 active space orbital 0: 1.144451e-04
Error of spin 0 active space orbital 1: 1.550920e-03
Error of spin 0 active space orbital 2: 1.784587e-04
Error of spin 0 active space orbital 3: 1.661857e-03
Error of spin 0 active space orbital 4: 3.852847e-04
Error of spin 0 active space orbital 5: 5.763084e-03
Error of spin 0 active space orbital 6: 3.043577e-04
Error of spin 0 active space orbital 7: 1.093932e-02
Error of spin 1 active space orbital 0: 1.428666e-04
Error of spin 1 active space orbital 1: 5.986060e-05
Error of spin 1 active space orbital 2: 7.667918e-05
Error of spin 1 active space orbital 3: 2.248895e-04
Error of spin 1 active space orbital 4: 1.035157e-04
Error of spin 1 active space orbital 5: 1.618220e-04
Error of spin 1 active space orbital 6: 3.265339e-04
Error of spin 1 active space orbital 7: 2.171175e-03
Refinement timings:
rdm_ii_inv calculation: 0 seconds
one electron part: 0 seconds
AS two electron part: 7 seconds
Core-AS part: 0 seconds
BSH part: 0 seconds
Full function: 7 seconds
Get as orbital updates took 7 seconds
Highest as orbital error: 1.093932e-02
Update Integrals
Calculate all integrals: 1 seconds
Orbital Multiplication: 0 seconds
      Active Space - One electron energy  -9.034909e+01
      Active Space - Two-electron energy  2.657966e+00
              AS-Core correlation energy  0.000000e+00
                       Total core energy  0.000000e+00
                Nuclear repulsion energy  0.000000e+00
                            Total energy  -8.769112e+01
CalculateEnergies took 0 seconds
---------------------------------------------------
Start iteration step: 4
CalculateLagrangeMultiplier took 0 seconds
Error of spin 0 active space orbital 0: 9.310775e-05
Error of spin 0 active space orbital 1: 1.485235e-03
Error of spin 0 active space orbital 2: 1.311913e-04
Error of spin 0 active space orbital 3: 1.609347e-03
Error of spin 0 active space orbital 4: 2.910617e-04
Error of spin 0 active space orbital 5: 5.480553e-03
Error of spin 0 active space orbital 6: 2.641659e-04
Error of spin 0 active space orbital 7: 1.052862e-02
Error of spin 1 active space orbital 0: 1.407712e-04
Error of spin 1 active space orbital 1: 5.208630e-05
Error of spin 1 active space orbital 2: 5.555945e-05
Error of spin 1 active space orbital 3: 1.698647e-04
Error of spin 1 active space orbital 4: 9.033493e-05
Error of spin 1 active space orbital 5: 1.462156e-04
Error of spin 1 active space orbital 6: 3.114227e-04
Error of spin 1 active space orbital 7: 1.709201e-03
Refinement timings:
rdm_ii_inv calculation: 0 seconds
one electron part: 0 seconds
AS two electron part: 7 seconds
Core-AS part: 0 seconds
BSH part: 0 seconds
Full function: 7 seconds
Get as orbital updates took 7 seconds
Highest as orbital error: 1.052862e-02
Update Integrals
Calculate all integrals: 1 seconds
Orbital Multiplication: 0 seconds
      Active Space - One electron energy  -9.035151e+01
      Active Space - Two-electron energy  2.657530e+00
              AS-Core correlation energy  0.000000e+00
                       Total core energy  0.000000e+00
                Nuclear repulsion energy  0.000000e+00
                            Total energy  -8.769398e+01
CalculateEnergies took 0 seconds
Calculate all integrals: 1 seconds
Orbital Multiplication: 0 seconds
      Active Space - One electron energy  -9.035151e+01
      Active Space - Two-electron energy  2.657530e+00
              AS-Core correlation energy  0.000000e+00
                       Total core energy  0.000000e+00
                Nuclear repulsion energy  0.000000e+00
                            Total energy  -8.769398e+01
CalculateEnergies took 0 seconds
Norm spin: 0 as orb 0:1.000000e+00
Norm spin: 0 as orb 1:1.000000e+00
Norm spin: 0 as orb 2:1.000000e+00
Norm spin: 0 as orb 3:1.000000e+00
Norm spin: 0 as orb 4:1.000000e+00
Norm spin: 0 as orb 5:1.000000e+00
Norm spin: 0 as orb 6:1.000000e+00
Norm spin: 0 as orb 7:1.000000e+00
Norm spin: 1 as orb 0:1.000000e+00
Norm spin: 1 as orb 1:1.000000e+00
Norm spin: 1 as orb 2:1.000000e+00
Norm spin: 1 as orb 3:1.000000e+00
Norm spin: 1 as orb 4:1.000000e+00
Norm spin: 1 as orb 5:1.000000e+00
Norm spin: 1 as orb 6:1.000000e+00
Norm spin: 1 as orb 7:1.000000e+00
