8 active alpha orbitals and 8 active beta orbitals
GiveInitialOrbitals took 0 seconds
Calculate all integrals: 1 seconds
Orbital Multiplication: 0 seconds
      Active Space - One electron energy  -1.018512e+02
      Active Space - Two-electron energy  2.699359e+00
              AS-Core correlation energy  0.000000e+00
                       Total core energy  0.000000e+00
                Nuclear repulsion energy  0.000000e+00
                            Total energy  -9.915188e+01
CalculateEnergies took 0 seconds
---------------------------------------------------
Start iteration step: 0
CalculateLagrangeMultiplier took 0 seconds
Error of spin 0 active space orbital 0: 3.601861e-04
Error of spin 0 active space orbital 1: 3.666455e-03
Error of spin 0 active space orbital 2: 1.017636e-03
Error of spin 0 active space orbital 3: 3.872613e-04
Error of spin 0 active space orbital 4: 7.366729e-03
Error of spin 0 active space orbital 5: 3.057287e-03
Error of spin 0 active space orbital 6: 1.574402e-03
Error of spin 0 active space orbital 7: 5.799899e-03
Error of spin 1 active space orbital 0: 4.281584e-03
Error of spin 1 active space orbital 1: 1.268119e-03
Error of spin 1 active space orbital 2: 2.978057e-04
Error of spin 1 active space orbital 3: 7.763335e-03
Error of spin 1 active space orbital 4: 4.600147e-03
Error of spin 1 active space orbital 5: 1.291740e-03
Error of spin 1 active space orbital 6: 2.722319e-03
Error of spin 1 active space orbital 7: 4.245957e-03
Refinement timings:
rdm_ii_inv calculation: 0 seconds
one electron part: 0 seconds
AS two electron part: 6 seconds
Core-AS part: 0 seconds
BSH part: 0 seconds
Full function: 6 seconds
Get as orbital updates took 6 seconds
Highest as orbital error: 7.763335e-03
Update Integrals
Calculate all integrals: 1 seconds
Orbital Multiplication: 0 seconds
      Active Space - One electron energy  -1.018523e+02
      Active Space - Two-electron energy  2.700514e+00
              AS-Core correlation energy  0.000000e+00
                       Total core energy  0.000000e+00
                Nuclear repulsion energy  0.000000e+00
                            Total energy  -9.915183e+01
CalculateEnergies took 0 seconds
---------------------------------------------------
Start iteration step: 1
CalculateLagrangeMultiplier took 0 seconds
Error of spin 0 active space orbital 0: 3.285040e-04
Error of spin 0 active space orbital 1: 3.299554e-03
Error of spin 0 active space orbital 2: 8.599071e-04
Error of spin 0 active space orbital 3: 2.710850e-04
Error of spin 0 active space orbital 4: 6.940573e-03
Error of spin 0 active space orbital 5: 2.521631e-03
Error of spin 0 active space orbital 6: 8.069152e-04
Error of spin 0 active space orbital 7: 5.378351e-03
Error of spin 1 active space orbital 0: 3.942928e-03
Error of spin 1 active space orbital 1: 1.122372e-03
Error of spin 1 active space orbital 2: 2.717319e-04
Error of spin 1 active space orbital 3: 7.509860e-03
Error of spin 1 active space orbital 4: 3.958013e-03
Error of spin 1 active space orbital 5: 9.975516e-04
Error of spin 1 active space orbital 6: 2.800727e-03
Error of spin 1 active space orbital 7: 3.669669e-03
Refinement timings:
rdm_ii_inv calculation: 0 seconds
one electron part: 0 seconds
AS two electron part: 6 seconds
Core-AS part: 0 seconds
BSH part: 0 seconds
Full function: 6 seconds
Get as orbital updates took 6 seconds
Highest as orbital error: 7.509860e-03
Update Integrals
Calculate all integrals: 1 seconds
Orbital Multiplication: 0 seconds
      Active Space - One electron energy  -1.018531e+02
      Active Space - Two-electron energy  2.701626e+00
              AS-Core correlation energy  0.000000e+00
                       Total core energy  0.000000e+00
                Nuclear repulsion energy  0.000000e+00
                            Total energy  -9.915145e+01
CalculateEnergies took 0 seconds
---------------------------------------------------
Start iteration step: 2
CalculateLagrangeMultiplier took 0 seconds
Error of spin 0 active space orbital 0: 2.979638e-04
Error of spin 0 active space orbital 1: 3.021112e-03
Error of spin 0 active space orbital 2: 7.687949e-04
Error of spin 0 active space orbital 3: 2.834413e-04
Error of spin 0 active space orbital 4: 6.507980e-03
Error of spin 0 active space orbital 5: 2.280866e-03
Error of spin 0 active space orbital 6: 4.541689e-04
Error of spin 0 active space orbital 7: 5.026458e-03
Error of spin 1 active space orbital 0: 3.702121e-03
Error of spin 1 active space orbital 1: 1.031499e-03
Error of spin 1 active space orbital 2: 3.308588e-04
Error of spin 1 active space orbital 3: 7.229644e-03
Error of spin 1 active space orbital 4: 3.546210e-03
Error of spin 1 active space orbital 5: 1.502584e-03
Error of spin 1 active space orbital 6: 2.821547e-03
Error of spin 1 active space orbital 7: 4.248262e-03
Refinement timings:
rdm_ii_inv calculation: 0 seconds
one electron part: 0 seconds
AS two electron part: 6 seconds
Core-AS part: 0 seconds
BSH part: 0 seconds
Full function: 6 seconds
Get as orbital updates took 6 seconds
Highest as orbital error: 7.229644e-03
Update Integrals
Calculate all integrals: 1 seconds
Orbital Multiplication: 0 seconds
      Active Space - One electron energy  -1.018536e+02
      Active Space - Two-electron energy  2.702704e+00
              AS-Core correlation energy  0.000000e+00
                       Total core energy  0.000000e+00
                Nuclear repulsion energy  0.000000e+00
                            Total energy  -9.915093e+01
CalculateEnergies took 0 seconds
---------------------------------------------------
Start iteration step: 3
CalculateLagrangeMultiplier took 0 seconds
Error of spin 0 active space orbital 0: 2.638143e-04
Error of spin 0 active space orbital 1: 2.790700e-03
Error of spin 0 active space orbital 2: 7.003956e-04
Error of spin 0 active space orbital 3: 3.052923e-04
Error of spin 0 active space orbital 4: 6.089044e-03
Error of spin 0 active space orbital 5: 2.156200e-03
Error of spin 0 active space orbital 6: 3.789559e-04
Error of spin 0 active space orbital 7: 4.698135e-03
Error of spin 1 active space orbital 0: 3.507431e-03
Error of spin 1 active space orbital 1: 9.599185e-04
Error of spin 1 active space orbital 2: 3.635615e-04
Error of spin 1 active space orbital 3: 6.937455e-03
Error of spin 1 active space orbital 4: 3.235295e-03
Error of spin 1 active space orbital 5: 1.860317e-03
Error of spin 1 active space orbital 6: 2.769159e-03
Error of spin 1 active space orbital 7: 4.521664e-03
Refinement timings:
rdm_ii_inv calculation: 0 seconds
one electron part: 0 seconds
AS two electron part: 6 seconds
Core-AS part: 0 seconds
BSH part: 0 seconds
Full function: 6 seconds
Get as orbital updates took 6 seconds
Highest as orbital error: 6.937455e-03
Update Integrals
Calculate all integrals: 1 seconds
Orbital Multiplication: 0 seconds
      Active Space - One electron energy  -1.018541e+02
      Active Space - Two-electron energy  2.703750e+00
              AS-Core correlation energy  0.000000e+00
                       Total core energy  0.000000e+00
                Nuclear repulsion energy  0.000000e+00
                            Total energy  -9.915032e+01
CalculateEnergies took 0 seconds
---------------------------------------------------
Start iteration step: 4
CalculateLagrangeMultiplier took 0 seconds
Error of spin 0 active space orbital 0: 2.330440e-04
Error of spin 0 active space orbital 1: 2.590085e-03
Error of spin 0 active space orbital 2: 6.425891e-04
Error of spin 0 active space orbital 3: 3.149681e-04
Error of spin 0 active space orbital 4: 5.691694e-03
Error of spin 0 active space orbital 5: 2.073790e-03
Error of spin 0 active space orbital 6: 4.113693e-04
Error of spin 0 active space orbital 7: 4.388562e-03
Error of spin 1 active space orbital 0: 3.336453e-03
Error of spin 1 active space orbital 1: 8.974461e-04
Error of spin 1 active space orbital 2: 3.744918e-04
Error of spin 1 active space orbital 3: 6.641838e-03
Error of spin 1 active space orbital 4: 2.977070e-03
Error of spin 1 active space orbital 5: 2.058150e-03
Error of spin 1 active space orbital 6: 2.676019e-03
Error of spin 1 active space orbital 7: 4.551281e-03
Refinement timings:
rdm_ii_inv calculation: 0 seconds
one electron part: 0 seconds
AS two electron part: 6 seconds
Core-AS part: 0 seconds
BSH part: 0 seconds
Full function: 6 seconds
Get as orbital updates took 6 seconds
Highest as orbital error: 6.641838e-03
Update Integrals
Calculate all integrals: 1 seconds
Orbital Multiplication: 0 seconds
      Active Space - One electron energy  -1.018544e+02
      Active Space - Two-electron energy  2.704764e+00
              AS-Core correlation energy  0.000000e+00
                       Total core energy  0.000000e+00
                Nuclear repulsion energy  0.000000e+00
                            Total energy  -9.914963e+01
CalculateEnergies took 0 seconds
Calculate all integrals: 1 seconds
Orbital Multiplication: 0 seconds
      Active Space - One electron energy  -1.018544e+02
      Active Space - Two-electron energy  2.704764e+00
              AS-Core correlation energy  0.000000e+00
                       Total core energy  0.000000e+00
                Nuclear repulsion energy  0.000000e+00
                            Total energy  -9.914963e+01
CalculateEnergies took 0 seconds
Norm spin: 0 as orb 0:1.000000e+00
Norm spin: 0 as orb 1:1.000000e+00
Norm spin: 0 as orb 2:1.000000e+00
Norm spin: 0 as orb 3:1.000000e+00
Norm spin: 0 as orb 4:1.000000e+00
Norm spin: 0 as orb 5:1.000000e+00
Norm spin: 0 as orb 6:1.000000e+00
Norm spin: 0 as orb 7:1.000000e+00
Norm spin: 1 as orb 0:1.000000e+00
Norm spin: 1 as orb 1:1.000000e+00
Norm spin: 1 as orb 2:1.000000e+00
Norm spin: 1 as orb 3:1.000000e+00
Norm spin: 1 as orb 4:1.000000e+00
Norm spin: 1 as orb 5:1.000000e+00
Norm spin: 1 as orb 6:1.000000e+00
Norm spin: 1 as orb 7:1.000000e+00
