8 active alpha orbitals and 8 active beta orbitals
GiveInitialOrbitals took 0 seconds
Calculate all integrals: 1 seconds
Orbital Multiplication: 0 seconds
      Active Space - One electron energy  -9.442736e+01
      Active Space - Two-electron energy  2.672150e+00
              AS-Core correlation energy  0.000000e+00
                       Total core energy  0.000000e+00
                Nuclear repulsion energy  0.000000e+00
                            Total energy  -9.175521e+01
CalculateEnergies took 0 seconds
---------------------------------------------------
Start iteration step: 0
CalculateLagrangeMultiplier took 0 seconds
Error of spin 0 active space orbital 0: 2.147068e-05
Error of spin 0 active space orbital 1: 3.834088e-04
Error of spin 0 active space orbital 2: 3.373267e-05
Error of spin 0 active space orbital 3: 7.753642e-04
Error of spin 0 active space orbital 4: 1.980657e-03
Error of spin 0 active space orbital 5: 5.064333e-05
Error of spin 0 active space orbital 6: 1.203690e-03
Error of spin 0 active space orbital 7: 7.149940e-05
Error of spin 1 active space orbital 0: 2.620298e-05
Error of spin 1 active space orbital 1: 1.239997e-05
Error of spin 1 active space orbital 2: 2.340054e-05
Error of spin 1 active space orbital 3: 3.236614e-05
Error of spin 1 active space orbital 4: 3.020839e-05
Error of spin 1 active space orbital 5: 3.202990e-05
Error of spin 1 active space orbital 6: 6.355529e-05
Error of spin 1 active space orbital 7: 5.321189e-04
Refinement timings:
rdm_ii_inv calculation: 0 seconds
one electron part: 0 seconds
AS two electron part: 6 seconds
Core-AS part: 0 seconds
BSH part: 0 seconds
Full function: 7 seconds
Get as orbital updates took 7 seconds
Highest as orbital error: 1.980657e-03
Update Integrals
Calculate all integrals: 1 seconds
Orbital Multiplication: 0 seconds
      Active Space - One electron energy  -9.442771e+01
      Active Space - Two-electron energy  2.672038e+00
              AS-Core correlation energy  0.000000e+00
                       Total core energy  0.000000e+00
                Nuclear repulsion energy  0.000000e+00
                            Total energy  -9.175568e+01
CalculateEnergies took 0 seconds
---------------------------------------------------
Start iteration step: 1
CalculateLagrangeMultiplier took 0 seconds
Error of spin 0 active space orbital 0: 1.479257e-05
Error of spin 0 active space orbital 1: 3.768439e-04
Error of spin 0 active space orbital 2: 2.514854e-05
Error of spin 0 active space orbital 3: 7.590364e-04
Error of spin 0 active space orbital 4: 1.936379e-03
Error of spin 0 active space orbital 5: 3.492291e-05
Error of spin 0 active space orbital 6: 1.185219e-03
Error of spin 0 active space orbital 7: 5.999802e-05
Error of spin 1 active space orbital 0: 2.057039e-05
Error of spin 1 active space orbital 1: 6.667203e-06
Error of spin 1 active space orbital 2: 1.116127e-05
Error of spin 1 active space orbital 3: 1.627960e-05
Error of spin 1 active space orbital 4: 2.180972e-05
Error of spin 1 active space orbital 5: 2.272956e-05
Error of spin 1 active space orbital 6: 3.961850e-05
Error of spin 1 active space orbital 7: 4.084382e-04
Refinement timings:
rdm_ii_inv calculation: 0 seconds
one electron part: 0 seconds
AS two electron part: 7 seconds
Core-AS part: 0 seconds
BSH part: 0 seconds
Full function: 7 seconds
Get as orbital updates took 7 seconds
Highest as orbital error: 1.936379e-03
Update Integrals
Calculate all integrals: 1 seconds
Orbital Multiplication: 0 seconds
      Active Space - One electron energy  -9.442807e+01
      Active Space - Two-electron energy  2.671933e+00
              AS-Core correlation energy  0.000000e+00
                       Total core energy  0.000000e+00
                Nuclear repulsion energy  0.000000e+00
                            Total energy  -9.175614e+01
CalculateEnergies took 0 seconds
---------------------------------------------------
Start iteration step: 2
CalculateLagrangeMultiplier took 0 seconds
Error of spin 0 active space orbital 0: 1.135054e-05
Error of spin 0 active space orbital 1: 3.703102e-04
Error of spin 0 active space orbital 2: 2.338374e-05
Error of spin 0 active space orbital 3: 7.440197e-04
Error of spin 0 active space orbital 4: 1.895288e-03
Error of spin 0 active space orbital 5: 3.215592e-05
Error of spin 0 active space orbital 6: 1.167268e-03
Error of spin 0 active space orbital 7: 5.640283e-05
Error of spin 1 active space orbital 0: 1.771741e-05
Error of spin 1 active space orbital 1: 5.998342e-06
Error of spin 1 active space orbital 2: 7.449147e-06
Error of spin 1 active space orbital 3: 1.106047e-05
Error of spin 1 active space orbital 4: 2.044341e-05
Error of spin 1 active space orbital 5: 2.067998e-05
Error of spin 1 active space orbital 6: 3.180305e-05
Error of spin 1 active space orbital 7: 3.359760e-04
Refinement timings:
rdm_ii_inv calculation: 0 seconds
one electron part: 0 seconds
AS two electron part: 7 seconds
Core-AS part: 0 seconds
BSH part: 0 seconds
Full function: 7 seconds
Get as orbital updates took 7 seconds
Highest as orbital error: 1.895288e-03
Update Integrals
Calculate all integrals: 1 seconds
Orbital Multiplication: 0 seconds
      Active Space - One electron energy  -9.442843e+01
      Active Space - Two-electron energy  2.671831e+00
              AS-Core correlation energy  0.000000e+00
                       Total core energy  0.000000e+00
                Nuclear repulsion energy  0.000000e+00
                            Total energy  -9.175659e+01
CalculateEnergies took 0 seconds
---------------------------------------------------
Start iteration step: 3
CalculateLagrangeMultiplier took 0 seconds
Error of spin 0 active space orbital 0: 9.375693e-06
Error of spin 0 active space orbital 1: 3.638205e-04
Error of spin 0 active space orbital 2: 2.427120e-05
Error of spin 0 active space orbital 3: 7.296851e-04
Error of spin 0 active space orbital 4: 1.856817e-03
Error of spin 0 active space orbital 5: 3.334091e-05
Error of spin 0 active space orbital 6: 1.149103e-03
Error of spin 0 active space orbital 7: 5.499870e-05
Error of spin 1 active space orbital 0: 1.615824e-05
Error of spin 1 active space orbital 1: 6.603415e-06
Error of spin 1 active space orbital 2: 7.939562e-06
Error of spin 1 active space orbital 3: 1.068420e-05
Error of spin 1 active space orbital 4: 2.029486e-05
Error of spin 1 active space orbital 5: 2.047977e-05
Error of spin 1 active space orbital 6: 2.925317e-05
Error of spin 1 active space orbital 7: 2.875930e-04
Refinement timings:
rdm_ii_inv calculation: 0 seconds
one electron part: 0 seconds
AS two electron part: 7 seconds
Core-AS part: 0 seconds
BSH part: 0 seconds
Full function: 7 seconds
Get as orbital updates took 7 seconds
Highest as orbital error: 1.856817e-03
Update Integrals
Calculate all integrals: 1 seconds
Orbital Multiplication: 0 seconds
      Active Space - One electron energy  -9.442877e+01
      Active Space - Two-electron energy  2.671733e+00
              AS-Core correlation energy  0.000000e+00
                       Total core energy  0.000000e+00
                Nuclear repulsion energy  0.000000e+00
                            Total energy  -9.175704e+01
CalculateEnergies took 0 seconds
---------------------------------------------------
Start iteration step: 4
CalculateLagrangeMultiplier took 0 seconds
Error of spin 0 active space orbital 0: 8.453083e-06
Error of spin 0 active space orbital 1: 3.573860e-04
Error of spin 0 active space orbital 2: 2.584881e-05
Error of spin 0 active space orbital 3: 7.158508e-04
Error of spin 0 active space orbital 4: 1.820477e-03
Error of spin 0 active space orbital 5: 3.500285e-05
Error of spin 0 active space orbital 6: 1.130687e-03
Error of spin 0 active space orbital 7: 5.419216e-05
Error of spin 1 active space orbital 0: 1.535965e-05
Error of spin 1 active space orbital 1: 7.105829e-06
Error of spin 1 active space orbital 2: 8.883524e-06
Error of spin 1 active space orbital 3: 1.133524e-05
Error of spin 1 active space orbital 4: 2.012098e-05
Error of spin 1 active space orbital 5: 2.058233e-05
Error of spin 1 active space orbital 6: 2.845538e-05
Error of spin 1 active space orbital 7: 2.517830e-04
Refinement timings:
rdm_ii_inv calculation: 0 seconds
one electron part: 0 seconds
AS two electron part: 7 seconds
Core-AS part: 0 seconds
BSH part: 0 seconds
Full function: 7 seconds
Get as orbital updates took 7 seconds
Highest as orbital error: 1.820477e-03
Update Integrals
Calculate all integrals: 1 seconds
Orbital Multiplication: 0 seconds
      Active Space - One electron energy  -9.442911e+01
      Active Space - Two-electron energy  2.671638e+00
              AS-Core correlation energy  0.000000e+00
                       Total core energy  0.000000e+00
                Nuclear repulsion energy  0.000000e+00
                            Total energy  -9.175747e+01
CalculateEnergies took 0 seconds
Calculate all integrals: 1 seconds
Orbital Multiplication: 0 seconds
      Active Space - One electron energy  -9.442911e+01
      Active Space - Two-electron energy  2.671638e+00
              AS-Core correlation energy  0.000000e+00
                       Total core energy  0.000000e+00
                Nuclear repulsion energy  0.000000e+00
                            Total energy  -9.175747e+01
CalculateEnergies took 0 seconds
Norm spin: 0 as orb 0:1.000000e+00
Norm spin: 0 as orb 1:1.000000e+00
Norm spin: 0 as orb 2:1.000000e+00
Norm spin: 0 as orb 3:1.000000e+00
Norm spin: 0 as orb 4:1.000000e+00
Norm spin: 0 as orb 5:1.000000e+00
Norm spin: 0 as orb 6:1.000000e+00
Norm spin: 0 as orb 7:1.000000e+00
Norm spin: 1 as orb 0:1.000000e+00
Norm spin: 1 as orb 1:1.000000e+00
Norm spin: 1 as orb 2:1.000000e+00
Norm spin: 1 as orb 3:1.000000e+00
Norm spin: 1 as orb 4:1.000000e+00
Norm spin: 1 as orb 5:1.000000e+00
Norm spin: 1 as orb 6:1.000000e+00
Norm spin: 1 as orb 7:1.000000e+00
