8 active alpha orbitals and 8 active beta orbitals
GiveInitialOrbitals took 0 seconds
Calculate all integrals: 1 seconds
Orbital Multiplication: 0 seconds
      Active Space - One electron energy  -7.449946e+01
      Active Space - Two-electron energy  2.571799e+00
              AS-Core correlation energy  0.000000e+00
                       Total core energy  0.000000e+00
                Nuclear repulsion energy  0.000000e+00
                            Total energy  -7.192766e+01
CalculateEnergies took 0 seconds
---------------------------------------------------
Start iteration step: 0
CalculateLagrangeMultiplier took 0 seconds
Error of spin 0 active space orbital 0: 1.528473e-03
Error of spin 0 active space orbital 1: 9.724326e-05
Error of spin 0 active space orbital 2: 3.000030e-03
Error of spin 0 active space orbital 3: 5.297293e-04
Error of spin 0 active space orbital 4: 3.400133e-04
Error of spin 0 active space orbital 5: 4.259606e-04
Error of spin 0 active space orbital 6: 4.744952e-03
Error of spin 0 active space orbital 7: 1.644255e-03
Error of spin 1 active space orbital 0: 2.752797e-03
Error of spin 1 active space orbital 1: 1.431078e-04
Error of spin 1 active space orbital 2: 1.720090e-04
Error of spin 1 active space orbital 3: 2.047883e-04
Error of spin 1 active space orbital 4: 2.896101e-04
Error of spin 1 active space orbital 5: 3.729697e-04
Error of spin 1 active space orbital 6: 3.822261e-03
Error of spin 1 active space orbital 7: 1.607869e-03
Refinement timings:
rdm_ii_inv calculation: 0 seconds
one electron part: 0 seconds
AS two electron part: 7 seconds
Core-AS part: 0 seconds
BSH part: 0 seconds
Full function: 7 seconds
Get as orbital updates took 7 seconds
Highest as orbital error: 4.744952e-03
Update Integrals
Calculate all integrals: 1 seconds
Orbital Multiplication: 0 seconds
      Active Space - One electron energy  -7.449959e+01
      Active Space - Two-electron energy  2.572542e+00
              AS-Core correlation energy  0.000000e+00
                       Total core energy  0.000000e+00
                Nuclear repulsion energy  0.000000e+00
                            Total energy  -7.192705e+01
CalculateEnergies took 0 seconds
---------------------------------------------------
Start iteration step: 1
CalculateLagrangeMultiplier took 0 seconds
Error of spin 0 active space orbital 0: 1.361168e-03
Error of spin 0 active space orbital 1: 5.565216e-05
Error of spin 0 active space orbital 2: 2.645886e-03
Error of spin 0 active space orbital 3: 2.427134e-04
Error of spin 0 active space orbital 4: 1.210368e-04
Error of spin 0 active space orbital 5: 1.874193e-04
Error of spin 0 active space orbital 6: 4.359227e-03
Error of spin 0 active space orbital 7: 1.401583e-03
Error of spin 1 active space orbital 0: 2.408141e-03
Error of spin 1 active space orbital 1: 7.609501e-05
Error of spin 1 active space orbital 2: 7.281915e-05
Error of spin 1 active space orbital 3: 1.606273e-04
Error of spin 1 active space orbital 4: 1.486092e-04
Error of spin 1 active space orbital 5: 1.948578e-04
Error of spin 1 active space orbital 6: 3.636912e-03
Error of spin 1 active space orbital 7: 1.357110e-03
Refinement timings:
rdm_ii_inv calculation: 0 seconds
one electron part: 0 seconds
AS two electron part: 7 seconds
Core-AS part: 0 seconds
BSH part: 0 seconds
Full function: 7 seconds
Get as orbital updates took 7 seconds
Highest as orbital error: 4.359227e-03
Update Integrals
Calculate all integrals: 1 seconds
Orbital Multiplication: 0 seconds
      Active Space - One electron energy  -7.449937e+01
      Active Space - Two-electron energy  2.573176e+00
              AS-Core correlation energy  0.000000e+00
                       Total core energy  0.000000e+00
                Nuclear repulsion energy  0.000000e+00
                            Total energy  -7.192619e+01
CalculateEnergies took 0 seconds
---------------------------------------------------
Start iteration step: 2
CalculateLagrangeMultiplier took 0 seconds
Error of spin 0 active space orbital 0: 1.227519e-03
Error of spin 0 active space orbital 1: 4.034548e-05
Error of spin 0 active space orbital 2: 2.359710e-03
Error of spin 0 active space orbital 3: 1.544572e-04
Error of spin 0 active space orbital 4: 1.020533e-04
Error of spin 0 active space orbital 5: 1.332945e-04
Error of spin 0 active space orbital 6: 3.986264e-03
Error of spin 0 active space orbital 7: 1.223000e-03
Error of spin 1 active space orbital 0: 2.172038e-03
Error of spin 1 active space orbital 1: 7.020819e-05
Error of spin 1 active space orbital 2: 1.061370e-04
Error of spin 1 active space orbital 3: 2.026177e-04
Error of spin 1 active space orbital 4: 1.644244e-04
Error of spin 1 active space orbital 5: 1.657133e-04
Error of spin 1 active space orbital 6: 3.386364e-03
Error of spin 1 active space orbital 7: 1.320882e-03
Refinement timings:
rdm_ii_inv calculation: 0 seconds
one electron part: 0 seconds
AS two electron part: 7 seconds
Core-AS part: 0 seconds
BSH part: 0 seconds
Full function: 7 seconds
Get as orbital updates took 7 seconds
Highest as orbital error: 3.986264e-03
Update Integrals
Calculate all integrals: 1 seconds
Orbital Multiplication: 0 seconds
      Active Space - One electron energy  -7.449903e+01
      Active Space - Two-electron energy  2.573747e+00
              AS-Core correlation energy  0.000000e+00
                       Total core energy  0.000000e+00
                Nuclear repulsion energy  0.000000e+00
                            Total energy  -7.192528e+01
CalculateEnergies took 0 seconds
---------------------------------------------------
Start iteration step: 3
CalculateLagrangeMultiplier took 0 seconds
Error of spin 0 active space orbital 0: 1.112116e-03
Error of spin 0 active space orbital 1: 3.175397e-05
Error of spin 0 active space orbital 2: 2.115243e-03
Error of spin 0 active space orbital 3: 1.436234e-04
Error of spin 0 active space orbital 4: 1.300766e-04
Error of spin 0 active space orbital 5: 1.366348e-04
Error of spin 0 active space orbital 6: 3.634551e-03
Error of spin 0 active space orbital 7: 1.080108e-03
Error of spin 1 active space orbital 0: 1.979153e-03
Error of spin 1 active space orbital 1: 7.480947e-05
Error of spin 1 active space orbital 2: 1.275081e-04
Error of spin 1 active space orbital 3: 2.190996e-04
Error of spin 1 active space orbital 4: 1.824910e-04
Error of spin 1 active space orbital 5: 1.650537e-04
Error of spin 1 active space orbital 6: 3.131088e-03
Error of spin 1 active space orbital 7: 1.260345e-03
Refinement timings:
rdm_ii_inv calculation: 0 seconds
one electron part: 0 seconds
AS two electron part: 7 seconds
Core-AS part: 0 seconds
BSH part: 0 seconds
Full function: 7 seconds
Get as orbital updates took 7 seconds
Highest as orbital error: 3.634551e-03
Update Integrals
Calculate all integrals: 1 seconds
Orbital Multiplication: 0 seconds
      Active Space - One electron energy  -7.449864e+01
      Active Space - Two-electron energy  2.574267e+00
              AS-Core correlation energy  0.000000e+00
                       Total core energy  0.000000e+00
                Nuclear repulsion energy  0.000000e+00
                            Total energy  -7.192437e+01
CalculateEnergies took 0 seconds
---------------------------------------------------
Start iteration step: 4
CalculateLagrangeMultiplier took 0 seconds
Error of spin 0 active space orbital 0: 1.009338e-03
Error of spin 0 active space orbital 1: 2.615314e-05
Error of spin 0 active space orbital 2: 1.901659e-03
Error of spin 0 active space orbital 3: 1.464900e-04
Error of spin 0 active space orbital 4: 1.429877e-04
Error of spin 0 active space orbital 5: 1.393418e-04
Error of spin 0 active space orbital 6: 3.307596e-03
Error of spin 0 active space orbital 7: 9.607454e-04
Error of spin 1 active space orbital 0: 1.811003e-03
Error of spin 1 active space orbital 1: 7.632011e-05
Error of spin 1 active space orbital 2: 1.333705e-04
Error of spin 1 active space orbital 3: 2.182182e-04
Error of spin 1 active space orbital 4: 1.863244e-04
Error of spin 1 active space orbital 5: 1.627494e-04
Error of spin 1 active space orbital 6: 2.886013e-03
Error of spin 1 active space orbital 7: 1.180003e-03
Refinement timings:
rdm_ii_inv calculation: 0 seconds
one electron part: 0 seconds
AS two electron part: 7 seconds
Core-AS part: 0 seconds
BSH part: 0 seconds
Full function: 7 seconds
Get as orbital updates took 7 seconds
Highest as orbital error: 3.307596e-03
Update Integrals
Calculate all integrals: 1 seconds
Orbital Multiplication: 0 seconds
      Active Space - One electron energy  -7.449822e+01
      Active Space - Two-electron energy  2.574746e+00
              AS-Core correlation energy  0.000000e+00
                       Total core energy  0.000000e+00
                Nuclear repulsion energy  0.000000e+00
                            Total energy  -7.192347e+01
CalculateEnergies took 0 seconds
Calculate all integrals: 1 seconds
Orbital Multiplication: 0 seconds
      Active Space - One electron energy  -7.449822e+01
      Active Space - Two-electron energy  2.574746e+00
              AS-Core correlation energy  0.000000e+00
                       Total core energy  0.000000e+00
                Nuclear repulsion energy  0.000000e+00
                            Total energy  -7.192347e+01
CalculateEnergies took 0 seconds
Norm spin: 0 as orb 0:1.000000e+00
Norm spin: 0 as orb 1:1.000000e+00
Norm spin: 0 as orb 2:1.000000e+00
Norm spin: 0 as orb 3:1.000000e+00
Norm spin: 0 as orb 4:1.000000e+00
Norm spin: 0 as orb 5:1.000000e+00
Norm spin: 0 as orb 6:1.000000e+00
Norm spin: 0 as orb 7:1.000000e+00
Norm spin: 1 as orb 0:1.000000e+00
Norm spin: 1 as orb 1:1.000000e+00
Norm spin: 1 as orb 2:1.000000e+00
Norm spin: 1 as orb 3:1.000000e+00
Norm spin: 1 as orb 4:1.000000e+00
Norm spin: 1 as orb 5:1.000000e+00
Norm spin: 1 as orb 6:1.000000e+00
Norm spin: 1 as orb 7:1.000000e+00
