8 active alpha orbitals and 8 active beta orbitals
GiveInitialOrbitals took 0 seconds
Calculate all integrals: 1 seconds
Orbital Multiplication: 0 seconds
      Active Space - One electron energy  -9.043360e+01
      Active Space - Two-electron energy  2.647666e+00
              AS-Core correlation energy  0.000000e+00
                       Total core energy  0.000000e+00
                Nuclear repulsion energy  0.000000e+00
                            Total energy  -8.778594e+01
CalculateEnergies took 0 seconds
---------------------------------------------------
Start iteration step: 0
CalculateLagrangeMultiplier took 0 seconds
Error of spin 0 active space orbital 0: 1.735703e-05
Error of spin 0 active space orbital 1: 3.193961e-04
Error of spin 0 active space orbital 2: 4.031243e-05
Error of spin 0 active space orbital 3: 6.984593e-04
Error of spin 0 active space orbital 4: 1.566536e-03
Error of spin 0 active space orbital 5: 4.107378e-05
Error of spin 0 active space orbital 6: 1.025237e-03
Error of spin 0 active space orbital 7: 5.706814e-05
Error of spin 1 active space orbital 0: 2.199351e-05
Error of spin 1 active space orbital 1: 1.029056e-05
Error of spin 1 active space orbital 2: 2.096066e-05
Error of spin 1 active space orbital 3: 2.880452e-05
Error of spin 1 active space orbital 4: 2.706909e-05
Error of spin 1 active space orbital 5: 2.697534e-05
Error of spin 1 active space orbital 6: 5.239119e-05
Error of spin 1 active space orbital 7: 4.000782e-04
Refinement timings:
rdm_ii_inv calculation: 0 seconds
one electron part: 0 seconds
AS two electron part: 7 seconds
Core-AS part: 0 seconds
BSH part: 0 seconds
Full function: 7 seconds
Get as orbital updates took 7 seconds
Highest as orbital error: 1.566536e-03
Update Integrals
Calculate all integrals: 1 seconds
Orbital Multiplication: 0 seconds
      Active Space - One electron energy  -9.043391e+01
      Active Space - Two-electron energy  2.647580e+00
              AS-Core correlation energy  0.000000e+00
                       Total core energy  0.000000e+00
                Nuclear repulsion energy  0.000000e+00
                            Total energy  -8.778633e+01
CalculateEnergies took 0 seconds
---------------------------------------------------
Start iteration step: 1
CalculateLagrangeMultiplier took 0 seconds
Error of spin 0 active space orbital 0: 1.196747e-05
Error of spin 0 active space orbital 1: 3.141154e-04
Error of spin 0 active space orbital 2: 3.565480e-05
Error of spin 0 active space orbital 3: 6.840882e-04
Error of spin 0 active space orbital 4: 1.533483e-03
Error of spin 0 active space orbital 5: 2.741146e-05
Error of spin 0 active space orbital 6: 1.010520e-03
Error of spin 0 active space orbital 7: 4.821385e-05
Error of spin 1 active space orbital 0: 1.751958e-05
Error of spin 1 active space orbital 1: 5.877837e-06
Error of spin 1 active space orbital 2: 1.151892e-05
Error of spin 1 active space orbital 3: 1.632163e-05
Error of spin 1 active space orbital 4: 2.022826e-05
Error of spin 1 active space orbital 5: 1.936274e-05
Error of spin 1 active space orbital 6: 3.266451e-05
Error of spin 1 active space orbital 7: 3.034156e-04
Refinement timings:
rdm_ii_inv calculation: 0 seconds
one electron part: 0 seconds
AS two electron part: 7 seconds
Core-AS part: 0 seconds
BSH part: 0 seconds
Full function: 7 seconds
Get as orbital updates took 7 seconds
Highest as orbital error: 1.533483e-03
Update Integrals
Calculate all integrals: 1 seconds
Orbital Multiplication: 0 seconds
      Active Space - One electron energy  -9.043423e+01
      Active Space - Two-electron energy  2.647499e+00
              AS-Core correlation energy  0.000000e+00
                       Total core energy  0.000000e+00
                Nuclear repulsion energy  0.000000e+00
                            Total energy  -8.778673e+01
CalculateEnergies took 0 seconds
---------------------------------------------------
Start iteration step: 2
CalculateLagrangeMultiplier took 0 seconds
