8 active alpha orbitals and 8 active beta orbitals
GiveInitialOrbitals took 0 seconds
Calculate all integrals: 1 seconds
Orbital Multiplication: 0 seconds
      Active Space - One electron energy  -9.427710e+01
      Active Space - Two-electron energy  2.697183e+00
              AS-Core correlation energy  0.000000e+00
                       Total core energy  0.000000e+00
                Nuclear repulsion energy  0.000000e+00
                            Total energy  -9.157992e+01
CalculateEnergies took 0 seconds
---------------------------------------------------
Start iteration step: 0
CalculateLagrangeMultiplier took 0 seconds
Error of spin 0 active space orbital 0: 5.880631e-04
Error of spin 0 active space orbital 1: 2.485247e-03
Error of spin 0 active space orbital 2: 3.372880e-04
Error of spin 0 active space orbital 3: 2.709808e-03
Error of spin 0 active space orbital 4: 3.173305e-03
Error of spin 0 active space orbital 5: 2.038439e-03
Error of spin 0 active space orbital 6: 2.876795e-03
Error of spin 0 active space orbital 7: 5.551036e-02
Error of spin 1 active space orbital 0: 2.100769e-04
Error of spin 1 active space orbital 1: 4.603940e-04
Error of spin 1 active space orbital 2: 3.893444e-04
Error of spin 1 active space orbital 3: 1.264572e-03
Error of spin 1 active space orbital 4: 7.994140e-04
Error of spin 1 active space orbital 5: 8.024447e-04
Error of spin 1 active space orbital 6: 1.405076e-03
Error of spin 1 active space orbital 7: 1.367548e-02
Refinement timings:
rdm_ii_inv calculation: 0 seconds
one electron part: 0 seconds
AS two electron part: 6 seconds
Core-AS part: 0 seconds
BSH part: 0 seconds
Full function: 7 seconds
Get as orbital updates took 7 seconds
Highest as orbital error: 5.551036e-02
Update Integrals
Calculate all integrals: 1 seconds
Orbital Multiplication: 0 seconds
      Active Space - One electron energy  -9.429097e+01
      Active Space - Two-electron energy  2.696958e+00
              AS-Core correlation energy  0.000000e+00
                       Total core energy  0.000000e+00
                Nuclear repulsion energy  0.000000e+00
                            Total energy  -9.159401e+01
CalculateEnergies took 0 seconds
---------------------------------------------------
Start iteration step: 1
CalculateLagrangeMultiplier took 0 seconds
Error of spin 0 active space orbital 0: 2.639504e-04
Error of spin 0 active space orbital 1: 1.903035e-03
Error of spin 0 active space orbital 2: 1.925694e-04
Error of spin 0 active space orbital 3: 1.861796e-03
Error of spin 0 active space orbital 4: 1.850629e-03
Error of spin 0 active space orbital 5: 1.936363e-03
Error of spin 0 active space orbital 6: 1.559870e-03
Error of spin 0 active space orbital 7: 4.790036e-02
Error of spin 1 active space orbital 0: 1.821483e-04
Error of spin 1 active space orbital 1: 1.522779e-04
Error of spin 1 active space orbital 2: 2.435295e-04
Error of spin 1 active space orbital 3: 7.349813e-04
Error of spin 1 active space orbital 4: 3.555489e-04
Error of spin 1 active space orbital 5: 4.907798e-04
Error of spin 1 active space orbital 6: 9.181157e-04
Error of spin 1 active space orbital 7: 9.908750e-03
Refinement timings:
rdm_ii_inv calculation: 0 seconds
one electron part: 0 seconds
AS two electron part: 7 seconds
Core-AS part: 0 seconds
BSH part: 0 seconds
Full function: 7 seconds
Get as orbital updates took 7 seconds
Highest as orbital error: 4.790036e-02
Update Integrals
Calculate all integrals: 1 seconds
Orbital Multiplication: 0 seconds
      Active Space - One electron energy  -9.430113e+01
      Active Space - Two-electron energy  2.696292e+00
              AS-Core correlation energy  0.000000e+00
                       Total core energy  0.000000e+00
                Nuclear repulsion energy  0.000000e+00
                            Total energy  -9.160484e+01
CalculateEnergies took 0 seconds
---------------------------------------------------
Start iteration step: 2
CalculateLagrangeMultiplier took 0 seconds
Error of spin 0 active space orbital 0: 1.930904e-04
Error of spin 0 active space orbital 1: 2.228604e-03
Error of spin 0 active space orbital 2: 1.621687e-04
Error of spin 0 active space orbital 3: 1.994052e-03
Error of spin 0 active space orbital 4: 1.103136e-03
Error of spin 0 active space orbital 5: 2.278015e-03
Error of spin 0 active space orbital 6: 8.051047e-04
Error of spin 0 active space orbital 7: 4.314699e-02
Error of spin 1 active space orbital 0: 2.274061e-04
Error of spin 1 active space orbital 1: 1.417938e-04
Error of spin 1 active space orbital 2: 1.624478e-04
Error of spin 1 active space orbital 3: 4.735866e-04
Error of spin 1 active space orbital 4: 1.835573e-04
Error of spin 1 active space orbital 5: 3.547707e-04
Error of spin 1 active space orbital 6: 7.341762e-04
Error of spin 1 active space orbital 7: 8.078101e-03
Refinement timings:
rdm_ii_inv calculation: 0 seconds
one electron part: 0 seconds
AS two electron part: 7 seconds
Core-AS part: 0 seconds
BSH part: 0 seconds
Full function: 7 seconds
Get as orbital updates took 7 seconds
Highest as orbital error: 4.314699e-02
Update Integrals
Calculate all integrals: 1 seconds
Orbital Multiplication: 0 seconds
      Active Space - One electron energy  -9.430921e+01
      Active Space - Two-electron energy  2.695492e+00
              AS-Core correlation energy  0.000000e+00
                       Total core energy  0.000000e+00
                Nuclear repulsion energy  0.000000e+00
                            Total energy  -9.161372e+01
CalculateEnergies took 0 seconds
---------------------------------------------------
Start iteration step: 3
CalculateLagrangeMultiplier took 0 seconds
Error of spin 0 active space orbital 0: 1.713971e-04
Error of spin 0 active space orbital 1: 2.364785e-03
Error of spin 0 active space orbital 2: 1.435288e-04
Error of spin 0 active space orbital 3: 2.263287e-03
Error of spin 0 active space orbital 4: 6.852508e-04
Error of spin 0 active space orbital 5: 2.486907e-03
Error of spin 0 active space orbital 6: 4.007335e-04
Error of spin 0 active space orbital 7: 3.970743e-02
Error of spin 1 active space orbital 0: 2.524128e-04
Error of spin 1 active space orbital 1: 1.461448e-04
Error of spin 1 active space orbital 2: 1.156714e-04
Error of spin 1 active space orbital 3: 3.282232e-04
Error of spin 1 active space orbital 4: 1.778894e-04
Error of spin 1 active space orbital 5: 2.972204e-04
Error of spin 1 active space orbital 6: 6.582646e-04
Error of spin 1 active space orbital 7: 7.173340e-03
Refinement timings:
rdm_ii_inv calculation: 0 seconds
one electron part: 0 seconds
AS two electron part: 7 seconds
Core-AS part: 0 seconds
BSH part: 0 seconds
Full function: 7 seconds
Get as orbital updates took 7 seconds
Highest as orbital error: 3.970743e-02
Update Integrals
Calculate all integrals: 2 seconds
Orbital Multiplication: 0 seconds
      Active Space - One electron energy  -9.431586e+01
      Active Space - Two-electron energy  2.694708e+00
              AS-Core correlation energy  0.000000e+00
                       Total core energy  0.000000e+00
                Nuclear repulsion energy  0.000000e+00
                            Total energy  -9.162116e+01
CalculateEnergies took 0 seconds
---------------------------------------------------
Start iteration step: 4
CalculateLagrangeMultiplier took 0 seconds
Error of spin 0 active space orbital 0: 1.470052e-04
Error of spin 0 active space orbital 1: 2.312099e-03
Error of spin 0 active space orbital 2: 1.408472e-04
Error of spin 0 active space orbital 3: 2.448912e-03
Error of spin 0 active space orbital 4: 4.831589e-04
Error of spin 0 active space orbital 5: 2.550532e-03
Error of spin 0 active space orbital 6: 2.586422e-04
Error of spin 0 active space orbital 7: 3.696348e-02
Error of spin 1 active space orbital 0: 2.648922e-04
Error of spin 1 active space orbital 1: 1.386151e-04
Error of spin 1 active space orbital 2: 8.995663e-05
Error of spin 1 active space orbital 3: 2.426225e-04
Error of spin 1 active space orbital 4: 2.085018e-04
Error of spin 1 active space orbital 5: 2.713134e-04
Error of spin 1 active space orbital 6: 6.235964e-04
Error of spin 1 active space orbital 7: 6.662408e-03
Refinement timings:
rdm_ii_inv calculation: 0 seconds
one electron part: 0 seconds
AS two electron part: 7 seconds
Core-AS part: 0 seconds
BSH part: 0 seconds
Full function: 7 seconds
Get as orbital updates took 7 seconds
Highest as orbital error: 3.696348e-02
Update Integrals
Calculate all integrals: 1 seconds
Orbital Multiplication: 0 seconds
      Active Space - One electron energy  -9.432143e+01
      Active Space - Two-electron energy  2.694003e+00
              AS-Core correlation energy  0.000000e+00
                       Total core energy  0.000000e+00
                Nuclear repulsion energy  0.000000e+00
                            Total energy  -9.162743e+01
CalculateEnergies took 0 seconds
Calculate all integrals: 1 seconds
Orbital Multiplication: 0 seconds
      Active Space - One electron energy  -9.432143e+01
      Active Space - Two-electron energy  2.694003e+00
              AS-Core correlation energy  0.000000e+00
                       Total core energy  0.000000e+00
                Nuclear repulsion energy  0.000000e+00
                            Total energy  -9.162743e+01
CalculateEnergies took 0 seconds
Norm spin: 0 as orb 0:1.000000e+00
Norm spin: 0 as orb 1:1.000000e+00
Norm spin: 0 as orb 2:1.000000e+00
Norm spin: 0 as orb 3:1.000000e+00
Norm spin: 0 as orb 4:1.000000e+00
Norm spin: 0 as orb 5:1.000000e+00
Norm spin: 0 as orb 6:1.000000e+00
Norm spin: 0 as orb 7:1.000000e+00
Norm spin: 1 as orb 0:1.000000e+00
Norm spin: 1 as orb 1:1.000000e+00
Norm spin: 1 as orb 2:1.000000e+00
Norm spin: 1 as orb 3:1.000000e+00
Norm spin: 1 as orb 4:1.000000e+00
Norm spin: 1 as orb 5:1.000000e+00
Norm spin: 1 as orb 6:1.000000e+00
Norm spin: 1 as orb 7:1.000000e+00
