8 active alpha orbitals and 8 active beta orbitals
GiveInitialOrbitals took 0 seconds
Calculate all integrals: 1 seconds
Orbital Multiplication: 0 seconds
      Active Space - One electron energy  -1.046931e+02
      Active Space - Two-electron energy  2.748809e+00
              AS-Core correlation energy  0.000000e+00
                       Total core energy  0.000000e+00
                Nuclear repulsion energy  0.000000e+00
                            Total energy  -1.019443e+02
CalculateEnergies took 0 seconds
---------------------------------------------------
Start iteration step: 0
CalculateLagrangeMultiplier took 0 seconds
Error of spin 0 active space orbital 0: 2.642121e-05
Error of spin 0 active space orbital 1: 1.275767e-04
Error of spin 0 active space orbital 2: 1.194600e-04
Error of spin 0 active space orbital 3: 6.045258e-05
Error of spin 0 active space orbital 4: 3.228295e-04
Error of spin 0 active space orbital 5: 1.015800e-04
Error of spin 0 active space orbital 6: 1.717983e-04
Error of spin 0 active space orbital 7: 1.447057e-03
Error of spin 1 active space orbital 0: 5.839635e-04
Error of spin 1 active space orbital 1: 1.951140e-04
Error of spin 1 active space orbital 2: 5.920949e-05
Error of spin 1 active space orbital 3: 8.731683e-04
Error of spin 1 active space orbital 4: 2.532319e-04
Error of spin 1 active space orbital 5: 3.462679e-04
Error of spin 1 active space orbital 6: 7.986770e-04
Error of spin 1 active space orbital 7: 6.902400e-04
Refinement timings:
rdm_ii_inv calculation: 0 seconds
one electron part: 0 seconds
AS two electron part: 6 seconds
Core-AS part: 0 seconds
BSH part: 0 seconds
Full function: 6 seconds
Get as orbital updates took 6 seconds
Highest as orbital error: 1.447057e-03
Update Integrals
Calculate all integrals: 1 seconds
Orbital Multiplication: 0 seconds
      Active Space - One electron energy  -1.046929e+02
      Active Space - Two-electron energy  2.748997e+00
              AS-Core correlation energy  0.000000e+00
                       Total core energy  0.000000e+00
                Nuclear repulsion energy  0.000000e+00
                            Total energy  -1.019439e+02
CalculateEnergies took 0 seconds
---------------------------------------------------
Start iteration step: 1
CalculateLagrangeMultiplier took 0 seconds
Error of spin 0 active space orbital 0: 1.601581e-05
Error of spin 0 active space orbital 1: 1.161681e-04
Error of spin 0 active space orbital 2: 9.161550e-05
Error of spin 0 active space orbital 3: 5.466711e-05
Error of spin 0 active space orbital 4: 2.718196e-04
Error of spin 0 active space orbital 5: 8.558347e-05
Error of spin 0 active space orbital 6: 1.296691e-04
Error of spin 0 active space orbital 7: 1.314196e-03
Error of spin 1 active space orbital 0: 5.413617e-04
Error of spin 1 active space orbital 1: 1.747628e-04
Error of spin 1 active space orbital 2: 4.772998e-05
Error of spin 1 active space orbital 3: 8.174041e-04
Error of spin 1 active space orbital 4: 2.003145e-04
Error of spin 1 active space orbital 5: 1.777402e-04
Error of spin 1 active space orbital 6: 7.128983e-04
Error of spin 1 active space orbital 7: 3.188414e-04
Refinement timings:
rdm_ii_inv calculation: 0 seconds
one electron part: 0 seconds
AS two electron part: 6 seconds
Core-AS part: 0 seconds
BSH part: 0 seconds
Full function: 6 seconds
Get as orbital updates took 6 seconds
Highest as orbital error: 1.314196e-03
Update Integrals
Calculate all integrals: 1 seconds
Orbital Multiplication: 0 seconds
      Active Space - One electron energy  -1.046927e+02
      Active Space - Two-electron energy  2.749169e+00
              AS-Core correlation energy  0.000000e+00
                       Total core energy  0.000000e+00
                Nuclear repulsion energy  0.000000e+00
                            Total energy  -1.019435e+02
CalculateEnergies took 0 seconds
---------------------------------------------------
Start iteration step: 2
CalculateLagrangeMultiplier took 0 seconds
Error of spin 0 active space orbital 0: 1.159520e-05
Error of spin 0 active space orbital 1: 1.048699e-04
Error of spin 0 active space orbital 2: 7.352834e-05
Error of spin 0 active space orbital 3: 5.181597e-05
Error of spin 0 active space orbital 4: 2.328335e-04
Error of spin 0 active space orbital 5: 8.575794e-05
Error of spin 0 active space orbital 6: 1.136918e-04
Error of spin 0 active space orbital 7: 1.201470e-03
Error of spin 1 active space orbital 0: 5.026696e-04
Error of spin 1 active space orbital 1: 1.580932e-04
Error of spin 1 active space orbital 2: 4.576494e-05
Error of spin 1 active space orbital 3: 7.623084e-04
Error of spin 1 active space orbital 4: 1.681829e-04
Error of spin 1 active space orbital 5: 9.940771e-05
Error of spin 1 active space orbital 6: 6.459904e-04
Error of spin 1 active space orbital 7: 1.787954e-04
Refinement timings:
rdm_ii_inv calculation: 0 seconds
one electron part: 0 seconds
AS two electron part: 6 seconds
Core-AS part: 0 seconds
BSH part: 0 seconds
Full function: 6 seconds
Get as orbital updates took 6 seconds
Highest as orbital error: 1.201470e-03
Update Integrals
Calculate all integrals: 1 seconds
Orbital Multiplication: 0 seconds
      Active Space - One electron energy  -1.046925e+02
      Active Space - Two-electron energy  2.749325e+00
              AS-Core correlation energy  0.000000e+00
                       Total core energy  0.000000e+00
                Nuclear repulsion energy  0.000000e+00
                            Total energy  -1.019432e+02
CalculateEnergies took 0 seconds
---------------------------------------------------
Start iteration step: 3
CalculateLagrangeMultiplier took 0 seconds
Error of spin 0 active space orbital 0: 9.723963e-06
Error of spin 0 active space orbital 1: 9.371885e-05
Error of spin 0 active space orbital 2: 6.073764e-05
Error of spin 0 active space orbital 3: 4.905278e-05
Error of spin 0 active space orbital 4: 2.011745e-04
Error of spin 0 active space orbital 5: 8.600031e-05
Error of spin 0 active space orbital 6: 1.042493e-04
Error of spin 0 active space orbital 7: 1.102494e-03
Error of spin 1 active space orbital 0: 4.664973e-04
Error of spin 1 active space orbital 1: 1.436111e-04
Error of spin 1 active space orbital 2: 4.387730e-05
Error of spin 1 active space orbital 3: 7.090971e-04
Error of spin 1 active space orbital 4: 1.464690e-04
Error of spin 1 active space orbital 5: 8.022974e-05
Error of spin 1 active space orbital 6: 5.894652e-04
Error of spin 1 active space orbital 7: 1.882098e-04
Refinement timings:
rdm_ii_inv calculation: 0 seconds
one electron part: 0 seconds
AS two electron part: 6 seconds
Core-AS part: 0 seconds
BSH part: 0 seconds
Full function: 6 seconds
Get as orbital updates took 6 seconds
Highest as orbital error: 1.102494e-03
Update Integrals
Calculate all integrals: 1 seconds
Orbital Multiplication: 0 seconds
      Active Space - One electron energy  -1.046923e+02
      Active Space - Two-electron energy  2.749468e+00
              AS-Core correlation energy  0.000000e+00
                       Total core energy  0.000000e+00
                Nuclear repulsion energy  0.000000e+00
                            Total energy  -1.019428e+02
CalculateEnergies took 0 seconds
---------------------------------------------------
Start iteration step: 4
CalculateLagrangeMultiplier took 0 seconds
Error of spin 0 active space orbital 0: 8.866528e-06
Error of spin 0 active space orbital 1: 8.311169e-05
Error of spin 0 active space orbital 2: 5.108833e-05
Error of spin 0 active space orbital 3: 4.614218e-05
Error of spin 0 active space orbital 4: 1.746253e-04
Error of spin 0 active space orbital 5: 8.419673e-05
Error of spin 0 active space orbital 6: 9.627381e-05
Error of spin 0 active space orbital 7: 1.013766e-03
Error of spin 1 active space orbital 0: 4.325478e-04
Error of spin 1 active space orbital 1: 1.307720e-04
Error of spin 1 active space orbital 2: 4.167257e-05
Error of spin 1 active space orbital 3: 6.584724e-04
Error of spin 1 active space orbital 4: 1.301373e-04
Error of spin 1 active space orbital 5: 8.353817e-05
Error of spin 1 active space orbital 6: 5.400501e-04
Error of spin 1 active space orbital 7: 2.296343e-04
Refinement timings:
rdm_ii_inv calculation: 0 seconds
one electron part: 0 seconds
AS two electron part: 6 seconds
Core-AS part: 0 seconds
BSH part: 0 seconds
Full function: 6 seconds
Get as orbital updates took 6 seconds
Highest as orbital error: 1.013766e-03
Update Integrals
Calculate all integrals: 1 seconds
Orbital Multiplication: 0 seconds
      Active Space - One electron energy  -1.046921e+02
      Active Space - Two-electron energy  2.749599e+00
              AS-Core correlation energy  0.000000e+00
                       Total core energy  0.000000e+00
                Nuclear repulsion energy  0.000000e+00
                            Total energy  -1.019425e+02
CalculateEnergies took 0 seconds
Calculate all integrals: 1 seconds
Orbital Multiplication: 0 seconds
      Active Space - One electron energy  -1.046921e+02
      Active Space - Two-electron energy  2.749599e+00
              AS-Core correlation energy  0.000000e+00
                       Total core energy  0.000000e+00
                Nuclear repulsion energy  0.000000e+00
                            Total energy  -1.019425e+02
CalculateEnergies took 0 seconds
Norm spin: 0 as orb 0:1.000000e+00
Norm spin: 0 as orb 1:1.000000e+00
Norm spin: 0 as orb 2:1.000000e+00
Norm spin: 0 as orb 3:1.000000e+00
Norm spin: 0 as orb 4:1.000000e+00
Norm spin: 0 as orb 5:1.000000e+00
Norm spin: 0 as orb 6:1.000000e+00
Norm spin: 0 as orb 7:1.000000e+00
Norm spin: 1 as orb 0:1.000000e+00
Norm spin: 1 as orb 1:1.000000e+00
Norm spin: 1 as orb 2:1.000000e+00
Norm spin: 1 as orb 3:1.000000e+00
Norm spin: 1 as orb 4:1.000000e+00
Norm spin: 1 as orb 5:1.000000e+00
Norm spin: 1 as orb 6:1.000000e+00
Norm spin: 1 as orb 7:1.000000e+00
