8 active alpha orbitals and 8 active beta orbitals
GiveInitialOrbitals took 0 seconds
Calculate all integrals: 1 seconds
Orbital Multiplication: 0 seconds
      Active Space - One electron energy  -7.960797e+01
      Active Space - Two-electron energy  3.574023e+00
              AS-Core correlation energy  0.000000e+00
                       Total core energy  0.000000e+00
                Nuclear repulsion energy  0.000000e+00
                            Total energy  -7.603395e+01
CalculateEnergies took 0 seconds
---------------------------------------------------
Start iteration step: 0
CalculateLagrangeMultiplier took 0 seconds
Error of spin 0 active space orbital 0: 8.378150e-05
Error of spin 0 active space orbital 1: 7.023358e-04
Error of spin 0 active space orbital 2: 2.385248e-04
Error of spin 0 active space orbital 3: 6.006062e-05
Error of spin 0 active space orbital 4: 2.122997e-04
Error of spin 0 active space orbital 5: 1.278057e-03
Error of spin 0 active space orbital 6: 2.077959e-04
Error of spin 0 active space orbital 7: 6.085599e-04
Error of spin 1 active space orbital 0: 8.379082e-05
Error of spin 1 active space orbital 1: 7.023362e-04
Error of spin 1 active space orbital 2: 2.385251e-04
Error of spin 1 active space orbital 3: 6.006060e-05
Error of spin 1 active space orbital 4: 2.122992e-04
Error of spin 1 active space orbital 5: 1.278058e-03
Error of spin 1 active space orbital 6: 2.077983e-04
Error of spin 1 active space orbital 7: 6.085594e-04
Refinement timings:
rdm_ii_inv calculation: 0 seconds
one electron part: 0 seconds
AS two electron part: 6 seconds
Core-AS part: 0 seconds
BSH part: 0 seconds
Full function: 6 seconds
Get as orbital updates took 6 seconds
Highest as orbital error: 1.278058e-03
Update Integrals
Calculate all integrals: 1 seconds
Orbital Multiplication: 0 seconds
      Active Space - One electron energy  -7.960824e+01
      Active Space - Two-electron energy  3.573909e+00
              AS-Core correlation energy  0.000000e+00
                       Total core energy  0.000000e+00
                Nuclear repulsion energy  0.000000e+00
                            Total energy  -7.603433e+01
CalculateEnergies took 0 seconds
---------------------------------------------------
Start iteration step: 1
CalculateLagrangeMultiplier took 0 seconds
Error of spin 0 active space orbital 0: 8.565367e-05
Error of spin 0 active space orbital 1: 7.174305e-04
Error of spin 0 active space orbital 2: 2.399534e-04
Error of spin 0 active space orbital 3: 5.669704e-05
Error of spin 0 active space orbital 4: 1.808521e-04
Error of spin 0 active space orbital 5: 1.099447e-03
Error of spin 0 active space orbital 6: 1.824171e-04
Error of spin 0 active space orbital 7: 5.254475e-04
Error of spin 1 active space orbital 0: 8.566246e-05
Error of spin 1 active space orbital 1: 7.174305e-04
Error of spin 1 active space orbital 2: 2.399534e-04
Error of spin 1 active space orbital 3: 5.669720e-05
Error of spin 1 active space orbital 4: 1.808519e-04
Error of spin 1 active space orbital 5: 1.099448e-03
Error of spin 1 active space orbital 6: 1.824184e-04
Error of spin 1 active space orbital 7: 5.254476e-04
Refinement timings:
rdm_ii_inv calculation: 0 seconds
one electron part: 0 seconds
AS two electron part: 6 seconds
Core-AS part: 0 seconds
BSH part: 0 seconds
Full function: 6 seconds
Get as orbital updates took 6 seconds
Highest as orbital error: 1.099448e-03
Update Integrals
Calculate all integrals: 1 seconds
Orbital Multiplication: 0 seconds
      Active Space - One electron energy  -7.960839e+01
      Active Space - Two-electron energy  3.573783e+00
              AS-Core correlation energy  0.000000e+00
                       Total core energy  0.000000e+00
                Nuclear repulsion energy  0.000000e+00
                            Total energy  -7.603460e+01
CalculateEnergies took 0 seconds
---------------------------------------------------
Start iteration step: 2
CalculateLagrangeMultiplier took 0 seconds
