8 active alpha orbitals and 8 active beta orbitals
GiveInitialOrbitals took 0 seconds
Calculate all integrals: 1 seconds
Orbital Multiplication: 0 seconds
      Active Space - One electron energy  -9.041047e+01
      Active Space - Two-electron energy  2.650633e+00
              AS-Core correlation energy  0.000000e+00
                       Total core energy  0.000000e+00
                Nuclear repulsion energy  0.000000e+00
                            Total energy  -8.775983e+01
CalculateEnergies took 0 seconds
---------------------------------------------------
Start iteration step: 0
CalculateLagrangeMultiplier took 0 seconds
Error of spin 0 active space orbital 0: 3.548336e-05
Error of spin 0 active space orbital 1: 5.867830e-04
Error of spin 0 active space orbital 2: 5.784527e-05
Error of spin 0 active space orbital 3: 1.035898e-03
Error of spin 0 active space orbital 4: 3.028471e-03
Error of spin 0 active space orbital 5: 9.468813e-05
Error of spin 0 active space orbital 6: 2.137114e-03
Error of spin 0 active space orbital 7: 1.133504e-04
Error of spin 1 active space orbital 0: 3.589073e-05
Error of spin 1 active space orbital 1: 1.995080e-05
Error of spin 1 active space orbital 2: 3.871364e-05
Error of spin 1 active space orbital 3: 5.447537e-05
Error of spin 1 active space orbital 4: 4.596241e-05
Error of spin 1 active space orbital 5: 5.353817e-05
Error of spin 1 active space orbital 6: 9.266035e-05
Error of spin 1 active space orbital 7: 8.831996e-04
Refinement timings:
rdm_ii_inv calculation: 0 seconds
one electron part: 0 seconds
AS two electron part: 7 seconds
Core-AS part: 0 seconds
BSH part: 0 seconds
Full function: 7 seconds
Get as orbital updates took 7 seconds
Highest as orbital error: 3.028471e-03
Update Integrals
Calculate all integrals: 1 seconds
Orbital Multiplication: 0 seconds
      Active Space - One electron energy  -9.041109e+01
      Active Space - Two-electron energy  2.650462e+00
              AS-Core correlation energy  0.000000e+00
                       Total core energy  0.000000e+00
                Nuclear repulsion energy  0.000000e+00
                            Total energy  -8.776063e+01
CalculateEnergies took 0 seconds
---------------------------------------------------
Start iteration step: 1
CalculateLagrangeMultiplier took 0 seconds
Error of spin 0 active space orbital 0: 2.367055e-05
Error of spin 0 active space orbital 1: 5.753997e-04
Error of spin 0 active space orbital 2: 4.260151e-05
Error of spin 0 active space orbital 3: 1.012268e-03
Error of spin 0 active space orbital 4: 2.941768e-03
Error of spin 0 active space orbital 5: 6.127515e-05
Error of spin 0 active space orbital 6: 2.097187e-03
Error of spin 0 active space orbital 7: 9.263985e-05
Error of spin 1 active space orbital 0: 2.573055e-05
Error of spin 1 active space orbital 1: 1.022871e-05
Error of spin 1 active space orbital 2: 1.805635e-05
Error of spin 1 active space orbital 3: 2.776149e-05
Error of spin 1 active space orbital 4: 3.287649e-05
Error of spin 1 active space orbital 5: 3.603440e-05
Error of spin 1 active space orbital 6: 4.767331e-05
Error of spin 1 active space orbital 7: 6.707831e-04
Refinement timings:
rdm_ii_inv calculation: 0 seconds
one electron part: 0 seconds
AS two electron part: 7 seconds
Core-AS part: 0 seconds
BSH part: 0 seconds
Full function: 7 seconds
Get as orbital updates took 7 seconds
Highest as orbital error: 2.941768e-03
Update Integrals
Calculate all integrals: 1 seconds
Orbital Multiplication: 0 seconds
      Active Space - One electron energy  -9.041173e+01
      Active Space - Two-electron energy  2.650302e+00
              AS-Core correlation energy  0.000000e+00
                       Total core energy  0.000000e+00
                Nuclear repulsion energy  0.000000e+00
                            Total energy  -8.776142e+01
CalculateEnergies took 0 seconds
---------------------------------------------------
Start iteration step: 2
CalculateLagrangeMultiplier took 0 seconds
Error of spin 0 active space orbital 0: 1.757584e-05
Error of spin 0 active space orbital 1: 5.635961e-04
Error of spin 0 active space orbital 2: 3.897726e-05
Error of spin 0 active space orbital 3: 9.901987e-04
Error of spin 0 active space orbital 4: 2.863520e-03
Error of spin 0 active space orbital 5: 5.102741e-05
Error of spin 0 active space orbital 6: 2.058334e-03
Error of spin 0 active space orbital 7: 8.669090e-05
Error of spin 1 active space orbital 0: 2.090850e-05
Error of spin 1 active space orbital 1: 9.024526e-06
Error of spin 1 active space orbital 2: 1.097805e-05
Error of spin 1 active space orbital 3: 1.920229e-05
Error of spin 1 active space orbital 4: 3.158562e-05
Error of spin 1 active space orbital 5: 3.163241e-05
Error of spin 1 active space orbital 6: 3.585961e-05
Error of spin 1 active space orbital 7: 5.450763e-04
Refinement timings:
rdm_ii_inv calculation: 0 seconds
one electron part: 0 seconds
AS two electron part: 7 seconds
Core-AS part: 0 seconds
BSH part: 0 seconds
Full function: 7 seconds
Get as orbital updates took 7 seconds
Highest as orbital error: 2.863520e-03
Update Integrals
Calculate all integrals: 1 seconds
Orbital Multiplication: 0 seconds
      Active Space - One electron energy  -9.041235e+01
      Active Space - Two-electron energy  2.650149e+00
              AS-Core correlation energy  0.000000e+00
                       Total core energy  0.000000e+00
                Nuclear repulsion energy  0.000000e+00
                            Total energy  -8.776220e+01
CalculateEnergies took 0 seconds
---------------------------------------------------
Start iteration step: 3
CalculateLagrangeMultiplier took 0 seconds
Error of spin 0 active space orbital 0: 1.423848e-05
Error of spin 0 active space orbital 1: 5.517264e-04
Error of spin 0 active space orbital 2: 4.000217e-05
Error of spin 0 active space orbital 3: 9.687790e-04
Error of spin 0 active space orbital 4: 2.791750e-03
Error of spin 0 active space orbital 5: 5.005910e-05
Error of spin 0 active space orbital 6: 2.019381e-03
Error of spin 0 active space orbital 7: 8.452405e-05
Error of spin 1 active space orbital 0: 1.923330e-05
Error of spin 1 active space orbital 1: 9.866205e-06
Error of spin 1 active space orbital 2: 1.143583e-05
Error of spin 1 active space orbital 3: 1.814283e-05
Error of spin 1 active space orbital 4: 3.174630e-05
Error of spin 1 active space orbital 5: 3.096527e-05
Error of spin 1 active space orbital 6: 3.554753e-05
Error of spin 1 active space orbital 7: 4.602017e-04
Refinement timings:
rdm_ii_inv calculation: 0 seconds
one electron part: 0 seconds
AS two electron part: 7 seconds
Core-AS part: 0 seconds
BSH part: 0 seconds
Full function: 7 seconds
Get as orbital updates took 7 seconds
Highest as orbital error: 2.791750e-03
Update Integrals
Calculate all integrals: 1 seconds
Orbital Multiplication: 0 seconds
      Active Space - One electron energy  -9.041296e+01
      Active Space - Two-electron energy  2.650001e+00
              AS-Core correlation energy  0.000000e+00
                       Total core energy  0.000000e+00
                Nuclear repulsion energy  0.000000e+00
                            Total energy  -8.776296e+01
CalculateEnergies took 0 seconds
---------------------------------------------------
Start iteration step: 4
CalculateLagrangeMultiplier took 0 seconds
Error of spin 0 active space orbital 0: 1.243637e-05
Error of spin 0 active space orbital 1: 5.399407e-04
Error of spin 0 active space orbital 2: 4.241372e-05
Error of spin 0 active space orbital 3: 9.478557e-04
Error of spin 0 active space orbital 4: 2.725049e-03
Error of spin 0 active space orbital 5: 5.149287e-05
Error of spin 0 active space orbital 6: 1.980310e-03
Error of spin 0 active space orbital 7: 8.327466e-05
Error of spin 1 active space orbital 0: 1.931361e-05
Error of spin 1 active space orbital 1: 1.052770e-05
Error of spin 1 active space orbital 2: 1.296320e-05
Error of spin 1 active space orbital 3: 1.870848e-05
Error of spin 1 active space orbital 4: 3.160956e-05
Error of spin 1 active space orbital 5: 3.105892e-05
Error of spin 1 active space orbital 6: 3.786754e-05
Error of spin 1 active space orbital 7: 3.970036e-04
Refinement timings:
rdm_ii_inv calculation: 0 seconds
one electron part: 0 seconds
AS two electron part: 7 seconds
Core-AS part: 0 seconds
BSH part: 0 seconds
Full function: 7 seconds
Get as orbital updates took 7 seconds
Highest as orbital error: 2.725049e-03
Update Integrals
Calculate all integrals: 1 seconds
Orbital Multiplication: 0 seconds
      Active Space - One electron energy  -9.041356e+01
      Active Space - Two-electron energy  2.649858e+00
              AS-Core correlation energy  0.000000e+00
                       Total core energy  0.000000e+00
                Nuclear repulsion energy  0.000000e+00
                            Total energy  -8.776370e+01
CalculateEnergies took 0 seconds
Calculate all integrals: 1 seconds
Orbital Multiplication: 0 seconds
      Active Space - One electron energy  -9.041356e+01
      Active Space - Two-electron energy  2.649858e+00
              AS-Core correlation energy  0.000000e+00
                       Total core energy  0.000000e+00
                Nuclear repulsion energy  0.000000e+00
                            Total energy  -8.776370e+01
CalculateEnergies took 0 seconds
Norm spin: 0 as orb 0:1.000000e+00
Norm spin: 0 as orb 1:1.000000e+00
Norm spin: 0 as orb 2:1.000000e+00
Norm spin: 0 as orb 3:1.000000e+00
Norm spin: 0 as orb 4:1.000000e+00
Norm spin: 0 as orb 5:1.000000e+00
Norm spin: 0 as orb 6:1.000000e+00
Norm spin: 0 as orb 7:1.000000e+00
Norm spin: 1 as orb 0:1.000000e+00
Norm spin: 1 as orb 1:1.000000e+00
Norm spin: 1 as orb 2:1.000000e+00
Norm spin: 1 as orb 3:1.000000e+00
Norm spin: 1 as orb 4:1.000000e+00
Norm spin: 1 as orb 5:1.000000e+00
Norm spin: 1 as orb 6:1.000000e+00
Norm spin: 1 as orb 7:1.000000e+00
