8 active alpha orbitals and 8 active beta orbitals
GiveInitialOrbitals took 0 seconds
Calculate all integrals: 1 seconds
Orbital Multiplication: 0 seconds
      Active Space - One electron energy  -7.972216e+01
      Active Space - Two-electron energy  2.866104e+00
              AS-Core correlation energy  0.000000e+00
                       Total core energy  0.000000e+00
                Nuclear repulsion energy  0.000000e+00
                            Total energy  -7.685605e+01
CalculateEnergies took 0 seconds
---------------------------------------------------
Start iteration step: 0
CalculateLagrangeMultiplier took 0 seconds
Error of spin 0 active space orbital 0: 6.440497e-04
Error of spin 0 active space orbital 1: 4.603456e-05
Error of spin 0 active space orbital 2: 2.412133e-04
Error of spin 0 active space orbital 3: 5.641252e-05
Error of spin 0 active space orbital 4: 1.295047e-04
Error of spin 0 active space orbital 5: 5.577914e-04
Error of spin 0 active space orbital 6: 1.176381e-03
Error of spin 0 active space orbital 7: 2.233863e-03
Error of spin 1 active space orbital 0: 2.070869e-04
Error of spin 1 active space orbital 1: 1.263387e-04
Error of spin 1 active space orbital 2: 9.099262e-05
Error of spin 1 active space orbital 3: 4.932732e-04
Error of spin 1 active space orbital 4: 3.005478e-04
Error of spin 1 active space orbital 5: 1.877810e-03
Error of spin 1 active space orbital 6: 2.425329e-03
Error of spin 1 active space orbital 7: 2.598679e-03
Refinement timings:
rdm_ii_inv calculation: 0 seconds
one electron part: 0 seconds
AS two electron part: 6 seconds
Core-AS part: 0 seconds
BSH part: 0 seconds
Full function: 6 seconds
Get as orbital updates took 6 seconds
Highest as orbital error: 2.598679e-03
Update Integrals
Calculate all integrals: 1 seconds
Orbital Multiplication: 0 seconds
      Active Space - One electron energy  -7.972117e+01
      Active Space - Two-electron energy  2.865661e+00
              AS-Core correlation energy  0.000000e+00
                       Total core energy  0.000000e+00
                Nuclear repulsion energy  0.000000e+00
                            Total energy  -7.685551e+01
CalculateEnergies took 0 seconds
---------------------------------------------------
Start iteration step: 1
CalculateLagrangeMultiplier took 0 seconds
Error of spin 0 active space orbital 0: 5.585808e-04
Error of spin 0 active space orbital 1: 4.519664e-05
Error of spin 0 active space orbital 2: 1.966384e-04
Error of spin 0 active space orbital 3: 5.554624e-05
Error of spin 0 active space orbital 4: 1.068458e-04
Error of spin 0 active space orbital 5: 3.414131e-04
Error of spin 0 active space orbital 6: 1.136688e-03
Error of spin 0 active space orbital 7: 1.727181e-03
Error of spin 1 active space orbital 0: 1.858562e-04
Error of spin 1 active space orbital 1: 1.563508e-04
Error of spin 1 active space orbital 2: 7.840764e-05
Error of spin 1 active space orbital 3: 4.445354e-04
Error of spin 1 active space orbital 4: 1.679235e-04
Error of spin 1 active space orbital 5: 1.545603e-03
Error of spin 1 active space orbital 6: 1.981550e-03
Error of spin 1 active space orbital 7: 1.606784e-03
Refinement timings:
rdm_ii_inv calculation: 0 seconds
one electron part: 0 seconds
AS two electron part: 6 seconds
Core-AS part: 0 seconds
BSH part: 0 seconds
Full function: 6 seconds
Get as orbital updates took 6 seconds
Highest as orbital error: 1.981550e-03
Update Integrals
Calculate all integrals: 1 seconds
Orbital Multiplication: 0 seconds
      Active Space - One electron energy  -7.972031e+01
      Active Space - Two-electron energy  2.865274e+00
              AS-Core correlation energy  0.000000e+00
                       Total core energy  0.000000e+00
                Nuclear repulsion energy  0.000000e+00
                            Total energy  -7.685504e+01
CalculateEnergies took 0 seconds
---------------------------------------------------
Start iteration step: 2
CalculateLagrangeMultiplier took 0 seconds
Error of spin 0 active space orbital 0: 4.855378e-04
Error of spin 0 active space orbital 1: 4.073555e-05
Error of spin 0 active space orbital 2: 1.555594e-04
Error of spin 0 active space orbital 3: 5.182416e-05
Error of spin 0 active space orbital 4: 9.273883e-05
Error of spin 0 active space orbital 5: 2.378043e-04
Error of spin 0 active space orbital 6: 1.027897e-03
Error of spin 0 active space orbital 7: 1.413363e-03
Error of spin 1 active space orbital 0: 1.666334e-04
Error of spin 1 active space orbital 1: 1.347561e-04
Error of spin 1 active space orbital 2: 6.891234e-05
Error of spin 1 active space orbital 3: 4.013298e-04
Error of spin 1 active space orbital 4: 1.213427e-04
Error of spin 1 active space orbital 5: 1.304768e-03
Error of spin 1 active space orbital 6: 1.660936e-03
Error of spin 1 active space orbital 7: 1.108558e-03
Refinement timings:
rdm_ii_inv calculation: 0 seconds
one electron part: 0 seconds
AS two electron part: 6 seconds
Core-AS part: 0 seconds
BSH part: 0 seconds
Full function: 6 seconds
Get as orbital updates took 6 seconds
Highest as orbital error: 1.660936e-03
Update Integrals
Calculate all integrals: 1 seconds
Orbital Multiplication: 0 seconds
      Active Space - One electron energy  -7.971954e+01
      Active Space - Two-electron energy  2.864936e+00
              AS-Core correlation energy  0.000000e+00
                       Total core energy  0.000000e+00
                Nuclear repulsion energy  0.000000e+00
                            Total energy  -7.685461e+01
CalculateEnergies took 0 seconds
---------------------------------------------------
Start iteration step: 3
CalculateLagrangeMultiplier took 0 seconds
Error of spin 0 active space orbital 0: 4.225879e-04
Error of spin 0 active space orbital 1: 3.594703e-05
Error of spin 0 active space orbital 2: 1.250018e-04
Error of spin 0 active space orbital 3: 4.729547e-05
Error of spin 0 active space orbital 4: 8.210215e-05
Error of spin 0 active space orbital 5: 1.889823e-04
Error of spin 0 active space orbital 6: 9.061127e-04
Error of spin 0 active space orbital 7: 1.183549e-03
Error of spin 1 active space orbital 0: 1.498849e-04
Error of spin 1 active space orbital 1: 1.075429e-04
Error of spin 1 active space orbital 2: 5.961950e-05
Error of spin 1 active space orbital 3: 3.575598e-04
Error of spin 1 active space orbital 4: 9.977662e-05
Error of spin 1 active space orbital 5: 1.111302e-03
Error of spin 1 active space orbital 6: 1.406961e-03
Error of spin 1 active space orbital 7: 8.032999e-04
Refinement timings:
rdm_ii_inv calculation: 0 seconds
one electron part: 0 seconds
AS two electron part: 6 seconds
Core-AS part: 0 seconds
BSH part: 0 seconds
Full function: 6 seconds
Get as orbital updates took 6 seconds
Highest as orbital error: 1.406961e-03
Update Integrals
Calculate all integrals: 1 seconds
Orbital Multiplication: 0 seconds
      Active Space - One electron energy  -7.971886e+01
      Active Space - Two-electron energy  2.864639e+00
              AS-Core correlation energy  0.000000e+00
                       Total core energy  0.000000e+00
                Nuclear repulsion energy  0.000000e+00
                            Total energy  -7.685422e+01
CalculateEnergies took 0 seconds
---------------------------------------------------
Start iteration step: 4
CalculateLagrangeMultiplier took 0 seconds
Error of spin 0 active space orbital 0: 3.681648e-04
Error of spin 0 active space orbital 1: 3.163530e-05
Error of spin 0 active space orbital 2: 1.023660e-04
Error of spin 0 active space orbital 3: 4.286520e-05
Error of spin 0 active space orbital 4: 7.325601e-05
Error of spin 0 active space orbital 5: 1.631036e-04
Error of spin 0 active space orbital 6: 7.908393e-04
Error of spin 0 active space orbital 7: 1.003364e-03
Error of spin 1 active space orbital 0: 1.338646e-04
Error of spin 1 active space orbital 1: 8.311473e-05
Error of spin 1 active space orbital 2: 5.132126e-05
Error of spin 1 active space orbital 3: 3.157933e-04
Error of spin 1 active space orbital 4: 8.646489e-05
Error of spin 1 active space orbital 5: 9.512387e-04
Error of spin 1 active space orbital 6: 1.197523e-03
Error of spin 1 active space orbital 7: 5.958357e-04
Refinement timings:
rdm_ii_inv calculation: 0 seconds
one electron part: 0 seconds
AS two electron part: 6 seconds
Core-AS part: 0 seconds
BSH part: 0 seconds
Full function: 6 seconds
Get as orbital updates took 6 seconds
Highest as orbital error: 1.197523e-03
Update Integrals
Calculate all integrals: 1 seconds
Orbital Multiplication: 0 seconds
      Active Space - One electron energy  -7.971823e+01
      Active Space - Two-electron energy  2.864377e+00
              AS-Core correlation energy  0.000000e+00
                       Total core energy  0.000000e+00
                Nuclear repulsion energy  0.000000e+00
                            Total energy  -7.685386e+01
CalculateEnergies took 0 seconds
Calculate all integrals: 1 seconds
Orbital Multiplication: 0 seconds
      Active Space - One electron energy  -7.971823e+01
      Active Space - Two-electron energy  2.864377e+00
              AS-Core correlation energy  0.000000e+00
                       Total core energy  0.000000e+00
                Nuclear repulsion energy  0.000000e+00
                            Total energy  -7.685386e+01
CalculateEnergies took 0 seconds
Norm spin: 0 as orb 0:1.000000e+00
Norm spin: 0 as orb 1:1.000000e+00
Norm spin: 0 as orb 2:1.000000e+00
Norm spin: 0 as orb 3:1.000000e+00
Norm spin: 0 as orb 4:1.000000e+00
Norm spin: 0 as orb 5:1.000000e+00
Norm spin: 0 as orb 6:1.000000e+00
Norm spin: 0 as orb 7:1.000000e+00
Norm spin: 1 as orb 0:1.000000e+00
Norm spin: 1 as orb 1:1.000000e+00
Norm spin: 1 as orb 2:1.000000e+00
Norm spin: 1 as orb 3:1.000000e+00
Norm spin: 1 as orb 4:1.000000e+00
Norm spin: 1 as orb 5:1.000000e+00
Norm spin: 1 as orb 6:1.000000e+00
Norm spin: 1 as orb 7:1.000000e+00
