8 active alpha orbitals and 8 active beta orbitals
GiveInitialOrbitals took 0 seconds
Calculate all integrals: 1 seconds
Orbital Multiplication: 0 seconds
      Active Space - One electron energy  -7.636918e+01
      Active Space - Two-electron energy  3.579860e+00
              AS-Core correlation energy  0.000000e+00
                       Total core energy  0.000000e+00
                Nuclear repulsion energy  0.000000e+00
                            Total energy  -7.278932e+01
CalculateEnergies took 0 seconds
---------------------------------------------------
Start iteration step: 0
CalculateLagrangeMultiplier took 0 seconds
Error of spin 0 active space orbital 0: 2.631418e-04
Error of spin 0 active space orbital 1: 1.569197e-04
Error of spin 0 active space orbital 2: 3.393902e-04
Error of spin 0 active space orbital 3: 4.608941e-04
Error of spin 0 active space orbital 4: 5.255778e-04
Error of spin 0 active space orbital 5: 8.360105e-04
Error of spin 0 active space orbital 6: 4.730790e-04
Error of spin 0 active space orbital 7: 5.592022e-04
Error of spin 1 active space orbital 0: 4.909594e-04
Error of spin 1 active space orbital 1: 1.372541e-04
Error of spin 1 active space orbital 2: 8.568283e-04
Error of spin 1 active space orbital 3: 9.751247e-04
Error of spin 1 active space orbital 4: 1.350802e-03
Error of spin 1 active space orbital 5: 1.745423e-03
Error of spin 1 active space orbital 6: 5.594092e-04
Error of spin 1 active space orbital 7: 1.188187e-03
Refinement timings:
rdm_ii_inv calculation: 0 seconds
one electron part: 0 seconds
AS two electron part: 6 seconds
Core-AS part: 0 seconds
BSH part: 0 seconds
Full function: 6 seconds
Get as orbital updates took 6 seconds
Highest as orbital error: 1.745423e-03
Update Integrals
Calculate all integrals: 1 seconds
Orbital Multiplication: 0 seconds
      Active Space - One electron energy  -7.636939e+01
      Active Space - Two-electron energy  3.579764e+00
              AS-Core correlation energy  0.000000e+00
                       Total core energy  0.000000e+00
                Nuclear repulsion energy  0.000000e+00
                            Total energy  -7.278963e+01
CalculateEnergies took 0 seconds
---------------------------------------------------
Start iteration step: 1
CalculateLagrangeMultiplier took 0 seconds
Error of spin 0 active space orbital 0: 2.634995e-04
Error of spin 0 active space orbital 1: 1.726230e-04
Error of spin 0 active space orbital 2: 3.604440e-04
Error of spin 0 active space orbital 3: 2.883269e-04
Error of spin 0 active space orbital 4: 3.275808e-04
Error of spin 0 active space orbital 5: 6.968273e-04
Error of spin 0 active space orbital 6: 3.432600e-04
Error of spin 0 active space orbital 7: 4.272136e-04
Error of spin 1 active space orbital 0: 4.907526e-04
Error of spin 1 active space orbital 1: 1.616392e-04
Error of spin 1 active space orbital 2: 8.838930e-04
Error of spin 1 active space orbital 3: 6.145558e-04
Error of spin 1 active space orbital 4: 9.319228e-04
Error of spin 1 active space orbital 5: 1.507751e-03
Error of spin 1 active space orbital 6: 3.651054e-04
Error of spin 1 active space orbital 7: 9.322964e-04
Refinement timings:
rdm_ii_inv calculation: 0 seconds
one electron part: 0 seconds
AS two electron part: 6 seconds
Core-AS part: 0 seconds
BSH part: 0 seconds
Full function: 6 seconds
Get as orbital updates took 6 seconds
Highest as orbital error: 1.507751e-03
Update Integrals
Calculate all integrals: 1 seconds
Orbital Multiplication: 0 seconds
      Active Space - One electron energy  -7.636959e+01
      Active Space - Two-electron energy  3.579668e+00
              AS-Core correlation energy  0.000000e+00
                       Total core energy  0.000000e+00
                Nuclear repulsion energy  0.000000e+00
                            Total energy  -7.278992e+01
CalculateEnergies took 0 seconds
---------------------------------------------------
Start iteration step: 2
CalculateLagrangeMultiplier took 0 seconds
Error of spin 0 active space orbital 0: 2.540294e-04
Error of spin 0 active space orbital 1: 1.565270e-04
Error of spin 0 active space orbital 2: 3.434965e-04
Error of spin 0 active space orbital 3: 1.821219e-04
Error of spin 0 active space orbital 4: 2.032553e-04
Error of spin 0 active space orbital 5: 6.154578e-04
Error of spin 0 active space orbital 6: 2.796850e-04
Error of spin 0 active space orbital 7: 3.461900e-04
Error of spin 1 active space orbital 0: 4.740889e-04
Error of spin 1 active space orbital 1: 1.374031e-04
Error of spin 1 active space orbital 2: 8.359001e-04
Error of spin 1 active space orbital 3: 3.926619e-04
Error of spin 1 active space orbital 4: 6.639297e-04
Error of spin 1 active space orbital 5: 1.374000e-03
Error of spin 1 active space orbital 6: 2.781810e-04
Error of spin 1 active space orbital 7: 7.794802e-04
Refinement timings:
rdm_ii_inv calculation: 0 seconds
one electron part: 0 seconds
AS two electron part: 6 seconds
Core-AS part: 0 seconds
BSH part: 0 seconds
Full function: 6 seconds
Get as orbital updates took 6 seconds
Highest as orbital error: 1.374000e-03
Update Integrals
Calculate all integrals: 1 seconds
Orbital Multiplication: 0 seconds
      Active Space - One electron energy  -7.636975e+01
      Active Space - Two-electron energy  3.579572e+00
              AS-Core correlation energy  0.000000e+00
                       Total core energy  0.000000e+00
                Nuclear repulsion energy  0.000000e+00
                            Total energy  -7.279018e+01
CalculateEnergies took 0 seconds
---------------------------------------------------
Start iteration step: 3
CalculateLagrangeMultiplier took 0 seconds
Error of spin 0 active space orbital 0: 2.414039e-04
Error of spin 0 active space orbital 1: 1.380569e-04
Error of spin 0 active space orbital 2: 3.175765e-04
Error of spin 0 active space orbital 3: 1.154618e-04
Error of spin 0 active space orbital 4: 1.242129e-04
Error of spin 0 active space orbital 5: 5.549512e-04
Error of spin 0 active space orbital 6: 2.333852e-04
Error of spin 0 active space orbital 7: 2.886745e-04
Error of spin 1 active space orbital 0: 4.507797e-04
Error of spin 1 active space orbital 1: 1.130534e-04
Error of spin 1 active space orbital 2: 7.742479e-04
Error of spin 1 active space orbital 3: 2.537117e-04
Error of spin 1 active space orbital 4: 4.897025e-04
Error of spin 1 active space orbital 5: 1.269048e-03
Error of spin 1 active space orbital 6: 2.173257e-04
Error of spin 1 active space orbital 7: 6.703346e-04
Refinement timings:
rdm_ii_inv calculation: 0 seconds
one electron part: 0 seconds
AS two electron part: 6 seconds
Core-AS part: 0 seconds
BSH part: 0 seconds
Full function: 6 seconds
Get as orbital updates took 6 seconds
Highest as orbital error: 1.269048e-03
Update Integrals
Calculate all integrals: 1 seconds
Orbital Multiplication: 0 seconds
      Active Space - One electron energy  -7.636989e+01
      Active Space - Two-electron energy  3.579481e+00
              AS-Core correlation energy  0.000000e+00
                       Total core energy  0.000000e+00
                Nuclear repulsion energy  0.000000e+00
                            Total energy  -7.279041e+01
CalculateEnergies took 0 seconds
---------------------------------------------------
Start iteration step: 4
CalculateLagrangeMultiplier took 0 seconds
Error of spin 0 active space orbital 0: 2.272609e-04
Error of spin 0 active space orbital 1: 1.201996e-04
Error of spin 0 active space orbital 2: 2.905645e-04
Error of spin 0 active space orbital 3: 7.341594e-05
Error of spin 0 active space orbital 4: 7.401976e-05
Error of spin 0 active space orbital 5: 5.054993e-04
Error of spin 0 active space orbital 6: 1.976286e-04
Error of spin 0 active space orbital 7: 2.456451e-04
Error of spin 1 active space orbital 0: 4.249629e-04
Error of spin 1 active space orbital 1: 9.103538e-05
Error of spin 1 active space orbital 2: 7.126710e-04
Error of spin 1 active space orbital 3: 1.664103e-04
Error of spin 1 active space orbital 4: 3.746227e-04
Error of spin 1 active space orbital 5: 1.175884e-03
Error of spin 1 active space orbital 6: 1.733615e-04
Error of spin 1 active space orbital 7: 5.873855e-04
Refinement timings:
rdm_ii_inv calculation: 0 seconds
one electron part: 0 seconds
AS two electron part: 6 seconds
Core-AS part: 0 seconds
BSH part: 0 seconds
Full function: 7 seconds
Get as orbital updates took 7 seconds
Highest as orbital error: 1.175884e-03
Update Integrals
Calculate all integrals: 1 seconds
Orbital Multiplication: 0 seconds
      Active Space - One electron energy  -7.637002e+01
      Active Space - Two-electron energy  3.579394e+00
              AS-Core correlation energy  0.000000e+00
                       Total core energy  0.000000e+00
                Nuclear repulsion energy  0.000000e+00
                            Total energy  -7.279062e+01
CalculateEnergies took 0 seconds
Calculate all integrals: 1 seconds
Orbital Multiplication: 0 seconds
      Active Space - One electron energy  -7.637002e+01
      Active Space - Two-electron energy  3.579394e+00
              AS-Core correlation energy  0.000000e+00
                       Total core energy  0.000000e+00
                Nuclear repulsion energy  0.000000e+00
                            Total energy  -7.279062e+01
CalculateEnergies took 0 seconds
Norm spin: 0 as orb 0:1.000000e+00
Norm spin: 0 as orb 1:1.000000e+00
Norm spin: 0 as orb 2:1.000000e+00
Norm spin: 0 as orb 3:1.000000e+00
Norm spin: 0 as orb 4:1.000000e+00
Norm spin: 0 as orb 5:1.000000e+00
Norm spin: 0 as orb 6:1.000000e+00
Norm spin: 0 as orb 7:1.000000e+00
Norm spin: 1 as orb 0:1.000000e+00
Norm spin: 1 as orb 1:1.000000e+00
Norm spin: 1 as orb 2:1.000000e+00
Norm spin: 1 as orb 3:1.000000e+00
Norm spin: 1 as orb 4:1.000000e+00
Norm spin: 1 as orb 5:1.000000e+00
Norm spin: 1 as orb 6:1.000000e+00
Norm spin: 1 as orb 7:1.000000e+00
