8 active alpha orbitals and 8 active beta orbitals
GiveInitialOrbitals took 0 seconds
Calculate all integrals: 1 seconds
Orbital Multiplication: 0 seconds
      Active Space - One electron energy  -9.040449e+01
      Active Space - Two-electron energy  2.651373e+00
              AS-Core correlation energy  0.000000e+00
                       Total core energy  0.000000e+00
                Nuclear repulsion energy  0.000000e+00
                            Total energy  -8.775312e+01
CalculateEnergies took 0 seconds
---------------------------------------------------
Start iteration step: 0
CalculateLagrangeMultiplier took 0 seconds
Error of spin 0 active space orbital 0: 4.069260e-05
Error of spin 0 active space orbital 1: 6.605894e-04
Error of spin 0 active space orbital 2: 6.475164e-05
Error of spin 0 active space orbital 3: 1.106563e-03
Error of spin 0 active space orbital 4: 1.138458e-04
Error of spin 0 active space orbital 5: 3.445750e-03
Error of spin 0 active space orbital 6: 2.495533e-03
Error of spin 0 active space orbital 7: 1.292438e-04
Error of spin 1 active space orbital 0: 3.834600e-05
Error of spin 1 active space orbital 1: 2.293404e-05
Error of spin 1 active space orbital 2: 4.455404e-05
Error of spin 1 active space orbital 3: 6.283799e-05
Error of spin 1 active space orbital 4: 5.128458e-05
Error of spin 1 active space orbital 5: 6.247133e-05
Error of spin 1 active space orbital 6: 1.022696e-04
Error of spin 1 active space orbital 7: 1.022133e-03
Refinement timings:
rdm_ii_inv calculation: 0 seconds
one electron part: 0 seconds
AS two electron part: 6 seconds
Core-AS part: 0 seconds
BSH part: 0 seconds
Full function: 7 seconds
Get as orbital updates took 7 seconds
Highest as orbital error: 3.445750e-03
Update Integrals
Calculate all integrals: 1 seconds
Orbital Multiplication: 0 seconds
      Active Space - One electron energy  -9.040521e+01
      Active Space - Two-electron energy  2.651178e+00
              AS-Core correlation energy  0.000000e+00
                       Total core energy  0.000000e+00
                Nuclear repulsion energy  0.000000e+00
                            Total energy  -8.775403e+01
CalculateEnergies took 0 seconds
---------------------------------------------------
Start iteration step: 1
CalculateLagrangeMultiplier took 0 seconds
Error of spin 0 active space orbital 0: 2.696989e-05
Error of spin 0 active space orbital 1: 6.474287e-04
Error of spin 0 active space orbital 2: 4.536004e-05
Error of spin 0 active space orbital 3: 1.080766e-03
Error of spin 0 active space orbital 4: 7.347739e-05
Error of spin 0 active space orbital 5: 3.339072e-03
Error of spin 0 active space orbital 6: 2.447405e-03
Error of spin 0 active space orbital 7: 1.043448e-04
Error of spin 1 active space orbital 0: 2.608652e-05
Error of spin 1 active space orbital 1: 1.152756e-05
Error of spin 1 active space orbital 2: 2.052035e-05
Error of spin 1 active space orbital 3: 3.178692e-05
Error of spin 1 active space orbital 4: 3.653854e-05
Error of spin 1 active space orbital 5: 4.154873e-05
Error of spin 1 active space orbital 6: 4.766055e-05
Error of spin 1 active space orbital 7: 7.710454e-04
Refinement timings:
rdm_ii_inv calculation: 0 seconds
one electron part: 0 seconds
AS two electron part: 7 seconds
Core-AS part: 0 seconds
BSH part: 0 seconds
Full function: 7 seconds
Get as orbital updates took 7 seconds
Highest as orbital error: 3.339072e-03
Update Integrals
Calculate all integrals: 1 seconds
Orbital Multiplication: 0 seconds
      Active Space - One electron energy  -9.040594e+01
      Active Space - Two-electron energy  2.650995e+00
              AS-Core correlation energy  0.000000e+00
                       Total core energy  0.000000e+00
                Nuclear repulsion energy  0.000000e+00
                            Total energy  -8.775495e+01
CalculateEnergies took 0 seconds
---------------------------------------------------
Start iteration step: 2
CalculateLagrangeMultiplier took 0 seconds
Error of spin 0 active space orbital 0: 1.991389e-05
Error of spin 0 active space orbital 1: 6.335847e-04
Error of spin 0 active space orbital 2: 4.012670e-05
Error of spin 0 active space orbital 3: 1.056542e-03
Error of spin 0 active space orbital 4: 5.975749e-05
Error of spin 0 active space orbital 5: 3.243760e-03
Error of spin 0 active space orbital 6: 2.400210e-03
Error of spin 0 active space orbital 7: 9.721958e-05
Error of spin 1 active space orbital 0: 2.023224e-05
Error of spin 1 active space orbital 1: 1.009830e-05
Error of spin 1 active space orbital 2: 1.165989e-05
Error of spin 1 active space orbital 3: 2.180991e-05
Error of spin 1 active space orbital 4: 3.551401e-05
Error of spin 1 active space orbital 5: 3.579309e-05
Error of spin 1 active space orbital 6: 3.425065e-05
Error of spin 1 active space orbital 7: 6.223190e-04
Refinement timings:
rdm_ii_inv calculation: 0 seconds
one electron part: 0 seconds
AS two electron part: 7 seconds
Core-AS part: 0 seconds
BSH part: 0 seconds
Full function: 7 seconds
Get as orbital updates took 7 seconds
Highest as orbital error: 3.243760e-03
Update Integrals
Calculate all integrals: 1 seconds
Orbital Multiplication: 0 seconds
      Active Space - One electron energy  -9.040666e+01
      Active Space - Two-electron energy  2.650821e+00
              AS-Core correlation energy  0.000000e+00
                       Total core energy  0.000000e+00
                Nuclear repulsion energy  0.000000e+00
                            Total energy  -8.775584e+01
CalculateEnergies took 0 seconds
---------------------------------------------------
Start iteration step: 3
CalculateLagrangeMultiplier took 0 seconds
Error of spin 0 active space orbital 0: 1.604478e-05
Error of spin 0 active space orbital 1: 6.195876e-04
Error of spin 0 active space orbital 2: 4.100300e-05
Error of spin 0 active space orbital 3: 1.032904e-03
Error of spin 0 active space orbital 4: 5.743106e-05
Error of spin 0 active space orbital 5: 3.156964e-03
Error of spin 0 active space orbital 6: 2.352777e-03
Error of spin 0 active space orbital 7: 9.472485e-05
Error of spin 1 active space orbital 0: 1.877546e-05
Error of spin 1 active space orbital 1: 1.106961e-05
Error of spin 1 active space orbital 2: 1.197924e-05
Error of spin 1 active space orbital 3: 2.051331e-05
Error of spin 1 active space orbital 4: 3.588811e-05
Error of spin 1 active space orbital 5: 3.466400e-05
Error of spin 1 active space orbital 6: 3.619465e-05
Error of spin 1 active space orbital 7: 5.221137e-04
Refinement timings:
rdm_ii_inv calculation: 0 seconds
one electron part: 0 seconds
AS two electron part: 7 seconds
Core-AS part: 0 seconds
BSH part: 0 seconds
Full function: 7 seconds
Get as orbital updates took 7 seconds
Highest as orbital error: 3.156964e-03
Update Integrals
Calculate all integrals: 1 seconds
Orbital Multiplication: 0 seconds
      Active Space - One electron energy  -9.040736e+01
      Active Space - Two-electron energy  2.650652e+00
              AS-Core correlation energy  0.000000e+00
                       Total core energy  0.000000e+00
                Nuclear repulsion energy  0.000000e+00
                            Total energy  -8.775671e+01
CalculateEnergies took 0 seconds
---------------------------------------------------
Start iteration step: 4
CalculateLagrangeMultiplier took 0 seconds
Error of spin 0 active space orbital 0: 1.391358e-05
Error of spin 0 active space orbital 1: 6.056629e-04
Error of spin 0 active space orbital 2: 4.390917e-05
Error of spin 0 active space orbital 3: 1.009726e-03
Error of spin 0 active space orbital 4: 5.849815e-05
Error of spin 0 active space orbital 5: 3.076758e-03
Error of spin 0 active space orbital 6: 2.305175e-03
Error of spin 0 active space orbital 7: 9.326744e-05
Error of spin 1 active space orbital 0: 1.968938e-05
Error of spin 1 active space orbital 1: 1.182503e-05
Error of spin 1 active space orbital 2: 1.381823e-05
Error of spin 1 active space orbital 3: 2.108341e-05
Error of spin 1 active space orbital 4: 3.581876e-05
Error of spin 1 active space orbital 5: 3.461687e-05
Error of spin 1 active space orbital 6: 4.075604e-05
Error of spin 1 active space orbital 7: 4.478415e-04
Refinement timings:
rdm_ii_inv calculation: 0 seconds
one electron part: 0 seconds
AS two electron part: 7 seconds
Core-AS part: 0 seconds
BSH part: 0 seconds
Full function: 7 seconds
Get as orbital updates took 7 seconds
Highest as orbital error: 3.076758e-03
Update Integrals
Calculate all integrals: 1 seconds
Orbital Multiplication: 0 seconds
      Active Space - One electron energy  -9.040804e+01
      Active Space - Two-electron energy  2.650490e+00
              AS-Core correlation energy  0.000000e+00
                       Total core energy  0.000000e+00
                Nuclear repulsion energy  0.000000e+00
                            Total energy  -8.775756e+01
CalculateEnergies took 0 seconds
Calculate all integrals: 1 seconds
Orbital Multiplication: 0 seconds
      Active Space - One electron energy  -9.040804e+01
      Active Space - Two-electron energy  2.650490e+00
              AS-Core correlation energy  0.000000e+00
                       Total core energy  0.000000e+00
                Nuclear repulsion energy  0.000000e+00
                            Total energy  -8.775756e+01
CalculateEnergies took 0 seconds
Norm spin: 0 as orb 0:1.000000e+00
Norm spin: 0 as orb 1:1.000000e+00
Norm spin: 0 as orb 2:1.000000e+00
Norm spin: 0 as orb 3:1.000000e+00
Norm spin: 0 as orb 4:1.000000e+00
Norm spin: 0 as orb 5:1.000000e+00
Norm spin: 0 as orb 6:1.000000e+00
Norm spin: 0 as orb 7:1.000000e+00
Norm spin: 1 as orb 0:1.000000e+00
Norm spin: 1 as orb 1:1.000000e+00
Norm spin: 1 as orb 2:1.000000e+00
Norm spin: 1 as orb 3:1.000000e+00
Norm spin: 1 as orb 4:1.000000e+00
Norm spin: 1 as orb 5:1.000000e+00
Norm spin: 1 as orb 6:1.000000e+00
Norm spin: 1 as orb 7:1.000000e+00
