8 active alpha orbitals and 8 active beta orbitals
GiveInitialOrbitals took 0 seconds
Calculate all integrals: 1 seconds
Orbital Multiplication: 0 seconds
      Active Space - One electron energy  -9.442358e+01
      Active Space - Two-electron energy  2.672608e+00
              AS-Core correlation energy  0.000000e+00
                       Total core energy  0.000000e+00
                Nuclear repulsion energy  0.000000e+00
                            Total energy  -9.175097e+01
CalculateEnergies took 0 seconds
---------------------------------------------------
Start iteration step: 0
CalculateLagrangeMultiplier took 0 seconds
Error of spin 0 active space orbital 0: 2.408868e-05
Error of spin 0 active space orbital 1: 4.229642e-04
Error of spin 0 active space orbital 2: 3.666845e-05
Error of spin 0 active space orbital 3: 8.284121e-04
Error of spin 0 active space orbital 4: 2.202351e-03
Error of spin 0 active space orbital 5: 5.763697e-05
Error of spin 0 active space orbital 6: 1.354567e-03
Error of spin 0 active space orbital 7: 8.000822e-05
Error of spin 1 active space orbital 0: 2.864132e-05
Error of spin 1 active space orbital 1: 1.375295e-05
Error of spin 1 active space orbital 2: 2.595640e-05
Error of spin 1 active space orbital 3: 3.588697e-05
Error of spin 1 active space orbital 4: 3.309393e-05
Error of spin 1 active space orbital 5: 3.573649e-05
Error of spin 1 active space orbital 6: 6.997153e-05
Error of spin 1 active space orbital 7: 6.077214e-04
Refinement timings:
rdm_ii_inv calculation: 0 seconds
one electron part: 0 seconds
AS two electron part: 6 seconds
Core-AS part: 0 seconds
BSH part: 0 seconds
Full function: 7 seconds
Get as orbital updates took 7 seconds
Highest as orbital error: 2.202351e-03
Update Integrals
Calculate all integrals: 1 seconds
Orbital Multiplication: 0 seconds
      Active Space - One electron energy  -9.442397e+01
      Active Space - Two-electron energy  2.672483e+00
              AS-Core correlation energy  0.000000e+00
                       Total core energy  0.000000e+00
                Nuclear repulsion energy  0.000000e+00
                            Total energy  -9.175149e+01
CalculateEnergies took 0 seconds
---------------------------------------------------
Start iteration step: 1
CalculateLagrangeMultiplier took 0 seconds
Error of spin 0 active space orbital 0: 1.658442e-05
Error of spin 0 active space orbital 1: 4.155496e-04
Error of spin 0 active space orbital 2: 2.648246e-05
Error of spin 0 active space orbital 3: 8.106387e-04
Error of spin 0 active space orbital 4: 2.150837e-03
Error of spin 0 active space orbital 5: 3.936779e-05
Error of spin 0 active space orbital 6: 1.332763e-03
Error of spin 0 active space orbital 7: 6.677920e-05
Error of spin 1 active space orbital 0: 2.227250e-05
Error of spin 1 active space orbital 1: 7.260998e-06
Error of spin 1 active space orbital 2: 1.216381e-05
Error of spin 1 active space orbital 3: 1.778737e-05
Error of spin 1 active space orbital 4: 2.375963e-05
Error of spin 1 active space orbital 5: 2.514013e-05
Error of spin 1 active space orbital 6: 4.280174e-05
Error of spin 1 active space orbital 7: 4.671444e-04
Refinement timings:
rdm_ii_inv calculation: 0 seconds
one electron part: 0 seconds
AS two electron part: 6 seconds
Core-AS part: 0 seconds
BSH part: 0 seconds
Full function: 7 seconds
Get as orbital updates took 7 seconds
Highest as orbital error: 2.150837e-03
Update Integrals
Calculate all integrals: 1 seconds
Orbital Multiplication: 0 seconds
      Active Space - One electron energy  -9.442438e+01
      Active Space - Two-electron energy  2.672365e+00
              AS-Core correlation energy  0.000000e+00
                       Total core energy  0.000000e+00
                Nuclear repulsion energy  0.000000e+00
                            Total energy  -9.175201e+01
CalculateEnergies took 0 seconds
---------------------------------------------------
Start iteration step: 2
CalculateLagrangeMultiplier took 0 seconds
Error of spin 0 active space orbital 0: 1.254697e-05
Error of spin 0 active space orbital 1: 4.080838e-04
Error of spin 0 active space orbital 2: 2.429844e-05
Error of spin 0 active space orbital 3: 7.942250e-04
Error of spin 0 active space orbital 4: 2.103222e-03
Error of spin 0 active space orbital 5: 3.572920e-05
Error of spin 0 active space orbital 6: 1.311635e-03
Error of spin 0 active space orbital 7: 6.261075e-05
Error of spin 1 active space orbital 0: 1.904476e-05
Error of spin 1 active space orbital 1: 6.488021e-06
Error of spin 1 active space orbital 2: 7.798251e-06
Error of spin 1 active space orbital 3: 1.191507e-05
Error of spin 1 active space orbital 4: 2.235848e-05
Error of spin 1 active space orbital 5: 2.270687e-05
Error of spin 1 active space orbital 6: 3.410185e-05
Error of spin 1 active space orbital 7: 3.842437e-04
Refinement timings:
rdm_ii_inv calculation: 0 seconds
one electron part: 0 seconds
AS two electron part: 7 seconds
Core-AS part: 0 seconds
BSH part: 0 seconds
Full function: 7 seconds
Get as orbital updates took 7 seconds
Highest as orbital error: 2.103222e-03
Update Integrals
Calculate all integrals: 1 seconds
Orbital Multiplication: 0 seconds
      Active Space - One electron energy  -9.442478e+01
      Active Space - Two-electron energy  2.672252e+00
              AS-Core correlation energy  0.000000e+00
                       Total core energy  0.000000e+00
                Nuclear repulsion energy  0.000000e+00
                            Total energy  -9.175252e+01
CalculateEnergies took 0 seconds
---------------------------------------------------
Start iteration step: 3
CalculateLagrangeMultiplier took 0 seconds
Error of spin 0 active space orbital 0: 1.042286e-05
Error of spin 0 active space orbital 1: 4.006404e-04
Error of spin 0 active space orbital 2: 2.521801e-05
Error of spin 0 active space orbital 3: 7.785121e-04
Error of spin 0 active space orbital 4: 2.058766e-03
Error of spin 0 active space orbital 5: 3.678425e-05
Error of spin 0 active space orbital 6: 1.290337e-03
Error of spin 0 active space orbital 7: 6.093977e-05
Error of spin 1 active space orbital 0: 1.734256e-05
Error of spin 1 active space orbital 1: 7.163100e-06
Error of spin 1 active space orbital 2: 8.342937e-06
Error of spin 1 active space orbital 3: 1.154691e-05
Error of spin 1 active space orbital 4: 2.220962e-05
Error of spin 1 active space orbital 5: 2.241551e-05
Error of spin 1 active space orbital 6: 3.153043e-05
Error of spin 1 active space orbital 7: 3.285192e-04
Refinement timings:
rdm_ii_inv calculation: 0 seconds
one electron part: 0 seconds
AS two electron part: 7 seconds
Core-AS part: 0 seconds
BSH part: 0 seconds
Full function: 7 seconds
Get as orbital updates took 7 seconds
Highest as orbital error: 2.058766e-03
Update Integrals
Calculate all integrals: 1 seconds
Orbital Multiplication: 0 seconds
      Active Space - One electron energy  -9.442517e+01
      Active Space - Two-electron energy  2.672143e+00
              AS-Core correlation energy  0.000000e+00
                       Total core energy  0.000000e+00
                Nuclear repulsion energy  0.000000e+00
                            Total energy  -9.175302e+01
CalculateEnergies took 0 seconds
---------------------------------------------------
Start iteration step: 4
CalculateLagrangeMultiplier took 0 seconds
Error of spin 0 active space orbital 0: 9.177964e-06
Error of spin 0 active space orbital 1: 3.932565e-04
Error of spin 0 active space orbital 2: 2.709675e-05
Error of spin 0 active space orbital 3: 7.633148e-04
Error of spin 0 active space orbital 4: 2.016862e-03
Error of spin 0 active space orbital 5: 3.855417e-05
Error of spin 0 active space orbital 6: 1.268807e-03
Error of spin 0 active space orbital 7: 5.997954e-05
Error of spin 1 active space orbital 0: 1.652244e-05
Error of spin 1 active space orbital 1: 7.718103e-06
Error of spin 1 active space orbital 2: 9.445370e-06
Error of spin 1 active space orbital 3: 1.231607e-05
Error of spin 1 active space orbital 4: 2.206834e-05
Error of spin 1 active space orbital 5: 2.250120e-05
Error of spin 1 active space orbital 6: 3.090256e-05
Error of spin 1 active space orbital 7: 2.870844e-04
Refinement timings:
rdm_ii_inv calculation: 0 seconds
one electron part: 0 seconds
AS two electron part: 7 seconds
Core-AS part: 0 seconds
BSH part: 0 seconds
Full function: 7 seconds
Get as orbital updates took 7 seconds
Highest as orbital error: 2.016862e-03
Update Integrals
Calculate all integrals: 1 seconds
Orbital Multiplication: 0 seconds
      Active Space - One electron energy  -9.442555e+01
      Active Space - Two-electron energy  2.672037e+00
              AS-Core correlation energy  0.000000e+00
                       Total core energy  0.000000e+00
                Nuclear repulsion energy  0.000000e+00
                            Total energy  -9.175351e+01
CalculateEnergies took 0 seconds
Calculate all integrals: 1 seconds
Orbital Multiplication: 0 seconds
      Active Space - One electron energy  -9.442555e+01
      Active Space - Two-electron energy  2.672037e+00
              AS-Core correlation energy  0.000000e+00
                       Total core energy  0.000000e+00
                Nuclear repulsion energy  0.000000e+00
                            Total energy  -9.175351e+01
CalculateEnergies took 0 seconds
Norm spin: 0 as orb 0:1.000000e+00
Norm spin: 0 as orb 1:1.000000e+00
Norm spin: 0 as orb 2:1.000000e+00
Norm spin: 0 as orb 3:1.000000e+00
Norm spin: 0 as orb 4:1.000000e+00
Norm spin: 0 as orb 5:1.000000e+00
Norm spin: 0 as orb 6:1.000000e+00
Norm spin: 0 as orb 7:1.000000e+00
Norm spin: 1 as orb 0:1.000000e+00
Norm spin: 1 as orb 1:1.000000e+00
Norm spin: 1 as orb 2:1.000000e+00
Norm spin: 1 as orb 3:1.000000e+00
Norm spin: 1 as orb 4:1.000000e+00
Norm spin: 1 as orb 5:1.000000e+00
Norm spin: 1 as orb 6:1.000000e+00
Norm spin: 1 as orb 7:1.000000e+00
