8 active alpha orbitals and 8 active beta orbitals
GiveInitialOrbitals took 0 seconds
Calculate all integrals: 1 seconds
Orbital Multiplication: 0 seconds
      Active Space - One electron energy  -6.487396e+01
      Active Space - Two-electron energy  3.303758e+00
              AS-Core correlation energy  0.000000e+00
                       Total core energy  0.000000e+00
                Nuclear repulsion energy  0.000000e+00
                            Total energy  -6.157020e+01
CalculateEnergies took 0 seconds
---------------------------------------------------
Start iteration step: 0
CalculateLagrangeMultiplier took 0 seconds
Error of spin 0 active space orbital 0: 2.115112e-04
Error of spin 0 active space orbital 1: 1.400641e-04
Error of spin 0 active space orbital 2: 4.453846e-05
Error of spin 0 active space orbital 3: 6.505876e-05
Error of spin 0 active space orbital 4: 9.056259e-05
Error of spin 0 active space orbital 5: 3.908681e-04
Error of spin 0 active space orbital 6: 6.077892e-05
Error of spin 0 active space orbital 7: 1.073125e-04
Error of spin 1 active space orbital 0: 9.826916e-05
Error of spin 1 active space orbital 1: 4.969015e-05
Error of spin 1 active space orbital 2: 5.839299e-04
Error of spin 1 active space orbital 3: 1.267815e-04
Error of spin 1 active space orbital 4: 3.751908e-04
Error of spin 1 active space orbital 5: 7.970898e-04
Error of spin 1 active space orbital 6: 1.399459e-04
Error of spin 1 active space orbital 7: 1.352061e-04
Refinement timings:
rdm_ii_inv calculation: 0 seconds
one electron part: 0 seconds
AS two electron part: 7 seconds
Core-AS part: 0 seconds
BSH part: 0 seconds
Full function: 7 seconds
Get as orbital updates took 7 seconds
Highest as orbital error: 7.970898e-04
Update Integrals
Calculate all integrals: 1 seconds
Orbital Multiplication: 0 seconds
      Active Space - One electron energy  -6.487376e+01
      Active Space - Two-electron energy  3.303623e+00
              AS-Core correlation energy  0.000000e+00
                       Total core energy  0.000000e+00
                Nuclear repulsion energy  0.000000e+00
                            Total energy  -6.157013e+01
CalculateEnergies took 0 seconds
---------------------------------------------------
Start iteration step: 1
CalculateLagrangeMultiplier took 0 seconds
