8 active alpha orbitals and 8 active beta orbitals
GiveInitialOrbitals took 0 seconds
Calculate all integrals: 1 seconds
Orbital Multiplication: 0 seconds
      Active Space - One electron energy  -9.441930e+01
      Active Space - Two-electron energy  2.673122e+00
              AS-Core correlation energy  0.000000e+00
                       Total core energy  0.000000e+00
                Nuclear repulsion energy  0.000000e+00
                            Total energy  -9.174618e+01
CalculateEnergies took 0 seconds
---------------------------------------------------
Start iteration step: 0
CalculateLagrangeMultiplier took 0 seconds
Error of spin 0 active space orbital 0: 2.723096e-05
Error of spin 0 active space orbital 1: 4.686032e-04
Error of spin 0 active space orbital 2: 4.024936e-05
Error of spin 0 active space orbital 3: 8.855329e-04
Error of spin 0 active space orbital 4: 2.460609e-03
Error of spin 0 active space orbital 5: 6.623656e-05
Error of spin 0 active space orbital 6: 1.535979e-03
Error of spin 0 active space orbital 7: 8.993759e-05
Error of spin 1 active space orbital 0: 3.120313e-05
Error of spin 1 active space orbital 1: 1.536504e-05
Error of spin 1 active space orbital 2: 2.904622e-05
Error of spin 1 active space orbital 3: 4.008351e-05
Error of spin 1 active space orbital 4: 3.637909e-05
Error of spin 1 active space orbital 5: 4.019768e-05
Error of spin 1 active space orbital 6: 7.704381e-05
Error of spin 1 active space orbital 7: 6.981409e-04
Refinement timings:
rdm_ii_inv calculation: 0 seconds
one electron part: 0 seconds
AS two electron part: 6 seconds
Core-AS part: 0 seconds
BSH part: 0 seconds
Full function: 7 seconds
Get as orbital updates took 7 seconds
Highest as orbital error: 2.460609e-03
Update Integrals
Calculate all integrals: 1 seconds
Orbital Multiplication: 0 seconds
      Active Space - One electron energy  -9.441975e+01
      Active Space - Two-electron energy  2.672982e+00
              AS-Core correlation energy  0.000000e+00
                       Total core energy  0.000000e+00
                Nuclear repulsion energy  0.000000e+00
                            Total energy  -9.174677e+01
CalculateEnergies took 0 seconds
---------------------------------------------------
Start iteration step: 1
CalculateLagrangeMultiplier took 0 seconds
Error of spin 0 active space orbital 0: 1.858515e-05
Error of spin 0 active space orbital 1: 4.601999e-04
Error of spin 0 active space orbital 2: 2.818957e-05
Error of spin 0 active space orbital 3: 8.661686e-04
Error of spin 0 active space orbital 4: 2.400094e-03
Error of spin 0 active space orbital 5: 4.487297e-05
Error of spin 0 active space orbital 6: 1.510050e-03
Error of spin 0 active space orbital 7: 7.462573e-05
Error of spin 1 active space orbital 0: 2.392700e-05
Error of spin 1 active space orbital 1: 7.970858e-06
Error of spin 1 active space orbital 2: 1.340039e-05
Error of spin 1 active space orbital 3: 1.959401e-05
Error of spin 1 active space orbital 4: 2.602337e-05
Error of spin 1 active space orbital 5: 2.801845e-05
Error of spin 1 active space orbital 6: 4.580752e-05
Error of spin 1 active space orbital 7: 5.370130e-04
Refinement timings:
rdm_ii_inv calculation: 0 seconds
one electron part: 0 seconds
AS two electron part: 7 seconds
Core-AS part: 0 seconds
BSH part: 0 seconds
Full function: 7 seconds
Get as orbital updates took 7 seconds
Highest as orbital error: 2.400094e-03
Update Integrals
Calculate all integrals: 1 seconds
Orbital Multiplication: 0 seconds
      Active Space - One electron energy  -9.442021e+01
      Active Space - Two-electron energy  2.672850e+00
              AS-Core correlation energy  0.000000e+00
                       Total core energy  0.000000e+00
                Nuclear repulsion energy  0.000000e+00
                            Total energy  -9.174736e+01
CalculateEnergies took 0 seconds
---------------------------------------------------
Start iteration step: 2
CalculateLagrangeMultiplier took 0 seconds
Error of spin 0 active space orbital 0: 1.407076e-05
Error of spin 0 active space orbital 1: 4.516183e-04
Error of spin 0 active space orbital 2: 2.532792e-05
Error of spin 0 active space orbital 3: 8.482025e-04
Error of spin 0 active space orbital 4: 2.344428e-03
Error of spin 0 active space orbital 5: 4.004780e-05
Error of spin 0 active space orbital 6: 1.484980e-03
Error of spin 0 active space orbital 7: 6.973909e-05
Error of spin 1 active space orbital 0: 2.026538e-05
Error of spin 1 active space orbital 1: 7.073081e-06
Error of spin 1 active space orbital 2: 8.210861e-06
Error of spin 1 active space orbital 3: 1.294759e-05
Error of spin 1 active space orbital 4: 2.455547e-05
Error of spin 1 active space orbital 5: 2.508465e-05
Error of spin 1 active space orbital 6: 3.611219e-05
Error of spin 1 active space orbital 7: 4.413882e-04
Refinement timings:
rdm_ii_inv calculation: 0 seconds
one electron part: 0 seconds
AS two electron part: 7 seconds
Core-AS part: 0 seconds
BSH part: 0 seconds
Full function: 7 seconds
Get as orbital updates took 7 seconds
Highest as orbital error: 2.344428e-03
Update Integrals
Calculate all integrals: 1 seconds
Orbital Multiplication: 0 seconds
      Active Space - One electron energy  -9.442066e+01
      Active Space - Two-electron energy  2.672723e+00
              AS-Core correlation energy  0.000000e+00
                       Total core energy  0.000000e+00
                Nuclear repulsion energy  0.000000e+00
                            Total energy  -9.174794e+01
CalculateEnergies took 0 seconds
---------------------------------------------------
Start iteration step: 3
CalculateLagrangeMultiplier took 0 seconds
Error of spin 0 active space orbital 0: 1.149312e-05
Error of spin 0 active space orbital 1: 4.430263e-04
Error of spin 0 active space orbital 2: 2.636727e-05
Error of spin 0 active space orbital 3: 8.309394e-04
Error of spin 0 active space orbital 4: 2.292624e-03
Error of spin 0 active space orbital 5: 4.088849e-05
Error of spin 0 active space orbital 6: 1.459782e-03
Error of spin 0 active space orbital 7: 6.777720e-05
Error of spin 1 active space orbital 0: 1.842196e-05
Error of spin 1 active space orbital 1: 7.827960e-06
Error of spin 1 active space orbital 2: 8.793019e-06
Error of spin 1 active space orbital 3: 1.258557e-05
Error of spin 1 active space orbital 4: 2.449102e-05
Error of spin 1 active space orbital 5: 2.466212e-05
Error of spin 1 active space orbital 6: 3.363908e-05
Error of spin 1 active space orbital 7: 3.767413e-04
Refinement timings:
rdm_ii_inv calculation: 0 seconds
one electron part: 0 seconds
AS two electron part: 7 seconds
Core-AS part: 0 seconds
BSH part: 0 seconds
Full function: 7 seconds
Get as orbital updates took 7 seconds
Highest as orbital error: 2.292624e-03
Update Integrals
Calculate all integrals: 1 seconds
Orbital Multiplication: 0 seconds
      Active Space - One electron energy  -9.442110e+01
      Active Space - Two-electron energy  2.672600e+00
              AS-Core correlation energy  0.000000e+00
                       Total core energy  0.000000e+00
                Nuclear repulsion energy  0.000000e+00
                            Total energy  -9.174850e+01
CalculateEnergies took 0 seconds
---------------------------------------------------
Start iteration step: 4
CalculateLagrangeMultiplier took 0 seconds
Error of spin 0 active space orbital 0: 1.019449e-05
Error of spin 0 active space orbital 1: 4.344959e-04
Error of spin 0 active space orbital 2: 2.849934e-05
Error of spin 0 active space orbital 3: 8.142066e-04
Error of spin 0 active space orbital 4: 2.243920e-03
Error of spin 0 active space orbital 5: 4.272025e-05
Error of spin 0 active space orbital 6: 1.434384e-03
Error of spin 0 active space orbital 7: 6.661616e-05
Error of spin 1 active space orbital 0: 1.765211e-05
Error of spin 1 active space orbital 1: 8.443004e-06
Error of spin 1 active space orbital 2: 1.008330e-05
Error of spin 1 active space orbital 3: 1.348704e-05
Error of spin 1 active space orbital 4: 2.433200e-05
Error of spin 1 active space orbital 5: 2.471773e-05
Error of spin 1 active space orbital 6: 3.341369e-05
Error of spin 1 active space orbital 7: 3.284772e-04
Refinement timings:
rdm_ii_inv calculation: 0 seconds
one electron part: 0 seconds
AS two electron part: 7 seconds
Core-AS part: 0 seconds
BSH part: 0 seconds
Full function: 7 seconds
Get as orbital updates took 7 seconds
Highest as orbital error: 2.243920e-03
Update Integrals
Calculate all integrals: 1 seconds
Orbital Multiplication: 0 seconds
      Active Space - One electron energy  -9.442153e+01
      Active Space - Two-electron energy  2.672481e+00
              AS-Core correlation energy  0.000000e+00
                       Total core energy  0.000000e+00
                Nuclear repulsion energy  0.000000e+00
                            Total energy  -9.174905e+01
CalculateEnergies took 0 seconds
Calculate all integrals: 1 seconds
Orbital Multiplication: 0 seconds
      Active Space - One electron energy  -9.442153e+01
      Active Space - Two-electron energy  2.672481e+00
              AS-Core correlation energy  0.000000e+00
                       Total core energy  0.000000e+00
                Nuclear repulsion energy  0.000000e+00
                            Total energy  -9.174905e+01
CalculateEnergies took 0 seconds
Norm spin: 0 as orb 0:1.000000e+00
Norm spin: 0 as orb 1:1.000000e+00
Norm spin: 0 as orb 2:1.000000e+00
Norm spin: 0 as orb 3:1.000000e+00
Norm spin: 0 as orb 4:1.000000e+00
Norm spin: 0 as orb 5:1.000000e+00
Norm spin: 0 as orb 6:1.000000e+00
Norm spin: 0 as orb 7:1.000000e+00
Norm spin: 1 as orb 0:1.000000e+00
Norm spin: 1 as orb 1:1.000000e+00
Norm spin: 1 as orb 2:1.000000e+00
Norm spin: 1 as orb 3:1.000000e+00
Norm spin: 1 as orb 4:1.000000e+00
Norm spin: 1 as orb 5:1.000000e+00
Norm spin: 1 as orb 6:1.000000e+00
Norm spin: 1 as orb 7:1.000000e+00
