8 active alpha orbitals and 8 active beta orbitals
GiveInitialOrbitals took 0 seconds
Calculate all integrals: 1 seconds
Orbital Multiplication: 0 seconds
      Active Space - One electron energy  -8.041714e+01
      Active Space - Two-electron energy  3.813378e+00
              AS-Core correlation energy  0.000000e+00
                       Total core energy  0.000000e+00
                Nuclear repulsion energy  0.000000e+00
                            Total energy  -7.660376e+01
CalculateEnergies took 0 seconds
---------------------------------------------------
Start iteration step: 0
CalculateLagrangeMultiplier took 0 seconds
Error of spin 0 active space orbital 0: 3.366826e-04
Error of spin 0 active space orbital 1: 1.175500e-04
Error of spin 0 active space orbital 2: 5.795389e-04
Error of spin 0 active space orbital 3: 7.155114e-04
Error of spin 0 active space orbital 4: 5.753208e-04
Error of spin 0 active space orbital 5: 5.685024e-04
Error of spin 0 active space orbital 6: 1.689100e-03
Error of spin 0 active space orbital 7: 2.495120e-03
Error of spin 1 active space orbital 0: 5.656772e-04
Error of spin 1 active space orbital 1: 4.922617e-04
Error of spin 1 active space orbital 2: 3.411684e-04
Error of spin 1 active space orbital 3: 1.397443e-03
Error of spin 1 active space orbital 4: 1.289775e-03
Error of spin 1 active space orbital 5: 1.531406e-03
Error of spin 1 active space orbital 6: 2.990361e-03
Error of spin 1 active space orbital 7: 6.826249e-03
Refinement timings:
rdm_ii_inv calculation: 0 seconds
one electron part: 0 seconds
AS two electron part: 6 seconds
Core-AS part: 0 seconds
BSH part: 0 seconds
Full function: 6 seconds
Get as orbital updates took 6 seconds
Highest as orbital error: 6.826249e-03
Update Integrals
Calculate all integrals: 1 seconds
Orbital Multiplication: 0 seconds
      Active Space - One electron energy  -8.041721e+01
      Active Space - Two-electron energy  3.813345e+00
              AS-Core correlation energy  0.000000e+00
                       Total core energy  0.000000e+00
                Nuclear repulsion energy  0.000000e+00
                            Total energy  -7.660387e+01
CalculateEnergies took 0 seconds
---------------------------------------------------
Start iteration step: 1
CalculateLagrangeMultiplier took 0 seconds
Error of spin 0 active space orbital 0: 3.408394e-04
Error of spin 0 active space orbital 1: 1.467367e-04
Error of spin 0 active space orbital 2: 6.826034e-04
Error of spin 0 active space orbital 3: 4.793813e-04
Error of spin 0 active space orbital 4: 2.547579e-04
Error of spin 0 active space orbital 5: 3.737969e-04
Error of spin 0 active space orbital 6: 1.322349e-03
Error of spin 0 active space orbital 7: 1.928102e-03
Error of spin 1 active space orbital 0: 4.928519e-04
Error of spin 1 active space orbital 1: 7.425905e-04
Error of spin 1 active space orbital 2: 3.327825e-04
Error of spin 1 active space orbital 3: 1.323552e-03
Error of spin 1 active space orbital 4: 7.386469e-04
Error of spin 1 active space orbital 5: 9.730779e-04
Error of spin 1 active space orbital 6: 2.132566e-03
Error of spin 1 active space orbital 7: 4.706822e-03
Refinement timings:
rdm_ii_inv calculation: 0 seconds
one electron part: 0 seconds
AS two electron part: 6 seconds
Core-AS part: 0 seconds
BSH part: 0 seconds
Full function: 6 seconds
Get as orbital updates took 6 seconds
Highest as orbital error: 4.706822e-03
Update Integrals
Calculate all integrals: 1 seconds
Orbital Multiplication: 0 seconds
      Active Space - One electron energy  -8.041806e+01
      Active Space - Two-electron energy  3.813413e+00
              AS-Core correlation energy  0.000000e+00
                       Total core energy  0.000000e+00
                Nuclear repulsion energy  0.000000e+00
                            Total energy  -7.660465e+01
CalculateEnergies took 0 seconds
---------------------------------------------------
Start iteration step: 2
CalculateLagrangeMultiplier took 0 seconds
Error of spin 0 active space orbital 0: 3.184353e-04
Error of spin 0 active space orbital 1: 1.281355e-04
Error of spin 0 active space orbital 2: 6.362624e-04
Error of spin 0 active space orbital 3: 3.224456e-04
Error of spin 0 active space orbital 4: 1.176763e-04
Error of spin 0 active space orbital 5: 2.723152e-04
Error of spin 0 active space orbital 6: 1.042823e-03
Error of spin 0 active space orbital 7: 1.654505e-03
Error of spin 1 active space orbital 0: 5.283602e-04
Error of spin 1 active space orbital 1: 6.648181e-04
Error of spin 1 active space orbital 2: 2.737701e-04
Error of spin 1 active space orbital 3: 1.192737e-03
Error of spin 1 active space orbital 4: 4.348635e-04
Error of spin 1 active space orbital 5: 6.473643e-04
Error of spin 1 active space orbital 6: 1.604585e-03
Error of spin 1 active space orbital 7: 3.591857e-03
Refinement timings:
rdm_ii_inv calculation: 0 seconds
one electron part: 0 seconds
AS two electron part: 6 seconds
Core-AS part: 0 seconds
BSH part: 0 seconds
Full function: 6 seconds
Get as orbital updates took 6 seconds
Highest as orbital error: 3.591857e-03
Update Integrals
Calculate all integrals: 1 seconds
Orbital Multiplication: 0 seconds
      Active Space - One electron energy  -8.041864e+01
      Active Space - Two-electron energy  3.813449e+00
              AS-Core correlation energy  0.000000e+00
                       Total core energy  0.000000e+00
                Nuclear repulsion energy  0.000000e+00
                            Total energy  -7.660519e+01
CalculateEnergies took 0 seconds
---------------------------------------------------
Start iteration step: 3
CalculateLagrangeMultiplier took 0 seconds
