8 active alpha orbitals and 8 active beta orbitals
GiveInitialOrbitals took 0 seconds
Calculate all integrals: 1 seconds
Orbital Multiplication: 0 seconds
      Active Space - One electron energy  -9.434542e+01
      Active Space - Two-electron energy  2.699795e+00
              AS-Core correlation energy  0.000000e+00
                       Total core energy  0.000000e+00
                Nuclear repulsion energy  0.000000e+00
                            Total energy  -9.164563e+01
CalculateEnergies took 0 seconds
---------------------------------------------------
Start iteration step: 0
CalculateLagrangeMultiplier took 0 seconds
Error of spin 0 active space orbital 0: 1.595458e-03
Error of spin 0 active space orbital 1: 8.877870e-05
Error of spin 0 active space orbital 2: 3.129839e-03
Error of spin 0 active space orbital 3: 5.061834e-04
Error of spin 0 active space orbital 4: 3.867003e-04
Error of spin 0 active space orbital 5: 5.228021e-03
Error of spin 0 active space orbital 6: 4.674545e-04
Error of spin 0 active space orbital 7: 1.846866e-03
Error of spin 1 active space orbital 0: 3.593798e-03
Error of spin 1 active space orbital 1: 1.330308e-04
Error of spin 1 active space orbital 2: 1.771400e-04
Error of spin 1 active space orbital 3: 3.130608e-04
Error of spin 1 active space orbital 4: 4.289830e-04
Error of spin 1 active space orbital 5: 3.905182e-04
Error of spin 1 active space orbital 6: 5.341336e-03
Error of spin 1 active space orbital 7: 2.641392e-03
Refinement timings:
rdm_ii_inv calculation: 0 seconds
one electron part: 0 seconds
AS two electron part: 7 seconds
Core-AS part: 0 seconds
BSH part: 0 seconds
Full function: 7 seconds
Get as orbital updates took 7 seconds
Highest as orbital error: 5.341336e-03
Update Integrals
Calculate all integrals: 1 seconds
Orbital Multiplication: 0 seconds
      Active Space - One electron energy  -9.434533e+01
      Active Space - Two-electron energy  2.700882e+00
              AS-Core correlation energy  0.000000e+00
                       Total core energy  0.000000e+00
                Nuclear repulsion energy  0.000000e+00
                            Total energy  -9.164445e+01
CalculateEnergies took 0 seconds
---------------------------------------------------
Start iteration step: 1
CalculateLagrangeMultiplier took 0 seconds
Error of spin 0 active space orbital 0: 1.428653e-03
Error of spin 0 active space orbital 1: 3.863511e-05
Error of spin 0 active space orbital 2: 2.765498e-03
Error of spin 0 active space orbital 3: 2.247322e-04
Error of spin 0 active space orbital 4: 1.606475e-04
Error of spin 0 active space orbital 5: 4.797523e-03
Error of spin 0 active space orbital 6: 2.253019e-04
Error of spin 0 active space orbital 7: 1.613443e-03
Error of spin 1 active space orbital 0: 3.203653e-03
Error of spin 1 active space orbital 1: 9.486539e-05
Error of spin 1 active space orbital 2: 1.000796e-04
Error of spin 1 active space orbital 3: 2.427569e-04
Error of spin 1 active space orbital 4: 2.578793e-04
Error of spin 1 active space orbital 5: 2.515390e-04
Error of spin 1 active space orbital 6: 5.015853e-03
Error of spin 1 active space orbital 7: 2.175064e-03
Refinement timings:
rdm_ii_inv calculation: 0 seconds
one electron part: 0 seconds
AS two electron part: 7 seconds
Core-AS part: 0 seconds
BSH part: 0 seconds
Full function: 7 seconds
Get as orbital updates took 7 seconds
Highest as orbital error: 5.015853e-03
Update Integrals
Calculate all integrals: 1 seconds
Orbital Multiplication: 0 seconds
      Active Space - One electron energy  -9.434485e+01
      Active Space - Two-electron energy  2.701839e+00
              AS-Core correlation energy  0.000000e+00
                       Total core energy  0.000000e+00
                Nuclear repulsion energy  0.000000e+00
                            Total energy  -9.164301e+01
CalculateEnergies took 0 seconds
---------------------------------------------------
Start iteration step: 2
CalculateLagrangeMultiplier took 0 seconds
Error of spin 0 active space orbital 0: 1.290949e-03
Error of spin 0 active space orbital 1: 2.539571e-05
Error of spin 0 active space orbital 2: 2.465893e-03
Error of spin 0 active space orbital 3: 1.346430e-04
Error of spin 0 active space orbital 4: 1.210765e-04
Error of spin 0 active space orbital 5: 4.387571e-03
Error of spin 0 active space orbital 6: 1.556970e-04
Error of spin 0 active space orbital 7: 1.426100e-03
Error of spin 1 active space orbital 0: 2.904835e-03
Error of spin 1 active space orbital 1: 9.385090e-05
Error of spin 1 active space orbital 2: 1.235122e-04
Error of spin 1 active space orbital 3: 2.672452e-04
Error of spin 1 active space orbital 4: 2.130907e-04
Error of spin 1 active space orbital 5: 2.383896e-04
Error of spin 1 active space orbital 6: 4.656096e-03
Error of spin 1 active space orbital 7: 1.974678e-03
Refinement timings:
rdm_ii_inv calculation: 0 seconds
one electron part: 0 seconds
AS two electron part: 7 seconds
Core-AS part: 0 seconds
BSH part: 0 seconds
Full function: 7 seconds
Get as orbital updates took 7 seconds
Highest as orbital error: 4.656096e-03
Update Integrals
Calculate all integrals: 1 seconds
Orbital Multiplication: 0 seconds
      Active Space - One electron energy  -9.434422e+01
      Active Space - Two-electron energy  2.702704e+00
              AS-Core correlation energy  0.000000e+00
                       Total core energy  0.000000e+00
                Nuclear repulsion energy  0.000000e+00
                            Total energy  -9.164152e+01
CalculateEnergies took 0 seconds
---------------------------------------------------
Start iteration step: 3
CalculateLagrangeMultiplier took 0 seconds
Error of spin 0 active space orbital 0: 1.170776e-03
Error of spin 0 active space orbital 1: 2.252210e-05
Error of spin 0 active space orbital 2: 2.208926e-03
Error of spin 0 active space orbital 3: 1.366928e-04
Error of spin 0 active space orbital 4: 1.460378e-04
Error of spin 0 active space orbital 5: 4.002734e-03
Error of spin 0 active space orbital 6: 1.535519e-04
Error of spin 0 active space orbital 7: 1.269193e-03
Error of spin 1 active space orbital 0: 2.651569e-03
Error of spin 1 active space orbital 1: 9.595038e-05
Error of spin 1 active space orbital 2: 1.432232e-04
Error of spin 1 active space orbital 3: 2.791246e-04
Error of spin 1 active space orbital 4: 2.023439e-04
Error of spin 1 active space orbital 5: 2.427219e-04
Error of spin 1 active space orbital 6: 4.300923e-03
Error of spin 1 active space orbital 7: 1.823178e-03
Refinement timings:
rdm_ii_inv calculation: 0 seconds
one electron part: 0 seconds
AS two electron part: 7 seconds
Core-AS part: 0 seconds
BSH part: 0 seconds
Full function: 7 seconds
Get as orbital updates took 7 seconds
Highest as orbital error: 4.300923e-03
Update Integrals
Calculate all integrals: 1 seconds
Orbital Multiplication: 0 seconds
      Active Space - One electron energy  -9.434352e+01
      Active Space - Two-electron energy  2.703496e+00
              AS-Core correlation energy  0.000000e+00
                       Total core energy  0.000000e+00
                Nuclear repulsion energy  0.000000e+00
                            Total energy  -9.164003e+01
CalculateEnergies took 0 seconds
---------------------------------------------------
Start iteration step: 4
CalculateLagrangeMultiplier took 0 seconds
Error of spin 0 active space orbital 0: 1.063353e-03
Error of spin 0 active space orbital 1: 2.132764e-05
Error of spin 0 active space orbital 2: 1.984285e-03
Error of spin 0 active space orbital 3: 1.506686e-04
Error of spin 0 active space orbital 4: 1.628373e-04
Error of spin 0 active space orbital 5: 3.645172e-03
Error of spin 0 active space orbital 6: 1.574243e-04
Error of spin 0 active space orbital 7: 1.134685e-03
Error of spin 1 active space orbital 0: 2.427512e-03
Error of spin 1 active space orbital 1: 9.499813e-05
Error of spin 1 active space orbital 2: 1.500018e-04
Error of spin 1 active space orbital 3: 2.758707e-04
Error of spin 1 active space orbital 4: 1.957564e-04
Error of spin 1 active space orbital 5: 2.410755e-04
Error of spin 1 active space orbital 6: 3.962799e-03
Error of spin 1 active space orbital 7: 1.687944e-03
Refinement timings:
rdm_ii_inv calculation: 0 seconds
one electron part: 0 seconds
AS two electron part: 7 seconds
Core-AS part: 0 seconds
BSH part: 0 seconds
Full function: 7 seconds
Get as orbital updates took 7 seconds
Highest as orbital error: 3.962799e-03
Update Integrals
Calculate all integrals: 1 seconds
Orbital Multiplication: 0 seconds
      Active Space - One electron energy  -9.434279e+01
      Active Space - Two-electron energy  2.704225e+00
              AS-Core correlation energy  0.000000e+00
                       Total core energy  0.000000e+00
                Nuclear repulsion energy  0.000000e+00
                            Total energy  -9.163857e+01
CalculateEnergies took 0 seconds
Calculate all integrals: 1 seconds
Orbital Multiplication: 0 seconds
      Active Space - One electron energy  -9.434279e+01
      Active Space - Two-electron energy  2.704225e+00
              AS-Core correlation energy  0.000000e+00
                       Total core energy  0.000000e+00
                Nuclear repulsion energy  0.000000e+00
                            Total energy  -9.163857e+01
CalculateEnergies took 0 seconds
Norm spin: 0 as orb 0:1.000000e+00
Norm spin: 0 as orb 1:1.000000e+00
Norm spin: 0 as orb 2:1.000000e+00
Norm spin: 0 as orb 3:1.000000e+00
Norm spin: 0 as orb 4:1.000000e+00
Norm spin: 0 as orb 5:1.000000e+00
Norm spin: 0 as orb 6:1.000000e+00
Norm spin: 0 as orb 7:1.000000e+00
Norm spin: 1 as orb 0:1.000000e+00
Norm spin: 1 as orb 1:1.000000e+00
Norm spin: 1 as orb 2:1.000000e+00
Norm spin: 1 as orb 3:1.000000e+00
Norm spin: 1 as orb 4:1.000000e+00
Norm spin: 1 as orb 5:1.000000e+00
Norm spin: 1 as orb 6:1.000000e+00
Norm spin: 1 as orb 7:1.000000e+00
