8 active alpha orbitals and 8 active beta orbitals
GiveInitialOrbitals took 0 seconds
Calculate all integrals: 1 seconds
Orbital Multiplication: 0 seconds
      Active Space - One electron energy  -7.534790e+01
      Active Space - Two-electron energy  2.575583e+00
              AS-Core correlation energy  0.000000e+00
                       Total core energy  0.000000e+00
                Nuclear repulsion energy  0.000000e+00
                            Total energy  -7.277232e+01
CalculateEnergies took 0 seconds
---------------------------------------------------
Start iteration step: 0
CalculateLagrangeMultiplier took 0 seconds
Error of spin 0 active space orbital 0: 2.533673e-04
Error of spin 0 active space orbital 1: 4.448665e-04
Error of spin 0 active space orbital 2: 3.347282e-05
Error of spin 0 active space orbital 3: 1.936110e-04
Error of spin 0 active space orbital 4: 7.974060e-04
Error of spin 0 active space orbital 5: 1.580885e-03
Error of spin 0 active space orbital 6: 6.553090e-04
Error of spin 0 active space orbital 7: 3.311841e-04
Error of spin 1 active space orbital 0: 1.056752e-04
Error of spin 1 active space orbital 1: 1.021735e-04
Error of spin 1 active space orbital 2: 1.051153e-04
Error of spin 1 active space orbital 3: 1.682200e-04
Error of spin 1 active space orbital 4: 6.159225e-04
Error of spin 1 active space orbital 5: 7.612322e-04
Error of spin 1 active space orbital 6: 1.730566e-03
Error of spin 1 active space orbital 7: 1.246056e-03
Refinement timings:
rdm_ii_inv calculation: 0 seconds
one electron part: 0 seconds
AS two electron part: 6 seconds
Core-AS part: 0 seconds
BSH part: 0 seconds
Full function: 6 seconds
Get as orbital updates took 6 seconds
Highest as orbital error: 1.730566e-03
Update Integrals
Calculate all integrals: 1 seconds
Orbital Multiplication: 0 seconds
      Active Space - One electron energy  -7.534828e+01
      Active Space - Two-electron energy  2.575501e+00
              AS-Core correlation energy  0.000000e+00
                       Total core energy  0.000000e+00
                Nuclear repulsion energy  0.000000e+00
                            Total energy  -7.277278e+01
CalculateEnergies took 0 seconds
---------------------------------------------------
Start iteration step: 1
CalculateLagrangeMultiplier took 0 seconds
