Potential loaded
Order of the first monomial: 0
Counter: 1 and current num: 10
First non-zero: 0
order with first non-zero: 0
All zero
0 0 
Order of the first monomial: 1
Counter: 2 and current num: 10
First non-zero: 0
order with first non-zero: 1
First non-zero: 0
0 1 
Counter: 3 and current num: 10
First non-zero: 0
order with first non-zero: 0
First non-zero: 1
Break
Order of the first monomial: 2
Counter: 4 and current num: 10
First non-zero: 0
order with first non-zero: 2
First non-zero: 0
1 1 
Counter: 5 and current num: 10
First non-zero: 0
order with first non-zero: 1
First non-zero: 0
0 2 
Counter: 6 and current num: 10
First non-zero: 0
order with first non-zero: 0
First non-zero: 1
Break
Order of the first monomial: 3
Counter: 7 and current num: 10
First non-zero: 0
order with first non-zero: 3
First non-zero: 0
2 1 
Counter: 8 and current num: 10
First non-zero: 0
order with first non-zero: 2
First non-zero: 0
1 2 
Counter: 9 and current num: 10
First non-zero: 0
order with first non-zero: 1
First non-zero: 0
0 3 
Counter: 10 and current num: 10
Return guesses
-7.978748e-15
9.266730e-14
9.266730e-14
3.088910e-24
1.544455e-24
3.088910e-24
1.042507e-34
3.732433e-35
3.732433e-35
1.042507e-34
H: 
[ 0,*]  -0.00000000   0.00000000   0.00000000  -0.00000000   0.00000000  -0.00000000   0.00000000   0.00000000   0.00000000   0.00000000
[ 1,*]   0.00000000   0.00000000   0.00000000   0.00000000   0.00000000   0.00000000   0.00000000   0.00000000   0.00000000   0.00000000
[ 2,*]   0.00000000   0.00000000   0.00000000   0.00000000   0.00000000   0.00000000  -0.00000000   0.00000000  -0.00000000   0.00000000
[ 3,*]  -0.00000000   0.00000000   0.00000000   0.00000000   0.00000000  -0.00000000   0.00000000   0.00000000   0.00000000   0.00000000
[ 4,*]   0.00000000   0.00000000   0.00000000   0.00000000   0.00000000   0.00000000  -0.00000000   0.00000000   0.00000000  -0.00000000
[ 5,*]  -0.00000000   0.00000000   0.00000000  -0.00000000  -0.00000000   0.00000000   0.00000000   0.00000000   0.00000000   0.00000000
[ 6,*]   0.00000000   0.00000000  -0.00000000   0.00000000   0.00000000   0.00000000   0.00000000  -0.00000000   0.00000000  -0.00000000
[ 7,*]   0.00000000   0.00000000   0.00000000   0.00000000   0.00000000   0.00000000  -0.00000000   0.00000000   0.00000000   0.00000000
[ 8,*]   0.00000000   0.00000000  -0.00000000   0.00000000   0.00000000  -0.00000000   0.00000000   0.00000000   0.00000000   0.00000000
[ 9,*]   0.00000000   0.00000000   0.00000000   0.00000000  -0.00000000   0.00000000  -0.00000000   0.00000000   0.00000000   0.00000000

dia_matrix: 
[ 0,*]  -0.04302021   0.00000000   0.00000000   0.00000000   0.00000000   0.00000000   0.00000000   0.00000000   0.00000000   0.00000000
[ 1,*]   0.00000000 49375487519.75491333   0.00000000   0.00000000   0.00000000   0.00000000   0.00000000   0.00000000   0.00000000   0.00000000
[ 2,*]   0.00000000   0.00000000 49375487519.75537872   0.00000000   0.00000000   0.00000000   0.00000000   0.00000000   0.00000000   0.00000000
[ 3,*]   0.00000000   0.00000000   0.00000000 119999999999.95802307   0.00000000   0.00000000   0.00000000   0.00000000   0.00000000   0.00000000
[ 4,*]   0.00000000   0.00000000   0.00000000   0.00000000 299999999999.95886230   0.00000000   0.00000000   0.00000000   0.00000000   0.00000000
[ 5,*]   0.00000000   0.00000000   0.00000000   0.00000000   0.00000000 299999999999.95941162   0.00000000   0.00000000   0.00000000   0.00000000
[ 6,*]   0.00000000   0.00000000   0.00000000   0.00000000   0.00000000   0.00000000 359999999999.95800781   0.00000000   0.00000000   0.00000000
[ 7,*]   0.00000000   0.00000000   0.00000000   0.00000000   0.00000000   0.00000000   0.00000000 359999999999.95855713   0.00000000   0.00000000
[ 8,*]   0.00000000   0.00000000   0.00000000   0.00000000   0.00000000   0.00000000   0.00000000   0.00000000 850624512480.15710449   0.00000000
[ 9,*]   0.00000000   0.00000000   0.00000000   0.00000000   0.00000000   0.00000000   0.00000000   0.00000000   0.00000000 850624512480.16076660

iteration 0 energy -4.305051e-02 norm 1.332268e-15 error 1.000000e+00
iteration 1 energy -4.305051e-02 norm 1.554312e-15 error 1.000000e+00
iteration 2 energy -4.305051e-02 norm 1.554312e-15 error 1.000000e+00
iteration 3 energy -4.305051e-02 norm 1.332268e-15 error 1.000000e+00
iteration 4 energy -4.305051e-02 norm 1.332268e-15 error 1.000000e+00
iteration 5 energy -4.305051e-02 norm 1.332268e-15 error 1.000000e+00
Final energy without shift:  -4.305051e-02
iteration 0 energy 4.932472e+10 norm 2.015132e-15 error 1.000000e+00
iteration 1 energy 1.358191e+07 norm 1.658932e-02 error 1.000000e+00
iteration 2 energy 4.936048e+10 norm 1.662900e-02 error 1.000000e+00
iteration 3 energy 4.935966e+10 norm 1.663612e-02 error 1.000000e+00
iteration 4 energy 7.835191e+09 norm 2.323215e-03 error 1.000000e+00
iteration 5 energy 1.416360e+10 norm 7.312355e-01 error 1.000000e+00
Potential was shifted 6 times
Final energy without shift:  1.416360e+10
iteration 0 energy 1.416358e+10 norm 8.539062e-04 error 1.000000e+00
iteration 1 energy 2.356198e+09 norm 1.414818e+00 error 1.000000e+00
iteration 2 energy 2.356198e+09 norm 1.414818e+00 error 1.000000e+00
iteration 3 energy 2.356198e+09 norm 1.414818e+00 error 1.000000e+00
iteration 4 energy 2.356198e+09 norm 1.414818e+00 error 1.000000e+00
iteration 5 energy 2.356198e+09 norm 1.414818e+00 error 1.000000e+00
Potential was shifted 6 times
Final energy without shift:  2.356198e+09
iteration 0 energy 9.497688e+10 norm 2.162865e-15 error 1.000000e+00
iteration 1 energy 2.481342e+10 norm 1.295705e-01 error 1.000000e+00
iteration 2 energy 3.558064e+10 norm 1.169463e+00 error 1.000000e+00
iteration 3 energy 9.263683e+10 norm 7.849310e-01 error 1.000000e+00
iteration 4 energy 9.978103e+10 norm 8.386904e-01 error 1.000000e+00
iteration 5 energy 9.908724e+10 norm 8.489908e-01 error 1.000000e+00
Potential was shifted 6 times
Final energy without shift:  9.908724e+10
iteration 0 energy 2.697600e+11 norm 1.664708e-15 error 1.000000e+00
iteration 1 energy 8.478165e+10 norm 7.251455e-02 error 1.000000e+00
iteration 2 energy 2.658311e+11 norm 8.608665e-01 error 1.000000e+00
iteration 3 energy 2.482367e+11 norm 1.041052e+00 error 1.000000e+00
iteration 4 energy 8.754705e+10 norm 4.568782e+00 error 1.000000e+00
iteration 5 energy 1.941867e+11 norm 1.373665e+00 error 1.000000e+00
Potential was shifted 6 times
Final energy without shift:  1.941867e+11
iteration 0 energy 1.941867e+11 norm 1.855234e-04 error 1.000000e+00
iteration 1 energy 7.412095e+10 norm 1.414345e+00 error 1.000000e+00
iteration 2 energy 7.412095e+10 norm 1.414345e+00 error 1.000000e+00
iteration 3 energy 7.412095e+10 norm 1.414345e+00 error 1.000000e+00
iteration 4 energy 7.412095e+10 norm 1.414345e+00 error 1.000000e+00
iteration 5 energy 7.412095e+10 norm 1.414345e+00 error 1.000000e+00
Potential was shifted 6 times
Final energy without shift:  7.412095e+10
iteration 0 energy 3.407784e+11 norm 1.851034e-15 error 1.000000e+00
iteration 1 energy 1.017719e+11 norm 6.786287e-02 error 1.000000e+00
iteration 2 energy 2.762811e+11 norm 9.861032e-01 error 1.000000e+00
iteration 3 energy 3.385824e+11 norm 9.147133e-01 error 1.000000e+00
iteration 4 energy 3.306549e+11 norm 9.689874e-01 error 1.000000e+00
iteration 5 energy 3.319545e+11 norm 9.553366e-01 error 1.000000e+00
Potential was shifted 6 times
Final energy without shift:  3.319545e+11
iteration 0 energy 3.319541e+11 norm 3.957397e-03 error 1.000000e+00
iteration 1 energy 2.348344e+11 norm 1.417015e+00 error 1.000000e+00
iteration 2 energy 2.348344e+11 norm 1.417015e+00 error 1.000000e+00
iteration 3 energy 2.348344e+11 norm 1.417015e+00 error 1.000000e+00
iteration 4 energy 2.348344e+11 norm 1.417015e+00 error 1.000000e+00
iteration 5 energy 2.348344e+11 norm 1.417015e+00 error 1.000000e+00
Potential was shifted 6 times
Final energy without shift:  2.348344e+11
iteration 0 energy 7.038798e+10 norm 3.311246e-06 error 1.000000e+00
iteration 1 energy 1.317267e+11 norm 9.376121e-01 error 1.000000e+00
iteration 2 energy 6.146457e+10 norm 3.786303e-01 error 1.000000e+00
iteration 3 energy 4.884480e+10 norm 6.852684e-01 error 1.000000e+00
iteration 4 energy 1.046903e+11 norm 8.452790e-01 error 1.000000e+00
iteration 5 energy 1.055873e+11 norm 9.993270e-01 error 1.000000e+00
Potential was shifted 6 times
Final energy without shift:  1.055873e+11
iteration 0 energy 4.946108e+10 norm 2.105787e-03 error 1.000000e+00
iteration 1 energy 1.008104e+11 norm 1.783593e+00 error 1.000000e+00
iteration 2 energy 2.425258e+11 norm 6.622315e-01 error 1.000000e+00
iteration 3 energy 1.722449e+11 norm 1.156165e+00 error 1.000000e+00
iteration 4 energy 8.260352e+11 norm 4.255897e+00 error 1.000000e+00
iteration 5 energy 8.352319e+11 norm 8.173584e-01 error 1.000000e+00
Potential was shifted 6 times
Final energy without shift:  8.352319e+11
-4.305051e-02
1.416360e+10
2.356198e+09
9.908724e+10
1.941867e+11
7.412095e+10
3.319545e+11
2.348344e+11
1.055873e+11
8.352319e+11
H: 
[ 0,*]  -0.04305051   0.03635946  -0.04200968   0.00644092   0.01059929  -0.01678041  -0.00594875   0.01818661  -0.00005176  -0.00209925
[ 1,*]   0.03635367 14163599911.37546730 5776863544.30152416 13437289669.92660332 10220826937.65909004 -16569600453.80153465 -3097724806.68681812 6083240564.36621475 17699639178.27068710 -1663983968.69096136
[ 2,*]  -0.04201169 5776863544.30148983 2356198007.16666794 5480630968.46522617 4168740908.39314127 -6758197857.32889557 -1263460525.22922277 2481154631.21499157 7219102783.79672432 -678685263.24094737
[ 3,*]   0.00645256 13437289669.92653084 5480630968.46518421 99087239566.04713440 63500068435.55358887 -84406460249.53912354 2840901450.06444359 -1457111969.11218977 -53160546379.41595459 -2056042706.52556443
[ 4,*]   0.01061834 10220826937.65904808 4168740908.39310884 63500068435.55313110 194186698746.12655640 -58543957784.73533630 112164384946.62582397 -181610007175.88818359 7565968454.84466076 -18121536122.00033569
[ 5,*]  -0.01678593 -16569600453.80145836 -6758197857.32886028 -84406460249.53858948 -58543957784.73493958 74120948216.02552795 -3709267719.87379885 3114266341.77398062 33996489405.82024384 2736791446.72018909
[ 6,*]  -0.00592981 -3097724806.68680096 -1263460525.22921038 2840901450.06440258 112164384946.62539673 -3709267719.87377501 331954452817.24224854 -197741854079.70523071 84829668270.64009094 29503921490.81299591
[ 7,*]   0.01817076 6083240564.36618423 2481154631.21499205 -1457111969.11218762 -181610007175.88748169 3114266341.77396631 -197741854079.70443726 234834442347.62310791 -48930403940.80041504 8377565717.43953037
[ 8,*]  -0.00005863 17699639178.27062225 7219102783.79671001 -53160546379.41570282 7565968454.84469509 33996489405.82003403 84829668270.63975525 -48930403940.80018616 105587309572.92526245 4924254488.87415218
[ 9,*]  -0.00208293 -1663983968.69099188 -678685263.24093020 -2056042706.52558970 -18121536122.00033569 2736791446.72027016 29503921490.81296921 8377565717.43948650 4924254488.87407970 835231882217.34704590

dia_matrix: 
[ 0,*]  -0.04304885   0.00000000   0.00000000   0.00000000   0.00000000   0.00000000   0.00000000   0.00000000   0.00000000   0.00000000
[ 1,*]   0.00000000 49375487469.58229828   0.00000000   0.00000000   0.00000000   0.00000000   0.00000000   0.00000000   0.00000000   0.00000000
[ 2,*]   0.00000000   0.00000000 49375487519.75463104   0.00000000   0.00000000   0.00000000   0.00000000   0.00000000   0.00000000   0.00000000
[ 3,*]   0.00000000   0.00000000   0.00000000 119999999999.95797729   0.00000000   0.00000000   0.00000000   0.00000000   0.00000000   0.00000000
[ 4,*]   0.00000000   0.00000000   0.00000000   0.00000000 299999898876.32751465   0.00000000   0.00000000   0.00000000   0.00000000   0.00000000
[ 5,*]   0.00000000   0.00000000   0.00000000   0.00000000   0.00000000 299999999999.95922852   0.00000000   0.00000000   0.00000000   0.00000000
[ 6,*]   0.00000000   0.00000000   0.00000000   0.00000000   0.00000000   0.00000000 359999999928.82702637   0.00000000   0.00000000   0.00000000
[ 7,*]   0.00000000   0.00000000   0.00000000   0.00000000   0.00000000   0.00000000   0.00000000 359999999999.95837402   0.00000000   0.00000000
[ 8,*]   0.00000000   0.00000000   0.00000000   0.00000000   0.00000000   0.00000000   0.00000000   0.00000000 850618150461.88122559   0.00000000
[ 9,*]   0.00000000   0.00000000   0.00000000   0.00000000   0.00000000   0.00000000   0.00000000   0.00000000   0.00000000 850624512479.99462891

Diagonalize
