2 active alpha orbitals and 2 active beta orbitals
GiveInitialOrbitals took 0 seconds
Calculate all integrals: 0 seconds
Orbital Multiplication: 0 seconds
      Active Space - One electron energy  1.026297e-03
      Active Space - Two-electron energy  0.000000e+00
              AS-Core correlation energy  0.000000e+00
                       Total core energy  0.000000e+00
                Nuclear repulsion energy  0.000000e+00
                            Total energy  1.026297e-03
CalculateEnergies took 0 seconds
---------------------------------------------------
Start iteration step: 0
CalculateLagrangeMultiplier took 0 seconds
Skip refinement of spin0active space orbital 1, since the occupation is less than NO_occupation_thresh (1.000000e-05)
Skip refinement of spin1active space orbital 0, since the occupation is less than NO_occupation_thresh (1.000000e-05)
Skip refinement of spin1active space orbital 1, since the occupation is less than NO_occupation_thresh (1.000000e-05)
Warning: Positive Lagrange multiplier for spin 0 active orbital 0: 1.026297e-03
Setting it to -1.000000e-03.
Error of spin 0 active space orbital 0: 9.262552e-01
Refinement timings:
rdm_ii_inv calculation: 0 seconds
one electron part: 0 seconds
AS two electron part: 0 seconds
Core-AS part: 0 seconds
BSH part: 0 seconds
Full function: 0 seconds
Get as orbital updates took 0 seconds
Highest as orbital error: 9.262552e-01
Update Integrals
Calculate all integrals: 0 seconds
Orbital Multiplication: 0 seconds
      Active Space - One electron energy  7.112800e-03
      Active Space - Two-electron energy  0.000000e+00
              AS-Core correlation energy  0.000000e+00
                       Total core energy  0.000000e+00
                Nuclear repulsion energy  0.000000e+00
                            Total energy  7.112800e-03
CalculateEnergies took 0 seconds
---------------------------------------------------
Start iteration step: 1
CalculateLagrangeMultiplier took 0 seconds
Skip refinement of spin0active space orbital 1, since the occupation is less than NO_occupation_thresh (1.000000e-05)
Skip refinement of spin1active space orbital 0, since the occupation is less than NO_occupation_thresh (1.000000e-05)
Skip refinement of spin1active space orbital 1, since the occupation is less than NO_occupation_thresh (1.000000e-05)
Warning: Positive Lagrange multiplier for spin 0 active orbital 0: 7.112800e-03
Setting it to -1.000000e-03.
Error of spin 0 active space orbital 0: 1.074900e+00
Refinement timings:
rdm_ii_inv calculation: 0 seconds
one electron part: 0 seconds
AS two electron part: 0 seconds
Core-AS part: 0 seconds
BSH part: 0 seconds
Full function: 0 seconds
Get as orbital updates took 0 seconds
Highest as orbital error: 1.074900e+00
Update Integrals
Calculate all integrals: 0 seconds
Orbital Multiplication: 0 seconds
      Active Space - One electron energy  3.513965e+00
      Active Space - Two-electron energy  0.000000e+00
              AS-Core correlation energy  0.000000e+00
                       Total core energy  0.000000e+00
                Nuclear repulsion energy  0.000000e+00
                            Total energy  3.513965e+00
CalculateEnergies took 0 seconds
---------------------------------------------------
Start iteration step: 2
CalculateLagrangeMultiplier took 0 seconds
Skip refinement of spin0active space orbital 1, since the occupation is less than NO_occupation_thresh (1.000000e-05)
Skip refinement of spin1active space orbital 0, since the occupation is less than NO_occupation_thresh (1.000000e-05)
Skip refinement of spin1active space orbital 1, since the occupation is less than NO_occupation_thresh (1.000000e-05)
Warning: Positive Lagrange multiplier for spin 0 active orbital 0: 3.513965e+00
Setting it to -1.000000e-03.
Error of spin 0 active space orbital 0: 3.143389e+01
Refinement timings:
rdm_ii_inv calculation: 0 seconds
one electron part: 0 seconds
AS two electron part: 0 seconds
Core-AS part: 0 seconds
BSH part: 0 seconds
Full function: 0 seconds
Get as orbital updates took 0 seconds
Highest as orbital error: 3.143389e+01
Update Integrals
Calculate all integrals: 0 seconds
Orbital Multiplication: 0 seconds
      Active Space - One electron energy  1.223122e-02
      Active Space - Two-electron energy  0.000000e+00
              AS-Core correlation energy  0.000000e+00
                       Total core energy  0.000000e+00
                Nuclear repulsion energy  0.000000e+00
                            Total energy  1.223122e-02
CalculateEnergies took 0 seconds
---------------------------------------------------
Start iteration step: 3
CalculateLagrangeMultiplier took 0 seconds
Skip refinement of spin0active space orbital 1, since the occupation is less than NO_occupation_thresh (1.000000e-05)
Skip refinement of spin1active space orbital 0, since the occupation is less than NO_occupation_thresh (1.000000e-05)
Skip refinement of spin1active space orbital 1, since the occupation is less than NO_occupation_thresh (1.000000e-05)
Warning: Positive Lagrange multiplier for spin 0 active orbital 0: 1.223122e-02
Setting it to -1.000000e-03.
Error of spin 0 active space orbital 0: 2.355931e+00
Refinement timings:
rdm_ii_inv calculation: 0 seconds
one electron part: 0 seconds
AS two electron part: 0 seconds
Core-AS part: 0 seconds
BSH part: 0 seconds
Full function: 0 seconds
Get as orbital updates took 0 seconds
Highest as orbital error: 2.355931e+00
Update Integrals
Calculate all integrals: 0 seconds
Orbital Multiplication: 0 seconds
      Active Space - One electron energy  2.242282e-02
      Active Space - Two-electron energy  0.000000e+00
              AS-Core correlation energy  0.000000e+00
                       Total core energy  0.000000e+00
                Nuclear repulsion energy  0.000000e+00
                            Total energy  2.242282e-02
CalculateEnergies took 0 seconds
---------------------------------------------------
Start iteration step: 4
CalculateLagrangeMultiplier took 0 seconds
Skip refinement of spin0active space orbital 1, since the occupation is less than NO_occupation_thresh (1.000000e-05)
Skip refinement of spin1active space orbital 0, since the occupation is less than NO_occupation_thresh (1.000000e-05)
Skip refinement of spin1active space orbital 1, since the occupation is less than NO_occupation_thresh (1.000000e-05)
Warning: Positive Lagrange multiplier for spin 0 active orbital 0: 2.242282e-02
Setting it to -1.000000e-03.
Error of spin 0 active space orbital 0: 1.308855e+00
Refinement timings:
rdm_ii_inv calculation: 0 seconds
one electron part: 0 seconds
AS two electron part: 0 seconds
Core-AS part: 0 seconds
BSH part: 0 seconds
Full function: 0 seconds
Get as orbital updates took 0 seconds
Highest as orbital error: 1.308855e+00
Update Integrals
Calculate all integrals: 0 seconds
Orbital Multiplication: 0 seconds
      Active Space - One electron energy  2.240327e+00
      Active Space - Two-electron energy  0.000000e+00
              AS-Core correlation energy  0.000000e+00
                       Total core energy  0.000000e+00
                Nuclear repulsion energy  0.000000e+00
                            Total energy  2.240327e+00
CalculateEnergies took 0 seconds
Calculate all integrals: 0 seconds
Orbital Multiplication: 0 seconds
      Active Space - One electron energy  2.240327e+00
      Active Space - Two-electron energy  0.000000e+00
              AS-Core correlation energy  0.000000e+00
                       Total core energy  0.000000e+00
                Nuclear repulsion energy  0.000000e+00
                            Total energy  2.240327e+00
CalculateEnergies took 0 seconds
Norm spin: 0 as orb 0:1.000000e+00
Norm spin: 0 as orb 1:1.000000e+00
Norm spin: 1 as orb 0:1.000000e+00
Norm spin: 1 as orb 1:1.000000e+00
