2 active alpha orbitals and 2 active beta orbitals
GiveInitialOrbitals took 0 seconds
Calculate all integrals: 0 seconds
Orbital Multiplication: 0 seconds
      Active Space - One electron energy  4.501547e-03
      Active Space - Two-electron energy  0.000000e+00
              AS-Core correlation energy  0.000000e+00
                       Total core energy  0.000000e+00
                Nuclear repulsion energy  0.000000e+00
                            Total energy  4.501547e-03
CalculateEnergies took 0 seconds
---------------------------------------------------
Start iteration step: 0
CalculateLagrangeMultiplier took 0 seconds
Skip refinement of spin0active space orbital 1, since the occupation is less than NO_occupation_thresh (1.000000e-05)
Skip refinement of spin1active space orbital 0, since the occupation is less than NO_occupation_thresh (1.000000e-05)
Skip refinement of spin1active space orbital 1, since the occupation is less than NO_occupation_thresh (1.000000e-05)
Warning: Positive Lagrange multiplier for spin 0 active orbital 0: 4.501547e-03
Setting it to -1.000000e-03.
Error of spin 0 active space orbital 0: 9.140737e-01
Refinement timings:
rdm_ii_inv calculation: 0 seconds
one electron part: 0 seconds
AS two electron part: 0 seconds
Core-AS part: 0 seconds
BSH part: 0 seconds
Full function: 0 seconds
Get as orbital updates took 0 seconds
Highest as orbital error: 9.140737e-01
Update Integrals
Calculate all integrals: 0 seconds
Orbital Multiplication: 0 seconds
      Active Space - One electron energy  7.070745e-03
      Active Space - Two-electron energy  0.000000e+00
              AS-Core correlation energy  0.000000e+00
                       Total core energy  0.000000e+00
                Nuclear repulsion energy  0.000000e+00
                            Total energy  7.070745e-03
CalculateEnergies took 0 seconds
---------------------------------------------------
Start iteration step: 1
CalculateLagrangeMultiplier took 0 seconds
Skip refinement of spin0active space orbital 1, since the occupation is less than NO_occupation_thresh (1.000000e-05)
Skip refinement of spin1active space orbital 0, since the occupation is less than NO_occupation_thresh (1.000000e-05)
Skip refinement of spin1active space orbital 1, since the occupation is less than NO_occupation_thresh (1.000000e-05)
Warning: Positive Lagrange multiplier for spin 0 active orbital 0: 7.070745e-03
Setting it to -1.000000e-03.
Error of spin 0 active space orbital 0: 1.086360e+00
Refinement timings:
rdm_ii_inv calculation: 0 seconds
one electron part: 0 seconds
AS two electron part: 0 seconds
Core-AS part: 0 seconds
BSH part: 0 seconds
Full function: 0 seconds
Get as orbital updates took 0 seconds
Highest as orbital error: 1.086360e+00
Update Integrals
Calculate all integrals: 0 seconds
Orbital Multiplication: 0 seconds
      Active Space - One electron energy  8.774835e-02
      Active Space - Two-electron energy  0.000000e+00
              AS-Core correlation energy  0.000000e+00
                       Total core energy  0.000000e+00
                Nuclear repulsion energy  0.000000e+00
                            Total energy  8.774835e-02
CalculateEnergies took 0 seconds
---------------------------------------------------
Start iteration step: 2
CalculateLagrangeMultiplier took 0 seconds
Skip refinement of spin0active space orbital 1, since the occupation is less than NO_occupation_thresh (1.000000e-05)
Skip refinement of spin1active space orbital 0, since the occupation is less than NO_occupation_thresh (1.000000e-05)
Skip refinement of spin1active space orbital 1, since the occupation is less than NO_occupation_thresh (1.000000e-05)
Warning: Positive Lagrange multiplier for spin 0 active orbital 0: 8.774835e-02
Setting it to -1.000000e-03.
Error of spin 0 active space orbital 0: 1.100139e+00
Refinement timings:
rdm_ii_inv calculation: 0 seconds
one electron part: 0 seconds
AS two electron part: 0 seconds
Core-AS part: 0 seconds
BSH part: 0 seconds
Full function: 0 seconds
Get as orbital updates took 0 seconds
Highest as orbital error: 1.100139e+00
Update Integrals
Calculate all integrals: 0 seconds
Orbital Multiplication: 0 seconds
      Active Space - One electron energy  2.025707e-01
      Active Space - Two-electron energy  0.000000e+00
              AS-Core correlation energy  0.000000e+00
                       Total core energy  0.000000e+00
                Nuclear repulsion energy  0.000000e+00
                            Total energy  2.025707e-01
CalculateEnergies took 0 seconds
---------------------------------------------------
Start iteration step: 3
CalculateLagrangeMultiplier took 0 seconds
Skip refinement of spin0active space orbital 1, since the occupation is less than NO_occupation_thresh (1.000000e-05)
Skip refinement of spin1active space orbital 0, since the occupation is less than NO_occupation_thresh (1.000000e-05)
Skip refinement of spin1active space orbital 1, since the occupation is less than NO_occupation_thresh (1.000000e-05)
Warning: Positive Lagrange multiplier for spin 0 active orbital 0: 2.025707e-01
Setting it to -1.000000e-03.
Error of spin 0 active space orbital 0: 2.244222e+00
Refinement timings:
rdm_ii_inv calculation: 0 seconds
one electron part: 0 seconds
AS two electron part: 0 seconds
Core-AS part: 0 seconds
BSH part: 0 seconds
Full function: 0 seconds
Get as orbital updates took 0 seconds
Highest as orbital error: 2.244222e+00
Update Integrals
Calculate all integrals: 0 seconds
Orbital Multiplication: 0 seconds
      Active Space - One electron energy  3.679135e-03
      Active Space - Two-electron energy  0.000000e+00
              AS-Core correlation energy  0.000000e+00
                       Total core energy  0.000000e+00
                Nuclear repulsion energy  0.000000e+00
                            Total energy  3.679135e-03
CalculateEnergies took 0 seconds
---------------------------------------------------
Start iteration step: 4
CalculateLagrangeMultiplier took 0 seconds
Skip refinement of spin0active space orbital 1, since the occupation is less than NO_occupation_thresh (1.000000e-05)
Skip refinement of spin1active space orbital 0, since the occupation is less than NO_occupation_thresh (1.000000e-05)
Skip refinement of spin1active space orbital 1, since the occupation is less than NO_occupation_thresh (1.000000e-05)
Warning: Positive Lagrange multiplier for spin 0 active orbital 0: 3.679135e-03
Setting it to -1.000000e-03.
Error of spin 0 active space orbital 0: 1.092287e+00
Refinement timings:
rdm_ii_inv calculation: 0 seconds
one electron part: 0 seconds
AS two electron part: 0 seconds
Core-AS part: 0 seconds
BSH part: 0 seconds
Full function: 0 seconds
Get as orbital updates took 0 seconds
Highest as orbital error: 1.092287e+00
Update Integrals
Calculate all integrals: 0 seconds
Orbital Multiplication: 0 seconds
      Active Space - One electron energy  3.673417e-02
      Active Space - Two-electron energy  0.000000e+00
              AS-Core correlation energy  0.000000e+00
                       Total core energy  0.000000e+00
                Nuclear repulsion energy  0.000000e+00
                            Total energy  3.673417e-02
CalculateEnergies took 0 seconds
Calculate all integrals: 0 seconds
Orbital Multiplication: 0 seconds
      Active Space - One electron energy  3.673417e-02
      Active Space - Two-electron energy  0.000000e+00
              AS-Core correlation energy  0.000000e+00
                       Total core energy  0.000000e+00
                Nuclear repulsion energy  0.000000e+00
                            Total energy  3.673417e-02
CalculateEnergies took 0 seconds
Norm spin: 0 as orb 0:1.000000e+00
Norm spin: 0 as orb 1:1.000000e+00
Norm spin: 1 as orb 0:1.000000e+00
Norm spin: 1 as orb 1:1.000000e+00
