2 active alpha orbitals and 2 active beta orbitals
GiveInitialOrbitals took 0 seconds
Calculate all integrals: 0 seconds
Orbital Multiplication: 0 seconds
      Active Space - One electron energy  -4.200000e-02
      Active Space - Two-electron energy  0.000000e+00
              AS-Core correlation energy  0.000000e+00
                       Total core energy  0.000000e+00
                Nuclear repulsion energy  0.000000e+00
                            Total energy  -4.200000e-02
CalculateEnergies took 0 seconds
---------------------------------------------------
Start iteration step: 0
CalculateLagrangeMultiplier took 0 seconds
Skip refinement of spin0active space orbital 1, since the occupation is less than NO_occupation_thresh (1.000000e-05)
Skip refinement of spin1active space orbital 0, since the occupation is less than NO_occupation_thresh (1.000000e-05)
Skip refinement of spin1active space orbital 1, since the occupation is less than NO_occupation_thresh (1.000000e-05)
Error of spin 0 active space orbital 0: 1.000000e+00
Refinement timings:
rdm_ii_inv calculation: 0 seconds
one electron part: 0 seconds
AS two electron part: 0 seconds
Core-AS part: 0 seconds
BSH part: 0 seconds
Full function: 0 seconds
Get as orbital updates took 0 seconds
WARNING: linear dependencies detected in  1  functions, rank =  1
Highest as orbital error: 1.000000e+00
Update Integrals
Calculate all integrals: 0 seconds
Orbital Multiplication: 0 seconds
      Active Space - One electron energy  -nan
      Active Space - Two-electron energy  -nan
              AS-Core correlation energy  0.000000e+00
                       Total core energy  0.000000e+00
                Nuclear repulsion energy  0.000000e+00
                            Total energy  -nan
CalculateEnergies took 0 seconds
---------------------------------------------------
Start iteration step: 1
CalculateLagrangeMultiplier took 0 seconds
Skip refinement of spin0active space orbital 1, since the occupation is less than NO_occupation_thresh (1.000000e-05)
Skip refinement of spin1active space orbital 0, since the occupation is less than NO_occupation_thresh (1.000000e-05)
Skip refinement of spin1active space orbital 1, since the occupation is less than NO_occupation_thresh (1.000000e-05)
Error of spin 0 active space orbital 0: -nan
Refinement timings:
rdm_ii_inv calculation: 0 seconds
one electron part: 0 seconds
AS two electron part: 0 seconds
Core-AS part: 0 seconds
BSH part: 0 seconds
Full function: 0 seconds
Get as orbital updates took 0 seconds
WARNING: linear dependencies detected in  2  functions, rank =  0
Highest as orbital error: 0.000000e+00
Update Integrals
Calculate all integrals: 0 seconds
Orbital Multiplication: 0 seconds
      Active Space - One electron energy  -nan
      Active Space - Two-electron energy  -nan
              AS-Core correlation energy  0.000000e+00
                       Total core energy  0.000000e+00
                Nuclear repulsion energy  0.000000e+00
                            Total energy  -nan
CalculateEnergies took 0 seconds
Calculate all integrals: 0 seconds
Orbital Multiplication: 0 seconds
      Active Space - One electron energy  -nan
      Active Space - Two-electron energy  -nan
              AS-Core correlation energy  0.000000e+00
                       Total core energy  0.000000e+00
                Nuclear repulsion energy  0.000000e+00
                            Total energy  -nan
CalculateEnergies took 0 seconds
Norm spin: 0 as orb 0:-nan
Norm spin: 0 as orb 1:-nan
Norm spin: 1 as orb 0:1.000000e+00
Norm spin: 1 as orb 1:1.000000e+00
