Potential loaded
Order of the first monomial: 0
Counter: 1 and current num: 10
First non-zero: 0
order with first non-zero: 0
All zero
0 0 
Order of the first monomial: 1
Counter: 2 and current num: 10
First non-zero: 0
order with first non-zero: 1
First non-zero: 0
0 1 
Counter: 3 and current num: 10
First non-zero: 0
order with first non-zero: 0
First non-zero: 1
Break
Order of the first monomial: 2
Counter: 4 and current num: 10
First non-zero: 0
order with first non-zero: 2
First non-zero: 0
1 1 
Counter: 5 and current num: 10
First non-zero: 0
order with first non-zero: 1
First non-zero: 0
0 2 
Counter: 6 and current num: 10
First non-zero: 0
order with first non-zero: 0
First non-zero: 1
Break
Order of the first monomial: 3
Counter: 7 and current num: 10
First non-zero: 0
order with first non-zero: 3
First non-zero: 0
2 1 
Counter: 8 and current num: 10
First non-zero: 0
order with first non-zero: 2
First non-zero: 0
1 2 
Counter: 9 and current num: 10
First non-zero: 0
order with first non-zero: 1
First non-zero: 0
0 3 
Counter: 10 and current num: 10
Return guesses
-1.216818e+05
-9.276999e+04
-1.572365e+04
-1.176829e+05
-1.204078e+04
-9.006585e+03
-2.189146e+05
-1.792547e+04
-7.635398e+03
-1.793276e+04
H: 
[ 0,*] -121681.78123274 60202.84622982   0.00000000 -94915.78321136  -0.00000000 -17869.43761788 64354.26310202   0.00000000 8102.59640174   0.00000000
[ 1,*] 60202.84622982 -92769.99489034  -0.00000000 62799.04619249   0.00000000 8102.59640225 -119669.27627024   0.00000000 -14027.16822322  -0.00000000
[ 2,*]   0.00000000  -0.00000000 -15723.64929648   0.00000000 7324.98794759   0.00000000  -0.00000000 -12655.87638191  -0.00000000 -9621.67944238
[ 3,*] -94915.78321136 62799.04619249   0.00000000 -117682.88962989  -0.00000000 -14642.26301551 95106.15986401   0.00000000 9485.47494287   0.00000000
[ 4,*]  -0.00000000   0.00000000 7324.98794759  -0.00000000 -12040.78156212  -0.00000000   0.00000000 8371.53782605   0.00000000 3831.80993700
[ 5,*] -17869.43761788 8102.59640225   0.00000000 -14642.26301551  -0.00000000 -9006.58464810 9881.23943649   0.00000000 3633.92768850   0.00000000
[ 6,*] 64354.26310203 -119669.27627026  -0.00000000 95106.15986401   0.00000000 9881.23943649 -218914.58644166  -0.00000000 -23643.47443419  -0.00000000
[ 7,*]   0.00000000   0.00000000 -12655.87638192   0.00000000 8371.53782605  -0.00000000  -0.00000000 -17925.47034245   0.00000000 -10314.69231534
[ 8,*] 8102.59640175 -14027.16822323  -0.00000000 9485.47494287   0.00000000 3633.92768850 -23643.47443419   0.00000000 -7635.39831962  -0.00000000
[ 9,*]  -0.00000000   0.00000000 -9621.67944239  -0.00000000 3831.80993700  -0.00000000   0.00000000 -10314.69231535  -0.00000000 -17932.76129116

dia_matrix: 
[ 0,*] -31.51963523   0.00000000   0.00000000   0.00000000   0.00000000   0.00000000   0.00000000   0.00000000   0.00000000   0.00000000
[ 1,*]   0.00000000 -18.56596111   0.00000000   0.00000000   0.00000000   0.00000000   0.00000000   0.00000000   0.00000000   0.00000000
[ 2,*]   0.00000000   0.00000000 -14.28311304   0.00000000   0.00000000   0.00000000   0.00000000   0.00000000   0.00000000   0.00000000
[ 3,*]   0.00000000   0.00000000   0.00000000  -7.13548510   0.00000000   0.00000000   0.00000000   0.00000000   0.00000000   0.00000000
[ 4,*]   0.00000000   0.00000000   0.00000000   0.00000000  -4.72184890   0.00000000   0.00000000   0.00000000   0.00000000   0.00000000
[ 5,*]   0.00000000   0.00000000   0.00000000   0.00000000   0.00000000  -2.00727454   0.00000000   0.00000000   0.00000000   0.00000000
[ 6,*]   0.00000000   0.00000000   0.00000000   0.00000000   0.00000000   0.00000000  -0.66584326   0.00000000   0.00000000   0.00000000
[ 7,*]   0.00000000   0.00000000   0.00000000   0.00000000   0.00000000   0.00000000   0.00000000  -0.40188791   0.00000000   0.00000000
[ 8,*]   0.00000000   0.00000000   0.00000000   0.00000000   0.00000000   0.00000000   0.00000000   0.00000000  -0.22493466   0.00000000
[ 9,*]   0.00000000   0.00000000   0.00000000   0.00000000   0.00000000   0.00000000   0.00000000   0.00000000   0.00000000  -0.16809107

iteration 0 energy -3.709040e+01 norm 1.037938e+00 error 3.252360e-01
iteration 1 energy -3.948356e+01 norm 9.928661e-01 error 1.559239e-01
iteration 2 energy -3.993100e+01 norm 1.001769e+00 error 5.896859e-02
iteration 3 energy -3.999471e+01 norm 9.993375e-01 error 2.010050e-02
iteration 4 energy -3.999749e+01 norm 9.999922e-01 error 4.252977e-03
iteration 5 energy -3.999780e+01 norm 1.000030e+00 error 1.398851e-03
Final energy without shift:  -3.999780e+01
iteration 0 energy -2.278209e+01 norm 1.041982e+00 error 3.750692e-01
iteration 1 energy -2.444677e+01 norm 9.859000e-01 error 1.638187e-01
iteration 2 energy -2.574119e+01 norm 1.015569e+00 error 9.707087e-02
iteration 3 energy -2.840681e+01 norm 1.523099e+00 error 9.037824e-02
iteration 4 energy -2.892873e+01 norm 9.127340e-01 error 9.409621e-02
iteration 5 energy -2.908293e+01 norm 9.634668e-01 error 3.633515e-02
Final energy without shift:  -2.908293e+01
iteration 0 energy -2.315216e+01 norm 1.091112e+00 error 5.556750e-01
iteration 1 energy -2.770175e+01 norm 9.913736e-01 error 2.622488e-01
iteration 2 energy -2.894948e+01 norm 9.985933e-01 error 1.179064e-01
iteration 3 energy -2.933955e+01 norm 1.004943e+00 error 5.695297e-02
iteration 4 energy -2.935266e+01 norm 9.974823e-01 error 1.278103e-02
iteration 5 energy -2.935535e+01 norm 9.998712e-01 error 4.174561e-03
Final energy without shift:  -2.935535e+01
iteration 0 energy -1.700573e+01 norm 1.125481e+00 error 9.051552e-01
iteration 1 energy -1.787964e+01 norm 9.253166e-01 error 3.595983e-01
iteration 2 energy -2.050797e+01 norm 1.175171e+00 error 2.398370e-01
iteration 3 energy -2.276676e+01 norm 8.852325e-01 error 1.648742e-01
iteration 4 energy -2.294276e+01 norm 1.129150e+00 error 7.079695e-02
iteration 5 energy -2.288559e+01 norm 1.178047e+00 error 4.745261e-02
Final energy without shift:  -2.288559e+01
iteration 0 energy -1.292587e+01 norm 1.167266e+00 error 8.769115e-01
iteration 1 energy -1.528554e+01 norm 9.657963e-01 error 3.249662e-01
iteration 2 energy -1.634057e+01 norm 1.004288e+00 error 1.675599e-01
iteration 3 energy -1.762476e+01 norm 1.031113e+00 error 9.290868e-02
iteration 4 energy -1.904773e+01 norm 1.001401e+00 error 8.919386e-02
iteration 5 energy -1.932725e+01 norm 1.269697e+00 error 6.321951e-02
Final energy without shift:  -1.932725e+01
iteration 0 energy -8.556370e+00 norm 1.204411e+00 error 9.802177e-01
iteration 1 energy -1.418976e+01 norm 1.001895e+00 error 4.615186e-01
iteration 2 energy -1.762096e+01 norm 9.610154e-01 error 2.934942e-01
iteration 3 energy -1.992027e+01 norm 9.894909e-01 error 2.153813e-01
iteration 4 energy -2.007520e+01 norm 9.605352e-01 error 1.087141e-01
iteration 5 energy -2.017077e+01 norm 9.828844e-01 error 8.583312e-02
Final energy without shift:  -2.017077e+01
iteration 0 energy -7.855229e+00 norm 1.112680e+00 error 1.079442e+00
iteration 1 energy -1.562647e+01 norm 1.092902e+00 error 7.035427e-01
iteration 2 energy -1.721113e+01 norm 9.367000e-01 error 3.082129e-01
iteration 3 energy -1.898722e+01 norm 1.081387e+00 error 1.861621e-01
iteration 4 energy -1.951167e+01 norm 9.720592e-01 error 1.032702e-01
iteration 5 energy -2.003376e+01 norm 1.012596e+00 error 9.131472e-02
Final energy without shift:  -2.003376e+01
iteration 0 energy -5.088110e+00 norm 8.334001e-01 error 9.286177e-01
iteration 1 energy -9.175634e+00 norm 9.921857e-01 error 6.418100e-01
iteration 2 energy -1.030604e+01 norm 8.915256e-01 error 4.043861e-01
iteration 3 energy -1.341558e+01 norm 1.181275e+00 error 3.834628e-01
iteration 4 energy -1.207781e+01 norm 7.681180e-01 error 3.107885e-01
iteration 5 energy -1.101497e+01 norm 9.640952e-01 error 2.358366e-01
Final energy without shift:  -1.101497e+01
iteration 0 energy -2.803900e+00 norm 1.072598e+00 error 1.009161e+00
iteration 1 energy -1.072070e+01 norm 1.374293e+00 error 9.059859e-01
iteration 2 energy -1.406799e+01 norm 8.910747e-01 error 6.241253e-01
iteration 3 energy -1.879125e+01 norm 8.534199e-01 error 6.408351e-01
iteration 4 energy -1.187014e+01 norm 7.240343e-01 error 6.230373e-01
iteration 5 energy -1.641787e+01 norm 3.811202e+00 error 6.216889e-01
Final energy without shift:  -1.641787e+01
iteration 0 energy -1.370090e+00 norm 1.154234e+00 error 9.206433e-01
iteration 1 energy -5.753983e+00 norm 1.438270e+00 error 7.966538e-01
iteration 2 energy -1.003287e+01 norm 9.945060e-01 error 5.816100e-01
iteration 3 energy -1.407143e+01 norm 9.330419e-01 error 4.760124e-01
iteration 4 energy -1.410628e+01 norm 9.994599e-01 error 2.600411e-01
iteration 5 energy -1.392113e+01 norm 1.000470e+00 error 1.412043e-01
Final energy without shift:  -1.392113e+01
-3.999780e+01
-2.908293e+01
-2.935535e+01
-2.288559e+01
-1.932725e+01
-2.017077e+01
-2.003376e+01
-1.101497e+01
-1.641787e+01
-1.392113e+01
H: 
[ 0,*] -39.99779568  -0.32655094  -0.00000000   0.21637257  -0.00000000   2.01048850  -2.32326108  -0.00000000   5.67611916   0.00000000
[ 1,*]  -0.32655094 -29.08292851   0.00000000  -0.24880382   0.00000000  -0.40196904  -0.85079962   0.00000000  -8.56541049   0.00000000
[ 2,*]  -0.00000000  -0.00000000 -29.35534644  -0.00000000   0.65808308   0.00000000  -0.00000000  10.27512340  -0.00000000   0.05138282
[ 3,*]   0.21637257  -0.24880382  -0.00000000 -22.88559321   0.00000000   1.06034892   1.56015732  -0.00000000  -6.84447077   0.00000000
[ 4,*]  -0.00000000   0.00000000   0.65808308   0.00000000 -19.32724716   0.00000000   0.00000000   3.99497144  -0.00000000  -1.33352299
[ 5,*]   2.01048850  -0.40196904   0.00000000   1.06034892   0.00000000 -20.17077388  -1.12031367  -0.00000000   0.48877918   0.00000000
[ 6,*]  -2.32326108  -0.85079962  -0.00000000   1.56015732   0.00000000  -1.12031367 -20.03375703  -0.00000000   2.19199369   0.00000000
[ 7,*]  -0.00000000   0.00000000  10.27512340  -0.00000000   3.99497144  -0.00000000  -0.00000000 -11.01497012   0.00000000   0.17859883
[ 8,*]   5.67611916  -8.56541049  -0.00000000  -6.84447077  -0.00000000   0.48877918   2.19199369   0.00000000 -16.41787396  -0.00000000
[ 9,*]   0.00000000   0.00000000   0.05138282   0.00000000  -1.33352299   0.00000000   0.00000000   0.17859883  -0.00000000 -13.92112991

dia_matrix: 
[ 0,*] -39.99790777   0.00000000   0.00000000   0.00000000   0.00000000   0.00000000   0.00000000   0.00000000   0.00000000   0.00000000
[ 1,*]   0.00000000 -29.35538794   0.00000000   0.00000000   0.00000000   0.00000000   0.00000000   0.00000000   0.00000000   0.00000000
[ 2,*]   0.00000000   0.00000000 -29.15057478   0.00000000   0.00000000   0.00000000   0.00000000   0.00000000   0.00000000   0.00000000
[ 3,*]   0.00000000   0.00000000   0.00000000 -23.03679446   0.00000000   0.00000000   0.00000000   0.00000000   0.00000000   0.00000000
[ 4,*]   0.00000000   0.00000000   0.00000000   0.00000000 -20.36264060   0.00000000   0.00000000   0.00000000   0.00000000   0.00000000
[ 5,*]   0.00000000   0.00000000   0.00000000   0.00000000   0.00000000 -19.45223106   0.00000000   0.00000000   0.00000000   0.00000000
[ 6,*]   0.00000000   0.00000000   0.00000000   0.00000000   0.00000000   0.00000000 -19.42011527   0.00000000   0.00000000   0.00000000
[ 7,*]   0.00000000   0.00000000   0.00000000   0.00000000   0.00000000   0.00000000   0.00000000 -13.80339208   0.00000000   0.00000000
[ 8,*]   0.00000000   0.00000000   0.00000000   0.00000000   0.00000000   0.00000000   0.00000000   0.00000000 -13.69097545   0.00000000
[ 9,*]   0.00000000   0.00000000   0.00000000   0.00000000   0.00000000   0.00000000   0.00000000   0.00000000   0.00000000  -7.71413912

Diagonalize
