8 active alpha orbitals and 8 active beta orbitals
GiveInitialOrbitals took 0 seconds
Calculate all integrals: 1 seconds
Orbital Multiplication: 0 seconds
      Active Space - One electron energy  -9.942678e+01
      Active Space - Two-electron energy  2.715584e+00
              AS-Core correlation energy  0.000000e+00
                       Total core energy  0.000000e+00
                Nuclear repulsion energy  0.000000e+00
                            Total energy  -9.671119e+01
CalculateEnergies took 0 seconds
---------------------------------------------------
Start iteration step: 0
CalculateLagrangeMultiplier took 0 seconds
Error of spin 0 active space orbital 0: 4.019751e-04
Error of spin 0 active space orbital 1: 1.272501e-03
Error of spin 0 active space orbital 2: 6.413742e-05
Error of spin 0 active space orbital 3: 3.395212e-04
Error of spin 0 active space orbital 4: 2.523633e-03
Error of spin 0 active space orbital 5: 2.327008e-03
Error of spin 0 active space orbital 6: 6.876214e-04
Error of spin 0 active space orbital 7: 4.372015e-04
Error of spin 1 active space orbital 0: 2.234896e-04
Error of spin 1 active space orbital 1: 7.173780e-05
Error of spin 1 active space orbital 2: 8.849156e-05
Error of spin 1 active space orbital 3: 4.038164e-04
Error of spin 1 active space orbital 4: 7.613541e-04
Error of spin 1 active space orbital 5: 3.197365e-04
Error of spin 1 active space orbital 6: 4.206939e-04
Error of spin 1 active space orbital 7: 2.184778e-03
Refinement timings:
rdm_ii_inv calculation: 0 seconds
one electron part: 0 seconds
AS two electron part: 6 seconds
Core-AS part: 0 seconds
BSH part: 0 seconds
Full function: 6 seconds
Get as orbital updates took 6 seconds
Highest as orbital error: 2.523633e-03
Update Integrals
Calculate all integrals: 1 seconds
Orbital Multiplication: 0 seconds
      Active Space - One electron energy  -9.942726e+01
      Active Space - Two-electron energy  2.715485e+00
              AS-Core correlation energy  0.000000e+00
                       Total core energy  0.000000e+00
                Nuclear repulsion energy  0.000000e+00
                            Total energy  -9.671177e+01
CalculateEnergies took 0 seconds
---------------------------------------------------
Start iteration step: 1
CalculateLagrangeMultiplier took 0 seconds
Error of spin 0 active space orbital 0: 3.803570e-04
Error of spin 0 active space orbital 1: 1.181156e-03
Error of spin 0 active space orbital 2: 4.424930e-05
Error of spin 0 active space orbital 3: 3.036209e-04
Error of spin 0 active space orbital 4: 2.424177e-03
Error of spin 0 active space orbital 5: 2.110917e-03
Error of spin 0 active space orbital 6: 3.870782e-04
Error of spin 0 active space orbital 7: 4.994563e-04
Error of spin 1 active space orbital 0: 1.922271e-04
Error of spin 1 active space orbital 1: 2.855820e-05
Error of spin 1 active space orbital 2: 6.832369e-05
Error of spin 1 active space orbital 3: 3.866325e-04
Error of spin 1 active space orbital 4: 5.005627e-04
Error of spin 1 active space orbital 5: 2.054591e-04
Error of spin 1 active space orbital 6: 2.409514e-04
Error of spin 1 active space orbital 7: 1.378292e-03
Refinement timings:
rdm_ii_inv calculation: 0 seconds
one electron part: 0 seconds
AS two electron part: 6 seconds
Core-AS part: 0 seconds
BSH part: 0 seconds
Full function: 6 seconds
Get as orbital updates took 6 seconds
Highest as orbital error: 2.424177e-03
Update Integrals
Calculate all integrals: 1 seconds
Orbital Multiplication: 0 seconds
      Active Space - One electron energy  -9.942771e+01
      Active Space - Two-electron energy  2.715397e+00
              AS-Core correlation energy  0.000000e+00
                       Total core energy  0.000000e+00
                Nuclear repulsion energy  0.000000e+00
                            Total energy  -9.671231e+01
CalculateEnergies took 0 seconds
---------------------------------------------------
Start iteration step: 2
CalculateLagrangeMultiplier took 0 seconds
Error of spin 0 active space orbital 0: 3.592148e-04
Error of spin 0 active space orbital 1: 1.108839e-03
Error of spin 0 active space orbital 2: 4.694902e-05
Error of spin 0 active space orbital 3: 2.767488e-04
Error of spin 0 active space orbital 4: 2.316790e-03
Error of spin 0 active space orbital 5: 1.939116e-03
Error of spin 0 active space orbital 6: 2.502432e-04
Error of spin 0 active space orbital 7: 5.597957e-04
Error of spin 1 active space orbital 0: 1.722371e-04
Error of spin 1 active space orbital 1: 5.158691e-05
Error of spin 1 active space orbital 2: 6.613268e-05
Error of spin 1 active space orbital 3: 3.657347e-04
Error of spin 1 active space orbital 4: 3.643831e-04
Error of spin 1 active space orbital 5: 3.035201e-04
Error of spin 1 active space orbital 6: 1.500066e-04
Error of spin 1 active space orbital 7: 1.083549e-03
Refinement timings:
rdm_ii_inv calculation: 0 seconds
one electron part: 0 seconds
AS two electron part: 6 seconds
Core-AS part: 0 seconds
BSH part: 0 seconds
Full function: 6 seconds
Get as orbital updates took 6 seconds
Highest as orbital error: 2.316790e-03
Update Integrals
Calculate all integrals: 1 seconds
Orbital Multiplication: 0 seconds
      Active Space - One electron energy  -9.942812e+01
      Active Space - Two-electron energy  2.715317e+00
              AS-Core correlation energy  0.000000e+00
                       Total core energy  0.000000e+00
                Nuclear repulsion energy  0.000000e+00
                            Total energy  -9.671280e+01
CalculateEnergies took 0 seconds
---------------------------------------------------
Start iteration step: 3
CalculateLagrangeMultiplier took 0 seconds
Error of spin 0 active space orbital 0: 3.368696e-04
Error of spin 0 active space orbital 1: 1.046753e-03
Error of spin 0 active space orbital 2: 5.129036e-05
Error of spin 0 active space orbital 3: 2.540417e-04
Error of spin 0 active space orbital 4: 2.208159e-03
Error of spin 0 active space orbital 5: 1.794696e-03
Error of spin 0 active space orbital 6: 2.386479e-04
Error of spin 0 active space orbital 7: 5.794386e-04
Error of spin 1 active space orbital 0: 1.571294e-04
Error of spin 1 active space orbital 1: 6.101522e-05
Error of spin 1 active space orbital 2: 6.538797e-05
Error of spin 1 active space orbital 3: 3.430013e-04
Error of spin 1 active space orbital 4: 2.864865e-04
Error of spin 1 active space orbital 5: 3.742106e-04
Error of spin 1 active space orbital 6: 1.116069e-04
Error of spin 1 active space orbital 7: 9.592600e-04
Refinement timings:
rdm_ii_inv calculation: 0 seconds
one electron part: 0 seconds
AS two electron part: 6 seconds
Core-AS part: 0 seconds
BSH part: 0 seconds
Full function: 6 seconds
Get as orbital updates took 6 seconds
Highest as orbital error: 2.208159e-03
Update Integrals
Calculate all integrals: 1 seconds
Orbital Multiplication: 0 seconds
      Active Space - One electron energy  -9.942847e+01
      Active Space - Two-electron energy  2.715245e+00
              AS-Core correlation energy  0.000000e+00
                       Total core energy  0.000000e+00
                Nuclear repulsion energy  0.000000e+00
                            Total energy  -9.671323e+01
CalculateEnergies took 0 seconds
---------------------------------------------------
Start iteration step: 4
CalculateLagrangeMultiplier took 0 seconds
Error of spin 0 active space orbital 0: 3.143908e-04
Error of spin 0 active space orbital 1: 9.908616e-04
Error of spin 0 active space orbital 2: 5.373734e-05
Error of spin 0 active space orbital 3: 2.341592e-04
Error of spin 0 active space orbital 4: 2.101434e-03
Error of spin 0 active space orbital 5: 1.668943e-03
Error of spin 0 active space orbital 6: 2.690141e-04
Error of spin 0 active space orbital 7: 5.769398e-04
Error of spin 1 active space orbital 0: 1.444789e-04
Error of spin 1 active space orbital 1: 6.142730e-05
Error of spin 1 active space orbital 2: 6.347874e-05
Error of spin 1 active space orbital 3: 3.201325e-04
Error of spin 1 active space orbital 4: 2.387196e-04
Error of spin 1 active space orbital 5: 4.148736e-04
Error of spin 1 active space orbital 6: 1.017370e-04
Error of spin 1 active space orbital 7: 8.981315e-04
Refinement timings:
rdm_ii_inv calculation: 0 seconds
one electron part: 0 seconds
AS two electron part: 6 seconds
Core-AS part: 0 seconds
BSH part: 0 seconds
Full function: 6 seconds
Get as orbital updates took 6 seconds
Highest as orbital error: 2.101434e-03
Update Integrals
Calculate all integrals: 1 seconds
Orbital Multiplication: 0 seconds
      Active Space - One electron energy  -9.942879e+01
      Active Space - Two-electron energy  2.715181e+00
              AS-Core correlation energy  0.000000e+00
                       Total core energy  0.000000e+00
                Nuclear repulsion energy  0.000000e+00
                            Total energy  -9.671360e+01
CalculateEnergies took 0 seconds
Calculate all integrals: 1 seconds
Orbital Multiplication: 0 seconds
      Active Space - One electron energy  -9.942879e+01
      Active Space - Two-electron energy  2.715181e+00
              AS-Core correlation energy  0.000000e+00
                       Total core energy  0.000000e+00
                Nuclear repulsion energy  0.000000e+00
                            Total energy  -9.671360e+01
CalculateEnergies took 0 seconds
Norm spin: 0 as orb 0:1.000000e+00
Norm spin: 0 as orb 1:1.000000e+00
Norm spin: 0 as orb 2:1.000000e+00
Norm spin: 0 as orb 3:1.000000e+00
Norm spin: 0 as orb 4:1.000000e+00
Norm spin: 0 as orb 5:1.000000e+00
Norm spin: 0 as orb 6:1.000000e+00
Norm spin: 0 as orb 7:1.000000e+00
Norm spin: 1 as orb 0:1.000000e+00
Norm spin: 1 as orb 1:1.000000e+00
Norm spin: 1 as orb 2:1.000000e+00
Norm spin: 1 as orb 3:1.000000e+00
Norm spin: 1 as orb 4:1.000000e+00
Norm spin: 1 as orb 5:1.000000e+00
Norm spin: 1 as orb 6:1.000000e+00
Norm spin: 1 as orb 7:1.000000e+00
