8 active alpha orbitals and 8 active beta orbitals
GiveInitialOrbitals took 0 seconds
Calculate all integrals: 20 seconds
Orbital Multiplication: 5 seconds
      Active Space - One electron energy  -8.549756e+01
      Active Space - Two-electron energy  3.829023e+00
              AS-Core correlation energy  0.000000e+00
                       Total core energy  0.000000e+00
                Nuclear repulsion energy  0.000000e+00
                            Total energy  -8.166853e+01
CalculateEnergies took 0 seconds
---------------------------------------------------
Start iteration step: 0
CalculateLagrangeMultiplier took 0 seconds
Error of spin 0 active space orbital 0: 1.856976e-03
Error of spin 0 active space orbital 1: 1.337822e-03
Error of spin 0 active space orbital 2: 2.768330e-03
Error of spin 0 active space orbital 3: 3.860000e-03
Error of spin 0 active space orbital 4: 6.548025e-03
Error of spin 0 active space orbital 5: 4.130671e-03
Error of spin 0 active space orbital 6: 1.566613e-02
Error of spin 0 active space orbital 7: 1.473715e-02
Error of spin 1 active space orbital 0: 1.914187e-03
Error of spin 1 active space orbital 1: 1.388735e-03
Error of spin 1 active space orbital 2: 2.782903e-03
Error of spin 1 active space orbital 3: 7.238697e-03
Error of spin 1 active space orbital 4: 6.762377e-03
Error of spin 1 active space orbital 5: 1.074285e-02
Error of spin 1 active space orbital 6: 1.890573e-02
Error of spin 1 active space orbital 7: 3.137422e-02
Refinement timings:
rdm_ii_inv calculation: 0 seconds
one electron part: 1 seconds
AS two electron part: 34 seconds
Core-AS part: 0 seconds
BSH part: 1 seconds
Full function: 36 seconds
Get as orbital updates took 36 seconds
Highest as orbital error: 3.137422e-02
Update Integrals
Calculate all integrals: 18 seconds
Orbital Multiplication: 5 seconds
      Active Space - One electron energy  -8.549899e+01
      Active Space - Two-electron energy  3.828341e+00
              AS-Core correlation energy  0.000000e+00
                       Total core energy  0.000000e+00
                Nuclear repulsion energy  0.000000e+00
                            Total energy  -8.167065e+01
CalculateEnergies took 0 seconds
---------------------------------------------------
Start iteration step: 1
CalculateLagrangeMultiplier took 0 seconds
Error of spin 0 active space orbital 0: 2.013090e-03
Error of spin 0 active space orbital 1: 1.359507e-03
Error of spin 0 active space orbital 2: 3.703448e-03
Error of spin 0 active space orbital 3: 2.493827e-03
Error of spin 0 active space orbital 4: 4.641308e-03
Error of spin 0 active space orbital 5: 2.961844e-03
Error of spin 0 active space orbital 6: 1.112615e-02
Error of spin 0 active space orbital 7: 1.009405e-02
Error of spin 1 active space orbital 0: 2.062011e-03
Error of spin 1 active space orbital 1: 1.458565e-03
Error of spin 1 active space orbital 2: 2.217643e-03
Error of spin 1 active space orbital 3: 4.486507e-03
Error of spin 1 active space orbital 4: 5.027842e-03
Error of spin 1 active space orbital 5: 6.232780e-03
Error of spin 1 active space orbital 6: 1.358651e-02
Error of spin 1 active space orbital 7: 2.067846e-02
Refinement timings:
rdm_ii_inv calculation: 0 seconds
one electron part: 1 seconds
AS two electron part: 33 seconds
Core-AS part: 0 seconds
BSH part: 1 seconds
Full function: 36 seconds
Get as orbital updates took 36 seconds
Highest as orbital error: 2.067846e-02
Update Integrals
Calculate all integrals: 18 seconds
Orbital Multiplication: 5 seconds
      Active Space - One electron energy  -8.550493e+01
      Active Space - Two-electron energy  3.828355e+00
              AS-Core correlation energy  0.000000e+00
                       Total core energy  0.000000e+00
                Nuclear repulsion energy  0.000000e+00
                            Total energy  -8.167657e+01
CalculateEnergies took 0 seconds
---------------------------------------------------
Start iteration step: 2
CalculateLagrangeMultiplier took 0 seconds
Error of spin 0 active space orbital 0: 2.035033e-03
Error of spin 0 active space orbital 1: 1.213570e-03
Error of spin 0 active space orbital 2: 3.687672e-03
Error of spin 0 active space orbital 3: 1.576643e-03
Error of spin 0 active space orbital 4: 3.360424e-03
Error of spin 0 active space orbital 5: 2.300602e-03
Error of spin 0 active space orbital 6: 8.179197e-03
Error of spin 0 active space orbital 7: 8.118230e-03
Error of spin 1 active space orbital 0: 1.533712e-03
Error of spin 1 active space orbital 1: 1.239779e-03
Error of spin 1 active space orbital 2: 1.983757e-03
Error of spin 1 active space orbital 3: 3.528937e-03
Error of spin 1 active space orbital 4: 4.061867e-03
Error of spin 1 active space orbital 5: 3.677736e-03
Error of spin 1 active space orbital 6: 1.017632e-02
Error of spin 1 active space orbital 7: 1.506713e-02
Refinement timings:
rdm_ii_inv calculation: 0 seconds
one electron part: 1 seconds
AS two electron part: 34 seconds
Core-AS part: 0 seconds
BSH part: 1 seconds
Full function: 36 seconds
Get as orbital updates took 36 seconds
Highest as orbital error: 1.506713e-02
Update Integrals
Calculate all integrals: 19 seconds
Orbital Multiplication: 5 seconds
      Active Space - One electron energy  -8.550903e+01
      Active Space - Two-electron energy  3.828229e+00
              AS-Core correlation energy  0.000000e+00
                       Total core energy  0.000000e+00
                Nuclear repulsion energy  0.000000e+00
                            Total energy  -8.168080e+01
CalculateEnergies took 0 seconds
---------------------------------------------------
Start iteration step: 3
CalculateLagrangeMultiplier took 0 seconds
Error of spin 0 active space orbital 0: 1.854494e-03
Error of spin 0 active space orbital 1: 1.060794e-03
Error of spin 0 active space orbital 2: 3.443236e-03
Error of spin 0 active space orbital 3: 9.698328e-04
Error of spin 0 active space orbital 4: 2.595873e-03
Error of spin 0 active space orbital 5: 1.866371e-03
Error of spin 0 active space orbital 6: 6.221743e-03
Error of spin 0 active space orbital 7: 6.791479e-03
Error of spin 1 active space orbital 0: 1.381636e-03
Error of spin 1 active space orbital 1: 1.126164e-03
Error of spin 1 active space orbital 2: 1.766938e-03
Error of spin 1 active space orbital 3: 3.151296e-03
Error of spin 1 active space orbital 4: 3.366938e-03
Error of spin 1 active space orbital 5: 2.125295e-03
Error of spin 1 active space orbital 6: 7.776345e-03
Error of spin 1 active space orbital 7: 1.156550e-02
Refinement timings:
rdm_ii_inv calculation: 0 seconds
one electron part: 1 seconds
AS two electron part: 33 seconds
Core-AS part: 0 seconds
BSH part: 1 seconds
Full function: 36 seconds
Get as orbital updates took 36 seconds
Highest as orbital error: 1.156550e-02
Update Integrals
Calculate all integrals: 19 seconds
Orbital Multiplication: 5 seconds
      Active Space - One electron energy  -8.551208e+01
      Active Space - Two-electron energy  3.828092e+00
              AS-Core correlation energy  0.000000e+00
                       Total core energy  0.000000e+00
                Nuclear repulsion energy  0.000000e+00
                            Total energy  -8.168399e+01
CalculateEnergies took 0 seconds
---------------------------------------------------
Start iteration step: 4
CalculateLagrangeMultiplier took 0 seconds
Error of spin 0 active space orbital 0: 1.646154e-03
Error of spin 0 active space orbital 1: 9.246251e-04
Error of spin 0 active space orbital 2: 3.096435e-03
Error of spin 0 active space orbital 3: 5.769445e-04
Error of spin 0 active space orbital 4: 2.103601e-03
Error of spin 0 active space orbital 5: 1.560335e-03
Error of spin 0 active space orbital 6: 4.834432e-03
Error of spin 0 active space orbital 7: 5.861468e-03
Error of spin 1 active space orbital 0: 1.380544e-03
Error of spin 1 active space orbital 1: 1.058312e-03
Error of spin 1 active space orbital 2: 1.527797e-03
Error of spin 1 active space orbital 3: 2.923449e-03
Error of spin 1 active space orbital 4: 2.815757e-03
Error of spin 1 active space orbital 5: 1.176776e-03
Error of spin 1 active space orbital 6: 6.052518e-03
Error of spin 1 active space orbital 7: 9.246557e-03
Refinement timings:
rdm_ii_inv calculation: 0 seconds
one electron part: 1 seconds
AS two electron part: 34 seconds
Core-AS part: 0 seconds
BSH part: 1 seconds
Full function: 36 seconds
Get as orbital updates took 36 seconds
Highest as orbital error: 9.246557e-03
Update Integrals
Calculate all integrals: 19 seconds
Orbital Multiplication: 5 seconds
      Active Space - One electron energy  -8.551430e+01
      Active Space - Two-electron energy  3.827972e+00
              AS-Core correlation energy  0.000000e+00
                       Total core energy  0.000000e+00
                Nuclear repulsion energy  0.000000e+00
                            Total energy  -8.168633e+01
CalculateEnergies took 0 seconds
Calculate all integrals: 20 seconds
Orbital Multiplication: 5 seconds
      Active Space - One electron energy  -8.551430e+01
      Active Space - Two-electron energy  3.827971e+00
              AS-Core correlation energy  0.000000e+00
                       Total core energy  0.000000e+00
                Nuclear repulsion energy  0.000000e+00
                            Total energy  -8.168633e+01
CalculateEnergies took 0 seconds
Norm spin: 0 as orb 0:1.000000e+00
Norm spin: 0 as orb 1:1.000000e+00
Norm spin: 0 as orb 2:1.000000e+00
Norm spin: 0 as orb 3:1.000000e+00
Norm spin: 0 as orb 4:1.000000e+00
Norm spin: 0 as orb 5:1.000000e+00
Norm spin: 0 as orb 6:1.000000e+00
Norm spin: 0 as orb 7:1.000000e+00
Norm spin: 1 as orb 0:1.000000e+00
Norm spin: 1 as orb 1:1.000000e+00
Norm spin: 1 as orb 2:1.000000e+00
Norm spin: 1 as orb 3:1.000000e+00
Norm spin: 1 as orb 4:1.000000e+00
Norm spin: 1 as orb 5:1.000000e+00
Norm spin: 1 as orb 6:1.000000e+00
Norm spin: 1 as orb 7:1.000000e+00
