8 active alpha orbitals and 8 active beta orbitals
GiveInitialOrbitals took 0 seconds
Calculate all integrals: 21 seconds
Orbital Multiplication: 5 seconds
      Active Space - One electron energy  -8.096192e+01
      Active Space - Two-electron energy  3.575584e+00
              AS-Core correlation energy  0.000000e+00
                       Total core energy  0.000000e+00
                Nuclear repulsion energy  0.000000e+00
                            Total energy  -7.738633e+01
CalculateEnergies took 0 seconds
---------------------------------------------------
Start iteration step: 0
CalculateLagrangeMultiplier took 0 seconds
Error of spin 0 active space orbital 0: 2.633614e-02
Error of spin 0 active space orbital 1: 8.524585e-02
Error of spin 0 active space orbital 2: 2.126316e-02
Error of spin 0 active space orbital 3: 1.340490e-02
Error of spin 0 active space orbital 4: 6.755954e-02
Error of spin 0 active space orbital 5: 1.118943e-01
Error of spin 0 active space orbital 6: 6.379946e-02
Error of spin 0 active space orbital 7: 5.841965e-02
Error of spin 1 active space orbital 0: 2.631352e-02
Error of spin 1 active space orbital 1: 8.527358e-02
Error of spin 1 active space orbital 2: 2.126313e-02
Error of spin 1 active space orbital 3: 1.340494e-02
Error of spin 1 active space orbital 4: 6.756082e-02
Error of spin 1 active space orbital 5: 1.118937e-01
Error of spin 1 active space orbital 6: 6.379941e-02
Error of spin 1 active space orbital 7: 5.841960e-02
Refinement timings:
rdm_ii_inv calculation: 0 seconds
one electron part: 1 seconds
AS two electron part: 37 seconds
Core-AS part: 0 seconds
BSH part: 1 seconds
Full function: 40 seconds
Get as orbital updates took 40 seconds
Highest as orbital error: 1.118943e-01
Update Integrals
Calculate all integrals: 24 seconds
Orbital Multiplication: 6 seconds
      Active Space - One electron energy  -8.147267e+01
      Active Space - Two-electron energy  3.617693e+00
              AS-Core correlation energy  0.000000e+00
                       Total core energy  0.000000e+00
                Nuclear repulsion energy  0.000000e+00
                            Total energy  -7.785498e+01
CalculateEnergies took 0 seconds
---------------------------------------------------
Start iteration step: 1
CalculateLagrangeMultiplier took 0 seconds
Error of spin 0 active space orbital 0: 2.623655e-02
Error of spin 0 active space orbital 1: 6.195729e-02
Error of spin 0 active space orbital 2: 1.697798e-02
Error of spin 0 active space orbital 3: 6.901379e-03
Error of spin 0 active space orbital 4: 3.771489e-02
Error of spin 0 active space orbital 5: 6.856190e-02
Error of spin 0 active space orbital 6: 4.725586e-02
Error of spin 0 active space orbital 7: 2.134195e-02
Error of spin 1 active space orbital 0: 2.620477e-02
Error of spin 1 active space orbital 1: 6.197131e-02
Error of spin 1 active space orbital 2: 1.697795e-02
Error of spin 1 active space orbital 3: 6.901524e-03
Error of spin 1 active space orbital 4: 3.771868e-02
Error of spin 1 active space orbital 5: 6.857482e-02
Error of spin 1 active space orbital 6: 4.725351e-02
Error of spin 1 active space orbital 7: 2.134173e-02
Refinement timings:
rdm_ii_inv calculation: 0 seconds
one electron part: 1 seconds
AS two electron part: 40 seconds
Core-AS part: 0 seconds
BSH part: 1 seconds
Full function: 43 seconds
Get as orbital updates took 43 seconds
Highest as orbital error: 6.857482e-02
Update Integrals
Calculate all integrals: 24 seconds
Orbital Multiplication: 6 seconds
      Active Space - One electron energy  -8.174877e+01
      Active Space - Two-electron energy  3.642008e+00
              AS-Core correlation energy  0.000000e+00
                       Total core energy  0.000000e+00
                Nuclear repulsion energy  0.000000e+00
                            Total energy  -7.810676e+01
CalculateEnergies took 0 seconds
---------------------------------------------------
Start iteration step: 2
CalculateLagrangeMultiplier took 0 seconds
Error of spin 0 active space orbital 0: 1.451041e-02
Error of spin 0 active space orbital 1: 4.165577e-02
Error of spin 0 active space orbital 2: 7.323955e-03
Error of spin 0 active space orbital 3: 3.837164e-03
Error of spin 0 active space orbital 4: 2.256651e-02
Error of spin 0 active space orbital 5: 5.139464e-02
Error of spin 0 active space orbital 6: 2.994419e-02
Error of spin 0 active space orbital 7: 1.416111e-02
Error of spin 1 active space orbital 0: 1.449152e-02
Error of spin 1 active space orbital 1: 4.165980e-02
Error of spin 1 active space orbital 2: 7.323872e-03
Error of spin 1 active space orbital 3: 3.837198e-03
Error of spin 1 active space orbital 4: 2.256883e-02
Error of spin 1 active space orbital 5: 5.139551e-02
Error of spin 1 active space orbital 6: 2.994609e-02
Error of spin 1 active space orbital 7: 1.416105e-02
Refinement timings:
rdm_ii_inv calculation: 0 seconds
one electron part: 2 seconds
AS two electron part: 41 seconds
Core-AS part: 0 seconds
BSH part: 1 seconds
Full function: 44 seconds
Get as orbital updates took 44 seconds
Highest as orbital error: 5.139551e-02
Update Integrals
Calculate all integrals: 24 seconds
Orbital Multiplication: 6 seconds
      Active Space - One electron energy  -8.188009e+01
      Active Space - Two-electron energy  3.655075e+00
              AS-Core correlation energy  0.000000e+00
                       Total core energy  0.000000e+00
                Nuclear repulsion energy  0.000000e+00
                            Total energy  -7.822502e+01
CalculateEnergies took 0 seconds
---------------------------------------------------
Start iteration step: 3
CalculateLagrangeMultiplier took 0 seconds
Error of spin 0 active space orbital 0: 1.022280e-02
Error of spin 0 active space orbital 1: 2.890131e-02
Error of spin 0 active space orbital 2: 4.777437e-03
Error of spin 0 active space orbital 3: 2.281957e-03
Error of spin 0 active space orbital 4: 1.559915e-02
Error of spin 0 active space orbital 5: 3.427737e-02
Error of spin 0 active space orbital 6: 2.154540e-02
Error of spin 0 active space orbital 7: 7.537982e-03
Error of spin 1 active space orbital 0: 1.020667e-02
Error of spin 1 active space orbital 1: 2.890473e-02
Error of spin 1 active space orbital 2: 4.777386e-03
Error of spin 1 active space orbital 3: 2.281935e-03
Error of spin 1 active space orbital 4: 1.559938e-02
Error of spin 1 active space orbital 5: 3.427756e-02
Error of spin 1 active space orbital 6: 2.154524e-02
Error of spin 1 active space orbital 7: 7.537892e-03
Refinement timings:
rdm_ii_inv calculation: 0 seconds
one electron part: 1 seconds
AS two electron part: 40 seconds
Core-AS part: 0 seconds
BSH part: 1 seconds
Full function: 43 seconds
Get as orbital updates took 43 seconds
Highest as orbital error: 3.427756e-02
Update Integrals
Calculate all integrals: 21 seconds
Orbital Multiplication: 5 seconds
      Active Space - One electron energy  -8.195121e+01
      Active Space - Two-electron energy  3.663185e+00
              AS-Core correlation energy  0.000000e+00
                       Total core energy  0.000000e+00
                Nuclear repulsion energy  0.000000e+00
                            Total energy  -7.828802e+01
CalculateEnergies took 0 seconds
---------------------------------------------------
Start iteration step: 4
CalculateLagrangeMultiplier took 0 seconds
Error of spin 0 active space orbital 0: 6.464053e-03
Error of spin 0 active space orbital 1: 2.088681e-02
Error of spin 0 active space orbital 2: 2.815989e-03
Error of spin 0 active space orbital 3: 1.420224e-03
Error of spin 0 active space orbital 4: 1.100127e-02
Error of spin 0 active space orbital 5: 2.539365e-02
Error of spin 0 active space orbital 6: 1.484241e-02
Error of spin 0 active space orbital 7: 5.017510e-03
Error of spin 1 active space orbital 0: 6.452903e-03
Error of spin 1 active space orbital 1: 2.088792e-02
Error of spin 1 active space orbital 2: 2.815938e-03
Error of spin 1 active space orbital 3: 1.420190e-03
Error of spin 1 active space orbital 4: 1.100162e-02
Error of spin 1 active space orbital 5: 2.539274e-02
Error of spin 1 active space orbital 6: 1.484296e-02
Error of spin 1 active space orbital 7: 5.017442e-03
Refinement timings:
rdm_ii_inv calculation: 0 seconds
one electron part: 1 seconds
AS two electron part: 37 seconds
Core-AS part: 0 seconds
BSH part: 1 seconds
Full function: 40 seconds
Get as orbital updates took 40 seconds
Highest as orbital error: 2.539365e-02
Update Integrals
Calculate all integrals: 21 seconds
Orbital Multiplication: 5 seconds
      Active Space - One electron energy  -8.199303e+01
      Active Space - Two-electron energy  3.668655e+00
              AS-Core correlation energy  0.000000e+00
                       Total core energy  0.000000e+00
                Nuclear repulsion energy  0.000000e+00
                            Total energy  -7.832437e+01
CalculateEnergies took 0 seconds
Calculate all integrals: 25 seconds
Orbital Multiplication: 5 seconds
      Active Space - One electron energy  -8.199303e+01
      Active Space - Two-electron energy  3.668655e+00
              AS-Core correlation energy  0.000000e+00
                       Total core energy  0.000000e+00
                Nuclear repulsion energy  0.000000e+00
                            Total energy  -7.832437e+01
CalculateEnergies took 0 seconds
Norm spin: 0 as orb 0:1.000000e+00
Norm spin: 0 as orb 1:1.000000e+00
Norm spin: 0 as orb 2:1.000000e+00
Norm spin: 0 as orb 3:1.000000e+00
Norm spin: 0 as orb 4:1.000000e+00
Norm spin: 0 as orb 5:1.000000e+00
Norm spin: 0 as orb 6:1.000000e+00
Norm spin: 0 as orb 7:1.000000e+00
Norm spin: 1 as orb 0:1.000000e+00
Norm spin: 1 as orb 1:1.000000e+00
Norm spin: 1 as orb 2:1.000000e+00
Norm spin: 1 as orb 3:1.000000e+00
Norm spin: 1 as orb 4:1.000000e+00
Norm spin: 1 as orb 5:1.000000e+00
Norm spin: 1 as orb 6:1.000000e+00
Norm spin: 1 as orb 7:1.000000e+00
