8 active alpha orbitals and 8 active beta orbitals
GiveInitialOrbitals took 0 seconds
Calculate all integrals: 1 seconds
Orbital Multiplication: 0 seconds
      Active Space - One electron energy  -9.943020e+01
      Active Space - Two-electron energy  2.716653e+00
              AS-Core correlation energy  0.000000e+00
                       Total core energy  0.000000e+00
                Nuclear repulsion energy  0.000000e+00
                            Total energy  -9.671354e+01
CalculateEnergies took 0 seconds
---------------------------------------------------
Start iteration step: 0
CalculateLagrangeMultiplier took 0 seconds
Error of spin 0 active space orbital 0: 5.217084e-04
Error of spin 0 active space orbital 1: 1.628932e-03
Error of spin 0 active space orbital 2: 8.302720e-05
Error of spin 0 active space orbital 3: 4.656697e-04
Error of spin 0 active space orbital 4: 3.216180e-03
Error of spin 0 active space orbital 5: 3.160825e-03
Error of spin 0 active space orbital 6: 9.387021e-04
Error of spin 0 active space orbital 7: 6.594937e-04
Error of spin 1 active space orbital 0: 3.167932e-04
Error of spin 1 active space orbital 1: 9.246293e-05
Error of spin 1 active space orbital 2: 1.093714e-04
Error of spin 1 active space orbital 3: 5.862408e-04
Error of spin 1 active space orbital 4: 1.033821e-03
Error of spin 1 active space orbital 5: 4.770859e-04
Error of spin 1 active space orbital 6: 5.548448e-04
Error of spin 1 active space orbital 7: 2.947509e-03
Refinement timings:
rdm_ii_inv calculation: 0 seconds
one electron part: 0 seconds
AS two electron part: 6 seconds
Core-AS part: 0 seconds
BSH part: 0 seconds
Full function: 6 seconds
Get as orbital updates took 6 seconds
Highest as orbital error: 3.216180e-03
Update Integrals
Calculate all integrals: 1 seconds
Orbital Multiplication: 0 seconds
      Active Space - One electron energy  -9.943094e+01
      Active Space - Two-electron energy  2.716502e+00
              AS-Core correlation energy  0.000000e+00
                       Total core energy  0.000000e+00
                Nuclear repulsion energy  0.000000e+00
                            Total energy  -9.671444e+01
CalculateEnergies took 0 seconds
---------------------------------------------------
Start iteration step: 1
CalculateLagrangeMultiplier took 0 seconds
Error of spin 0 active space orbital 0: 4.968923e-04
Error of spin 0 active space orbital 1: 1.512734e-03
Error of spin 0 active space orbital 2: 5.505782e-05
Error of spin 0 active space orbital 3: 4.164057e-04
Error of spin 0 active space orbital 4: 3.091314e-03
Error of spin 0 active space orbital 5: 2.843696e-03
Error of spin 0 active space orbital 6: 5.294337e-04
Error of spin 0 active space orbital 7: 6.986599e-04
Error of spin 1 active space orbital 0: 2.733792e-04
Error of spin 1 active space orbital 1: 3.516560e-05
Error of spin 1 active space orbital 2: 8.310961e-05
Error of spin 1 active space orbital 3: 5.564724e-04
Error of spin 1 active space orbital 4: 6.556387e-04
Error of spin 1 active space orbital 5: 3.180494e-04
Error of spin 1 active space orbital 6: 3.143242e-04
Error of spin 1 active space orbital 7: 1.888638e-03
Refinement timings:
rdm_ii_inv calculation: 0 seconds
one electron part: 0 seconds
AS two electron part: 6 seconds
Core-AS part: 0 seconds
BSH part: 0 seconds
Full function: 6 seconds
Get as orbital updates took 6 seconds
Highest as orbital error: 3.091314e-03
Update Integrals
Calculate all integrals: 1 seconds
Orbital Multiplication: 0 seconds
      Active Space - One electron energy  -9.943164e+01
      Active Space - Two-electron energy  2.716369e+00
              AS-Core correlation energy  0.000000e+00
                       Total core energy  0.000000e+00
                Nuclear repulsion energy  0.000000e+00
                            Total energy  -9.671527e+01
CalculateEnergies took 0 seconds
---------------------------------------------------
Start iteration step: 2
CalculateLagrangeMultiplier took 0 seconds
Error of spin 0 active space orbital 0: 4.707549e-04
Error of spin 0 active space orbital 1: 1.420609e-03
Error of spin 0 active space orbital 2: 5.750142e-05
Error of spin 0 active space orbital 3: 3.788731e-04
Error of spin 0 active space orbital 4: 2.955754e-03
Error of spin 0 active space orbital 5: 2.594535e-03
Error of spin 0 active space orbital 6: 3.332758e-04
Error of spin 0 active space orbital 7: 7.515806e-04
Error of spin 1 active space orbital 0: 2.445916e-04
Error of spin 1 active space orbital 1: 6.721780e-05
Error of spin 1 active space orbital 2: 8.082584e-05
Error of spin 1 active space orbital 3: 5.225763e-04
Error of spin 1 active space orbital 4: 4.595672e-04
Error of spin 1 active space orbital 5: 4.225987e-04
Error of spin 1 active space orbital 6: 1.894101e-04
Error of spin 1 active space orbital 7: 1.469032e-03
Refinement timings:
rdm_ii_inv calculation: 0 seconds
one electron part: 0 seconds
AS two electron part: 6 seconds
Core-AS part: 0 seconds
BSH part: 0 seconds
Full function: 6 seconds
Get as orbital updates took 6 seconds
Highest as orbital error: 2.955754e-03
Update Integrals
Calculate all integrals: 1 seconds
Orbital Multiplication: 0 seconds
      Active Space - One electron energy  -9.943226e+01
      Active Space - Two-electron energy  2.716250e+00
              AS-Core correlation energy  0.000000e+00
                       Total core energy  0.000000e+00
                Nuclear repulsion energy  0.000000e+00
                            Total energy  -9.671601e+01
CalculateEnergies took 0 seconds
---------------------------------------------------
Start iteration step: 3
CalculateLagrangeMultiplier took 0 seconds
Error of spin 0 active space orbital 0: 4.416986e-04
Error of spin 0 active space orbital 1: 1.341367e-03
Error of spin 0 active space orbital 2: 6.305529e-05
Error of spin 0 active space orbital 3: 3.470580e-04
Error of spin 0 active space orbital 4: 2.818165e-03
Error of spin 0 active space orbital 5: 2.387896e-03
Error of spin 0 active space orbital 6: 3.066437e-04
Error of spin 0 active space orbital 7: 7.644572e-04
Error of spin 1 active space orbital 0: 2.223345e-04
Error of spin 1 active space orbital 1: 7.983234e-05
Error of spin 1 active space orbital 2: 8.033905e-05
Error of spin 1 active space orbital 3: 4.870541e-04
Error of spin 1 active space orbital 4: 3.517868e-04
Error of spin 1 active space orbital 5: 5.093678e-04
Error of spin 1 active space orbital 6: 1.320452e-04
Error of spin 1 active space orbital 7: 1.278122e-03
Refinement timings:
rdm_ii_inv calculation: 0 seconds
one electron part: 0 seconds
AS two electron part: 6 seconds
Core-AS part: 0 seconds
BSH part: 0 seconds
Full function: 6 seconds
Get as orbital updates took 6 seconds
Highest as orbital error: 2.818165e-03
Update Integrals
Calculate all integrals: 1 seconds
Orbital Multiplication: 0 seconds
      Active Space - One electron energy  -9.943282e+01
      Active Space - Two-electron energy  2.716143e+00
              AS-Core correlation energy  0.000000e+00
                       Total core energy  0.000000e+00
                Nuclear repulsion energy  0.000000e+00
                            Total energy  -9.671668e+01
CalculateEnergies took 0 seconds
---------------------------------------------------
Start iteration step: 4
CalculateLagrangeMultiplier took 0 seconds
Error of spin 0 active space orbital 0: 4.117357e-04
Error of spin 0 active space orbital 1: 1.269906e-03
Error of spin 0 active space orbital 2: 6.644736e-05
Error of spin 0 active space orbital 3: 3.192453e-04
Error of spin 0 active space orbital 4: 2.682679e-03
Error of spin 0 active space orbital 5: 2.210224e-03
Error of spin 0 active space orbital 6: 3.437115e-04
Error of spin 0 active space orbital 7: 7.544610e-04
Error of spin 1 active space orbital 0: 2.035135e-04
Error of spin 1 active space orbital 1: 8.027880e-05
Error of spin 1 active space orbital 2: 7.825935e-05
Error of spin 1 active space orbital 3: 4.520405e-04
Error of spin 1 active space orbital 4: 2.898099e-04
Error of spin 1 active space orbital 5: 5.617855e-04
Error of spin 1 active space orbital 6: 1.141382e-04
Error of spin 1 active space orbital 7: 1.183887e-03
Refinement timings:
rdm_ii_inv calculation: 0 seconds
one electron part: 0 seconds
AS two electron part: 6 seconds
Core-AS part: 0 seconds
BSH part: 0 seconds
Full function: 6 seconds
Get as orbital updates took 6 seconds
Highest as orbital error: 2.682679e-03
Update Integrals
Calculate all integrals: 1 seconds
Orbital Multiplication: 0 seconds
      Active Space - One electron energy  -9.943331e+01
      Active Space - Two-electron energy  2.716047e+00
              AS-Core correlation energy  0.000000e+00
                       Total core energy  0.000000e+00
                Nuclear repulsion energy  0.000000e+00
                            Total energy  -9.671726e+01
CalculateEnergies took 0 seconds
Calculate all integrals: 1 seconds
Orbital Multiplication: 0 seconds
      Active Space - One electron energy  -9.943331e+01
      Active Space - Two-electron energy  2.716047e+00
              AS-Core correlation energy  0.000000e+00
                       Total core energy  0.000000e+00
                Nuclear repulsion energy  0.000000e+00
                            Total energy  -9.671726e+01
CalculateEnergies took 0 seconds
Norm spin: 0 as orb 0:1.000000e+00
Norm spin: 0 as orb 1:1.000000e+00
Norm spin: 0 as orb 2:1.000000e+00
Norm spin: 0 as orb 3:1.000000e+00
Norm spin: 0 as orb 4:1.000000e+00
Norm spin: 0 as orb 5:1.000000e+00
Norm spin: 0 as orb 6:1.000000e+00
Norm spin: 0 as orb 7:1.000000e+00
Norm spin: 1 as orb 0:1.000000e+00
Norm spin: 1 as orb 1:1.000000e+00
Norm spin: 1 as orb 2:1.000000e+00
Norm spin: 1 as orb 3:1.000000e+00
Norm spin: 1 as orb 4:1.000000e+00
Norm spin: 1 as orb 5:1.000000e+00
Norm spin: 1 as orb 6:1.000000e+00
Norm spin: 1 as orb 7:1.000000e+00
