8 active alpha orbitals and 8 active beta orbitals
GiveInitialOrbitals took 0 seconds
Calculate all integrals: 4 seconds
Orbital Multiplication: 0 seconds
      Active Space - One electron energy  -9.942377e+01
      Active Space - Two-electron energy  2.714832e+00
              AS-Core correlation energy  0.000000e+00
                       Total core energy  0.000000e+00
                Nuclear repulsion energy  0.000000e+00
                            Total energy  -9.670894e+01
CalculateEnergies took 0 seconds
---------------------------------------------------
Start iteration step: 0
CalculateLagrangeMultiplier took 0 seconds
Error of spin 0 active space orbital 0: 3.063430e-04
Error of spin 0 active space orbital 1: 9.933772e-04
Error of spin 0 active space orbital 2: 4.998755e-05
Error of spin 0 active space orbital 3: 2.496929e-04
Error of spin 0 active space orbital 4: 1.976696e-03
Error of spin 0 active space orbital 5: 1.721621e-03
Error of spin 0 active space orbital 6: 5.042280e-04
Error of spin 0 active space orbital 7: 3.062001e-04
Error of spin 1 active space orbital 0: 1.616118e-04
Error of spin 1 active space orbital 1: 5.546456e-05
Error of spin 1 active space orbital 2: 7.180006e-05
Error of spin 1 active space orbital 3: 2.858901e-04
Error of spin 1 active space orbital 4: 5.704458e-04
Error of spin 1 active space orbital 5: 2.265140e-04
Error of spin 1 active space orbital 6: 3.386150e-04
Error of spin 1 active space orbital 7: 1.631740e-03
Refinement timings:
rdm_ii_inv calculation: 0 seconds
one electron part: 1 seconds
AS two electron part: 36 seconds
Core-AS part: 0 seconds
BSH part: 1 seconds
Full function: 38 seconds
Get as orbital updates took 38 seconds
Highest as orbital error: 1.976696e-03
Update Integrals
Calculate all integrals: 20 seconds
Orbital Multiplication: 5 seconds
      Active Space - One electron energy  -9.942408e+01
      Active Space - Two-electron energy  2.714766e+00
              AS-Core correlation energy  0.000000e+00
                       Total core energy  0.000000e+00
                Nuclear repulsion energy  0.000000e+00
                            Total energy  -9.670931e+01
CalculateEnergies took 0 seconds
---------------------------------------------------
Start iteration step: 1
CalculateLagrangeMultiplier took 0 seconds
Error of spin 0 active space orbital 0: 2.887033e-04
Error of spin 0 active space orbital 1: 9.216526e-04
Error of spin 0 active space orbital 2: 3.572243e-05
Error of spin 0 active space orbital 3: 2.234456e-04
Error of spin 0 active space orbital 4: 1.897677e-03
Error of spin 0 active space orbital 5: 1.571913e-03
Error of spin 0 active space orbital 6: 2.833250e-04
Error of spin 0 active space orbital 7: 3.685112e-04
Error of spin 1 active space orbital 0: 1.386747e-04
Error of spin 1 active space orbital 1: 2.283165e-05
Error of spin 1 active space orbital 2: 5.607104e-05
Error of spin 1 active space orbital 3: 2.758060e-04
Error of spin 1 active space orbital 4: 3.869696e-04
Error of spin 1 active space orbital 5: 1.437111e-04
Error of spin 1 active space orbital 6: 2.042475e-04
Error of spin 1 active space orbital 7: 1.010642e-03
Refinement timings:
rdm_ii_inv calculation: 0 seconds
one electron part: 1 seconds
AS two electron part: 33 seconds
Core-AS part: 0 seconds
BSH part: 1 seconds
Full function: 35 seconds
Get as orbital updates took 35 seconds
Highest as orbital error: 1.897677e-03
Update Integrals
Calculate all integrals: 19 seconds
Orbital Multiplication: 5 seconds
      Active Space - One electron energy  -9.942437e+01
      Active Space - Two-electron energy  2.714707e+00
              AS-Core correlation energy  0.000000e+00
                       Total core energy  0.000000e+00
                Nuclear repulsion energy  0.000000e+00
                            Total energy  -9.670966e+01
CalculateEnergies took 0 seconds
---------------------------------------------------
Start iteration step: 2
CalculateLagrangeMultiplier took 0 seconds
Error of spin 0 active space orbital 0: 2.721854e-04
Error of spin 0 active space orbital 1: 8.649030e-04
Error of spin 0 active space orbital 2: 3.819026e-05
Error of spin 0 active space orbital 3: 2.041099e-04
Error of spin 0 active space orbital 4: 1.812766e-03
Error of spin 0 active space orbital 5: 1.451651e-03
Error of spin 0 active space orbital 6: 1.874104e-04
Error of spin 0 active space orbital 7: 4.243137e-04
Error of spin 1 active space orbital 0: 1.244527e-04
Error of spin 1 active space orbital 1: 3.935366e-05
Error of spin 1 active space orbital 2: 5.393214e-05
Error of spin 1 active space orbital 3: 2.626058e-04
Error of spin 1 active space orbital 4: 2.902474e-04
Error of spin 1 active space orbital 5: 2.262795e-04
Error of spin 1 active space orbital 6: 1.380154e-04
Error of spin 1 active space orbital 7: 8.018012e-04
Refinement timings:
rdm_ii_inv calculation: 0 seconds
one electron part: 1 seconds
AS two electron part: 33 seconds
Core-AS part: 0 seconds
BSH part: 1 seconds
Full function: 35 seconds
Get as orbital updates took 35 seconds
Highest as orbital error: 1.812766e-03
Update Integrals
Calculate all integrals: 19 seconds
Orbital Multiplication: 5 seconds
      Active Space - One electron energy  -9.942463e+01
      Active Space - Two-electron energy  2.714654e+00
              AS-Core correlation energy  0.000000e+00
                       Total core energy  0.000000e+00
                Nuclear repulsion energy  0.000000e+00
                            Total energy  -9.670998e+01
CalculateEnergies took 0 seconds
---------------------------------------------------
Start iteration step: 3
CalculateLagrangeMultiplier took 0 seconds
Error of spin 0 active space orbital 0: 2.552831e-04
Error of spin 0 active space orbital 1: 8.162431e-04
Error of spin 0 active space orbital 2: 4.149717e-05
Error of spin 0 active space orbital 3: 1.877865e-04
Error of spin 0 active space orbital 4: 1.727116e-03
Error of spin 0 active space orbital 5: 1.349377e-03
Error of spin 0 active space orbital 6: 1.837498e-04
Error of spin 0 active space orbital 7: 4.439538e-04
Error of spin 1 active space orbital 0: 1.139287e-04
Error of spin 1 active space orbital 1: 4.637726e-05
Error of spin 1 active space orbital 2: 5.302198e-05
Error of spin 1 active space orbital 3: 2.476678e-04
Error of spin 1 active space orbital 4: 2.330010e-04
Error of spin 1 active space orbital 5: 2.814681e-04
Error of spin 1 active space orbital 6: 1.100689e-04
Error of spin 1 active space orbital 7: 7.225229e-04
Refinement timings:
rdm_ii_inv calculation: 0 seconds
one electron part: 1 seconds
AS two electron part: 33 seconds
Core-AS part: 0 seconds
BSH part: 1 seconds
Full function: 35 seconds
Get as orbital updates took 35 seconds
Highest as orbital error: 1.727116e-03
Update Integrals
Calculate all integrals: 19 seconds
Orbital Multiplication: 5 seconds
      Active Space - One electron energy  -9.942485e+01
      Active Space - Two-electron energy  2.714605e+00
              AS-Core correlation energy  0.000000e+00
                       Total core energy  0.000000e+00
                Nuclear repulsion energy  0.000000e+00
                            Total energy  -9.671025e+01
CalculateEnergies took 0 seconds
---------------------------------------------------
Start iteration step: 4
CalculateLagrangeMultiplier took 0 seconds
Error of spin 0 active space orbital 0: 2.385606e-04
Error of spin 0 active space orbital 1: 7.724927e-04
Error of spin 0 active space orbital 2: 4.323085e-05
Error of spin 0 active space orbital 3: 1.734456e-04
Error of spin 0 active space orbital 4: 1.643132e-03
Error of spin 0 active space orbital 5: 1.259375e-03
Error of spin 0 active space orbital 6: 2.080107e-04
Error of spin 0 active space orbital 7: 4.443438e-04
Error of spin 1 active space orbital 0: 1.051900e-04
Error of spin 1 active space orbital 1: 4.674463e-05
Error of spin 1 active space orbital 2: 5.130073e-05
Error of spin 1 active space orbital 3: 2.323218e-04
Error of spin 1 active space orbital 4: 1.962264e-04
Error of spin 1 active space orbital 5: 3.123663e-04
Error of spin 1 active space orbital 6: 1.010244e-04
Error of spin 1 active space orbital 7: 6.847293e-04
Refinement timings:
rdm_ii_inv calculation: 0 seconds
one electron part: 1 seconds
AS two electron part: 33 seconds
Core-AS part: 0 seconds
BSH part: 1 seconds
Full function: 36 seconds
Get as orbital updates took 36 seconds
Highest as orbital error: 1.643132e-03
Update Integrals
Calculate all integrals: 19 seconds
Orbital Multiplication: 5 seconds
      Active Space - One electron energy  -9.942505e+01
      Active Space - Two-electron energy  2.714561e+00
              AS-Core correlation energy  0.000000e+00
                       Total core energy  0.000000e+00
                Nuclear repulsion energy  0.000000e+00
                            Total energy  -9.671049e+01
CalculateEnergies took 0 seconds
