8 active alpha orbitals and 8 active beta orbitals
GiveInitialOrbitals took 0 seconds
Calculate all integrals: 1 seconds
Orbital Multiplication: 0 seconds
      Active Space - One electron energy  -9.525201e+01
      Active Space - Two-electron energy  2.763925e+00
              AS-Core correlation energy  0.000000e+00
                       Total core energy  0.000000e+00
                Nuclear repulsion energy  0.000000e+00
                            Total energy  -9.248808e+01
CalculateEnergies took 0 seconds
---------------------------------------------------
Start iteration step: 0
CalculateLagrangeMultiplier took 0 seconds
Error of spin 0 active space orbital 0: 3.362341e-03
Error of spin 0 active space orbital 1: 4.256510e-03
Error of spin 0 active space orbital 2: 5.962996e-04
Error of spin 0 active space orbital 3: 4.689171e-03
Error of spin 0 active space orbital 4: 7.799588e-03
Error of spin 0 active space orbital 5: 3.631561e-02
Error of spin 0 active space orbital 6: 8.441999e-03
Error of spin 0 active space orbital 7: 1.038031e-02
Error of spin 1 active space orbital 0: 3.519726e-03
Error of spin 1 active space orbital 1: 1.992624e-03
Error of spin 1 active space orbital 2: 1.011171e-03
Error of spin 1 active space orbital 3: 7.631546e-03
Error of spin 1 active space orbital 4: 1.928946e-02
Error of spin 1 active space orbital 5: 2.241915e-02
Error of spin 1 active space orbital 6: 5.436217e-02
Error of spin 1 active space orbital 7: 2.889259e-02
Refinement timings:
rdm_ii_inv calculation: 0 seconds
one electron part: 0 seconds
AS two electron part: 6 seconds
Core-AS part: 0 seconds
BSH part: 0 seconds
Full function: 6 seconds
Get as orbital updates took 6 seconds
Highest as orbital error: 5.436217e-02
Update Integrals
Calculate all integrals: 1 seconds
Orbital Multiplication: 0 seconds
      Active Space - One electron energy  -9.525650e+01
      Active Space - Two-electron energy  2.762577e+00
              AS-Core correlation energy  0.000000e+00
                       Total core energy  0.000000e+00
                Nuclear repulsion energy  0.000000e+00
                            Total energy  -9.249392e+01
CalculateEnergies took 0 seconds
---------------------------------------------------
Start iteration step: 1
CalculateLagrangeMultiplier took 0 seconds
Error of spin 0 active space orbital 0: 2.161633e-03
Error of spin 0 active space orbital 1: 3.940370e-03
Error of spin 0 active space orbital 2: 3.277643e-04
Error of spin 0 active space orbital 3: 3.945571e-03
Error of spin 0 active space orbital 4: 6.738713e-03
Error of spin 0 active space orbital 5: 2.710969e-02
Error of spin 0 active space orbital 6: 5.381245e-03
Error of spin 0 active space orbital 7: 6.777797e-03
Error of spin 1 active space orbital 0: 2.772231e-03
Error of spin 1 active space orbital 1: 9.568278e-04
Error of spin 1 active space orbital 2: 6.049010e-04
Error of spin 1 active space orbital 3: 6.089946e-03
Error of spin 1 active space orbital 4: 1.267472e-02
Error of spin 1 active space orbital 5: 1.773289e-02
Error of spin 1 active space orbital 6: 4.193332e-02
Error of spin 1 active space orbital 7: 1.584948e-02
Refinement timings:
rdm_ii_inv calculation: 0 seconds
one electron part: 0 seconds
AS two electron part: 6 seconds
Core-AS part: 0 seconds
BSH part: 0 seconds
Full function: 6 seconds
Get as orbital updates took 6 seconds
Highest as orbital error: 4.193332e-02
Update Integrals
Calculate all integrals: 1 seconds
Orbital Multiplication: 0 seconds
      Active Space - One electron energy  -9.525933e+01
      Active Space - Two-electron energy  2.761278e+00
              AS-Core correlation energy  0.000000e+00
                       Total core energy  0.000000e+00
                Nuclear repulsion energy  0.000000e+00
                            Total energy  -9.249806e+01
CalculateEnergies took 0 seconds
---------------------------------------------------
Start iteration step: 2
CalculateLagrangeMultiplier took 0 seconds
Error of spin 0 active space orbital 0: 1.569148e-03
Error of spin 0 active space orbital 1: 3.551115e-03
Error of spin 0 active space orbital 2: 2.380705e-04
Error of spin 0 active space orbital 3: 3.355304e-03
Error of spin 0 active space orbital 4: 6.020399e-03
Error of spin 0 active space orbital 5: 2.108637e-02
Error of spin 0 active space orbital 6: 3.550488e-03
Error of spin 0 active space orbital 7: 5.025837e-03
Error of spin 1 active space orbital 0: 2.282462e-03
Error of spin 1 active space orbital 1: 8.768567e-04
Error of spin 1 active space orbital 2: 5.410771e-04
Error of spin 1 active space orbital 3: 4.967699e-03
Error of spin 1 active space orbital 4: 8.450858e-03
Error of spin 1 active space orbital 5: 1.481592e-02
Error of spin 1 active space orbital 6: 3.270716e-02
Error of spin 1 active space orbital 7: 9.428046e-03
Refinement timings:
rdm_ii_inv calculation: 0 seconds
one electron part: 0 seconds
AS two electron part: 6 seconds
Core-AS part: 0 seconds
BSH part: 0 seconds
Full function: 6 seconds
Get as orbital updates took 6 seconds
Highest as orbital error: 3.270716e-02
Update Integrals
Calculate all integrals: 1 seconds
Orbital Multiplication: 0 seconds
      Active Space - One electron energy  -9.526143e+01
      Active Space - Two-electron energy  2.760078e+00
              AS-Core correlation energy  0.000000e+00
                       Total core energy  0.000000e+00
                Nuclear repulsion energy  0.000000e+00
                            Total energy  -9.250135e+01
CalculateEnergies took 0 seconds
---------------------------------------------------
Start iteration step: 3
CalculateLagrangeMultiplier took 0 seconds
Error of spin 0 active space orbital 0: 1.287437e-03
Error of spin 0 active space orbital 1: 3.184686e-03
Error of spin 0 active space orbital 2: 2.104894e-04
Error of spin 0 active space orbital 3: 2.850466e-03
Error of spin 0 active space orbital 4: 5.446269e-03
Error of spin 0 active space orbital 5: 1.689216e-02
Error of spin 0 active space orbital 6: 2.453375e-03
Error of spin 0 active space orbital 7: 4.070225e-03
Error of spin 1 active space orbital 0: 1.915320e-03
Error of spin 1 active space orbital 1: 8.309422e-04
Error of spin 1 active space orbital 2: 4.404117e-04
Error of spin 1 active space orbital 3: 4.109996e-03
Error of spin 1 active space orbital 4: 5.678923e-03
Error of spin 1 active space orbital 5: 1.260106e-02
Error of spin 1 active space orbital 6: 2.551632e-02
Error of spin 1 active space orbital 7: 6.285912e-03
Refinement timings:
rdm_ii_inv calculation: 0 seconds
one electron part: 0 seconds
AS two electron part: 6 seconds
Core-AS part: 0 seconds
BSH part: 0 seconds
Full function: 6 seconds
Get as orbital updates took 6 seconds
Highest as orbital error: 2.551632e-02
Update Integrals
Calculate all integrals: 1 seconds
Orbital Multiplication: 0 seconds
      Active Space - One electron energy  -9.526307e+01
      Active Space - Two-electron energy  2.758992e+00
              AS-Core correlation energy  0.000000e+00
                       Total core energy  0.000000e+00
                Nuclear repulsion energy  0.000000e+00
                            Total energy  -9.250408e+01
CalculateEnergies took 0 seconds
---------------------------------------------------
Start iteration step: 4
CalculateLagrangeMultiplier took 0 seconds
Error of spin 0 active space orbital 0: 1.141517e-03
Error of spin 0 active space orbital 1: 2.857259e-03
Error of spin 0 active space orbital 2: 1.957580e-04
Error of spin 0 active space orbital 3: 2.422282e-03
Error of spin 0 active space orbital 4: 4.955149e-03
Error of spin 0 active space orbital 5: 1.382145e-02
Error of spin 0 active space orbital 6: 1.796843e-03
Error of spin 0 active space orbital 7: 3.444278e-03
Error of spin 1 active space orbital 0: 1.620016e-03
Error of spin 1 active space orbital 1: 7.137706e-04
Error of spin 1 active space orbital 2: 3.506313e-04
Error of spin 1 active space orbital 3: 3.431707e-03
Error of spin 1 active space orbital 4: 3.853298e-03
Error of spin 1 active space orbital 5: 1.073154e-02
Error of spin 1 active space orbital 6: 1.988027e-02
Error of spin 1 active space orbital 7: 4.750447e-03
Refinement timings:
rdm_ii_inv calculation: 0 seconds
one electron part: 0 seconds
AS two electron part: 6 seconds
Core-AS part: 0 seconds
BSH part: 0 seconds
Full function: 6 seconds
Get as orbital updates took 6 seconds
Highest as orbital error: 1.988027e-02
Update Integrals
Calculate all integrals: 1 seconds
Orbital Multiplication: 0 seconds
      Active Space - One electron energy  -9.526440e+01
      Active Space - Two-electron energy  2.758024e+00
              AS-Core correlation energy  0.000000e+00
                       Total core energy  0.000000e+00
                Nuclear repulsion energy  0.000000e+00
                            Total energy  -9.250637e+01
CalculateEnergies took 0 seconds
Calculate all integrals: 1 seconds
Orbital Multiplication: 0 seconds
      Active Space - One electron energy  -9.526440e+01
      Active Space - Two-electron energy  2.758024e+00
              AS-Core correlation energy  0.000000e+00
                       Total core energy  0.000000e+00
                Nuclear repulsion energy  0.000000e+00
                            Total energy  -9.250637e+01
CalculateEnergies took 0 seconds
Norm spin: 0 as orb 0:1.000000e+00
Norm spin: 0 as orb 1:1.000000e+00
Norm spin: 0 as orb 2:1.000000e+00
Norm spin: 0 as orb 3:1.000000e+00
Norm spin: 0 as orb 4:1.000000e+00
Norm spin: 0 as orb 5:1.000000e+00
Norm spin: 0 as orb 6:1.000000e+00
Norm spin: 0 as orb 7:1.000000e+00
Norm spin: 1 as orb 0:1.000000e+00
Norm spin: 1 as orb 1:1.000000e+00
Norm spin: 1 as orb 2:1.000000e+00
Norm spin: 1 as orb 3:1.000000e+00
Norm spin: 1 as orb 4:1.000000e+00
Norm spin: 1 as orb 5:1.000000e+00
Norm spin: 1 as orb 6:1.000000e+00
Norm spin: 1 as orb 7:1.000000e+00
