8 active alpha orbitals and 8 active beta orbitals
GiveInitialOrbitals took 0 seconds
Calculate all integrals: 20 seconds
Orbital Multiplication: 5 seconds
      Active Space - One electron energy  -1.052951e+02
      Active Space - Two-electron energy  2.716807e+00
              AS-Core correlation energy  0.000000e+00
                       Total core energy  0.000000e+00
                Nuclear repulsion energy  0.000000e+00
                            Total energy  -1.025783e+02
CalculateEnergies took 0 seconds
---------------------------------------------------
Start iteration step: 0
CalculateLagrangeMultiplier took 0 seconds
Skip refinement of spin1active space orbital 7, since the occupation is less than NO_occupation_thresh (1.000000e-05)
Error of spin 0 active space orbital 0: 9.352135e-04
Error of spin 0 active space orbital 1: 6.480845e-03
Error of spin 0 active space orbital 2: 3.608689e-04
Error of spin 0 active space orbital 3: 2.469040e-03
Error of spin 0 active space orbital 4: 1.270870e-02
Error of spin 0 active space orbital 5: 8.989970e-03
Error of spin 0 active space orbital 6: 1.271653e-03
Error of spin 0 active space orbital 7: 6.576381e-03
Error of spin 1 active space orbital 0: 2.913235e-03
Error of spin 1 active space orbital 1: 3.734457e-04
Error of spin 1 active space orbital 2: 1.157674e-03
Error of spin 1 active space orbital 3: 5.738930e-03
Error of spin 1 active space orbital 4: 8.570070e-03
Error of spin 1 active space orbital 5: 5.511878e-03
Error of spin 1 active space orbital 6: 2.586104e-03
Refinement timings:
rdm_ii_inv calculation: 0 seconds
one electron part: 1 seconds
AS two electron part: 33 seconds
Core-AS part: 0 seconds
BSH part: 0 seconds
Full function: 35 seconds
Get as orbital updates took 35 seconds
Highest as orbital error: 1.270870e-02
Update Integrals
Calculate all integrals: 19 seconds
Orbital Multiplication: 5 seconds
      Active Space - One electron energy  -1.053033e+02
      Active Space - Two-electron energy  2.716670e+00
              AS-Core correlation energy  0.000000e+00
                       Total core energy  0.000000e+00
                Nuclear repulsion energy  0.000000e+00
                            Total energy  -1.025866e+02
CalculateEnergies took 0 seconds
---------------------------------------------------
Start iteration step: 1
CalculateLagrangeMultiplier took 0 seconds
Skip refinement of spin1active space orbital 7, since the occupation is less than NO_occupation_thresh (1.000000e-05)
Error of spin 0 active space orbital 0: 9.586283e-04
Error of spin 0 active space orbital 1: 6.079384e-03
Error of spin 0 active space orbital 2: 2.547935e-04
Error of spin 0 active space orbital 3: 2.219291e-03
Error of spin 0 active space orbital 4: 1.237365e-02
Error of spin 0 active space orbital 5: 7.347634e-03
Error of spin 0 active space orbital 6: 5.823308e-04
Error of spin 0 active space orbital 7: 5.272907e-03
Error of spin 1 active space orbital 0: 2.780658e-03
Error of spin 1 active space orbital 1: 1.971233e-04
Error of spin 1 active space orbital 2: 1.099456e-03
Error of spin 1 active space orbital 3: 5.802339e-03
Error of spin 1 active space orbital 4: 6.199645e-03
Error of spin 1 active space orbital 5: 3.914148e-03
Error of spin 1 active space orbital 6: 1.249466e-03
Refinement timings:
rdm_ii_inv calculation: 0 seconds
one electron part: 1 seconds
AS two electron part: 32 seconds
Core-AS part: 0 seconds
BSH part: 1 seconds
Full function: 34 seconds
Get as orbital updates took 34 seconds
Highest as orbital error: 1.237365e-02
Update Integrals
Calculate all integrals: 18 seconds
Orbital Multiplication: 5 seconds
      Active Space - One electron energy  -1.053108e+02
      Active Space - Two-electron energy  2.716645e+00
              AS-Core correlation energy  0.000000e+00
                       Total core energy  0.000000e+00
                Nuclear repulsion energy  0.000000e+00
                            Total energy  -1.025942e+02
CalculateEnergies took 0 seconds
---------------------------------------------------
Start iteration step: 2
CalculateLagrangeMultiplier took 0 seconds
Skip refinement of spin1active space orbital 7, since the occupation is less than NO_occupation_thresh (1.000000e-05)
Error of spin 0 active space orbital 0: 9.081451e-04
Error of spin 0 active space orbital 1: 5.758126e-03
Error of spin 0 active space orbital 2: 2.559254e-04
Error of spin 0 active space orbital 3: 2.020720e-03
Error of spin 0 active space orbital 4: 1.195496e-02
Error of spin 0 active space orbital 5: 6.195933e-03
Error of spin 0 active space orbital 6: 4.892837e-04
Error of spin 0 active space orbital 7: 4.398269e-03
Error of spin 1 active space orbital 0: 2.698209e-03
Error of spin 1 active space orbital 1: 1.488238e-04
Error of spin 1 active space orbital 2: 1.078308e-03
Error of spin 1 active space orbital 3: 5.797180e-03
Error of spin 1 active space orbital 4: 4.983396e-03
Error of spin 1 active space orbital 5: 3.378976e-03
Error of spin 1 active space orbital 6: 1.134385e-03
Refinement timings:
rdm_ii_inv calculation: 0 seconds
one electron part: 1 seconds
AS two electron part: 31 seconds
Core-AS part: 0 seconds
BSH part: 0 seconds
Full function: 33 seconds
Get as orbital updates took 33 seconds
Highest as orbital error: 1.195496e-02
Update Integrals
Calculate all integrals: 19 seconds
Orbital Multiplication: 5 seconds
      Active Space - One electron energy  -1.053176e+02
      Active Space - Two-electron energy  2.716704e+00
              AS-Core correlation energy  0.000000e+00
                       Total core energy  0.000000e+00
                Nuclear repulsion energy  0.000000e+00
                            Total energy  -1.026009e+02
CalculateEnergies took 0 seconds
---------------------------------------------------
Start iteration step: 3
CalculateLagrangeMultiplier took 0 seconds
Skip refinement of spin1active space orbital 7, since the occupation is less than NO_occupation_thresh (1.000000e-05)
Error of spin 0 active space orbital 0: 8.198753e-04
Error of spin 0 active space orbital 1: 5.476722e-03
Error of spin 0 active space orbital 2: 2.683027e-04
Error of spin 0 active space orbital 3: 1.851281e-03
Error of spin 0 active space orbital 4: 1.149701e-02
Error of spin 0 active space orbital 5: 5.352474e-03
Error of spin 0 active space orbital 6: 6.160479e-04
Error of spin 0 active space orbital 7: 3.771995e-03
Error of spin 1 active space orbital 0: 2.636082e-03
Error of spin 1 active space orbital 1: 1.532918e-04
Error of spin 1 active space orbital 2: 1.057583e-03
Error of spin 1 active space orbital 3: 5.751131e-03
Error of spin 1 active space orbital 4: 4.330051e-03
Error of spin 1 active space orbital 5: 3.540756e-03
Error of spin 1 active space orbital 6: 1.356165e-03
Refinement timings:
rdm_ii_inv calculation: 0 seconds
one electron part: 1 seconds
AS two electron part: 32 seconds
Core-AS part: 0 seconds
BSH part: 1 seconds
Full function: 34 seconds
Get as orbital updates took 34 seconds
Highest as orbital error: 1.149701e-02
Update Integrals
Calculate all integrals: 19 seconds
Orbital Multiplication: 5 seconds
      Active Space - One electron energy  -1.053238e+02
      Active Space - Two-electron energy  2.716833e+00
              AS-Core correlation energy  0.000000e+00
                       Total core energy  0.000000e+00
                Nuclear repulsion energy  0.000000e+00
                            Total energy  -1.026069e+02
CalculateEnergies took 0 seconds
---------------------------------------------------
Start iteration step: 4
CalculateLagrangeMultiplier took 0 seconds
Skip refinement of spin1active space orbital 7, since the occupation is less than NO_occupation_thresh (1.000000e-05)
Error of spin 0 active space orbital 0: 7.209394e-04
Error of spin 0 active space orbital 1: 5.217435e-03
Error of spin 0 active space orbital 2: 2.758765e-04
Error of spin 0 active space orbital 3: 1.703394e-03
Error of spin 0 active space orbital 4: 1.102398e-02
Error of spin 0 active space orbital 5: 4.708737e-03
Error of spin 0 active space orbital 6: 6.985468e-04
Error of spin 0 active space orbital 7: 3.318818e-03
Error of spin 1 active space orbital 0: 2.582667e-03
Error of spin 1 active space orbital 1: 1.730124e-04
Error of spin 1 active space orbital 2: 1.033112e-03
Error of spin 1 active space orbital 3: 5.681546e-03
Error of spin 1 active space orbital 4: 3.962933e-03
Error of spin 1 active space orbital 5: 4.001068e-03
Error of spin 1 active space orbital 6: 1.540195e-03
Refinement timings:
rdm_ii_inv calculation: 0 seconds
one electron part: 1 seconds
AS two electron part: 32 seconds
Core-AS part: 0 seconds
BSH part: 1 seconds
Full function: 34 seconds
Get as orbital updates took 34 seconds
Highest as orbital error: 1.102398e-02
Update Integrals
Calculate all integrals: 19 seconds
Orbital Multiplication: 5 seconds
      Active Space - One electron energy  -1.053293e+02
      Active Space - Two-electron energy  2.717022e+00
              AS-Core correlation energy  0.000000e+00
                       Total core energy  0.000000e+00
                Nuclear repulsion energy  0.000000e+00
                            Total energy  -1.026123e+02
CalculateEnergies took 0 seconds
Calculate all integrals: 20 seconds
Orbital Multiplication: 5 seconds
      Active Space - One electron energy  -1.053293e+02
      Active Space - Two-electron energy  2.717022e+00
              AS-Core correlation energy  0.000000e+00
                       Total core energy  0.000000e+00
                Nuclear repulsion energy  0.000000e+00
                            Total energy  -1.026123e+02
CalculateEnergies took 0 seconds
Norm spin: 0 as orb 0:1.000000e+00
Norm spin: 0 as orb 1:1.000000e+00
Norm spin: 0 as orb 2:1.000000e+00
Norm spin: 0 as orb 3:1.000000e+00
Norm spin: 0 as orb 4:1.000000e+00
Norm spin: 0 as orb 5:1.000000e+00
Norm spin: 0 as orb 6:1.000000e+00
Norm spin: 0 as orb 7:1.000000e+00
Norm spin: 1 as orb 0:1.000000e+00
Norm spin: 1 as orb 1:1.000000e+00
Norm spin: 1 as orb 2:1.000000e+00
Norm spin: 1 as orb 3:1.000000e+00
Norm spin: 1 as orb 4:1.000000e+00
Norm spin: 1 as orb 5:1.000000e+00
Norm spin: 1 as orb 6:1.000000e+00
Norm spin: 1 as orb 7:1.000000e+00
