GiveInitialOrbitals took 0 seconds
GiveRDMs took 0 seconds
Calculate all integrals: 6 seconds
Orbital Multiplication: 1 seconds
      Active Space - One electron energy  -7.229018e+01
      Active Space - Two-electron energy  6.074509e-01
              AS-Core correlation energy  0.000000e+00
                       Total core energy  0.000000e+00
                Nuclear repulsion energy  0.000000e+00
                            Total energy  -7.168273e+01
CalculateEnergies took 0 seconds
---------------------------------------------------
Start iteration step: 1
CalculateLagrangeMultiplier took 0 seconds
Refinement timings:
rdm_ii_inv calculation: 0 seconds
one electron part: 0 seconds
AS two electron part: 3 seconds
Core-AS part: 0 seconds
BSH part: 0 seconds
Full function: 4 seconds
Get as orbital updates took 4 seconds

=== Symmetric Orthonormalization ===
=== Symmetric Orthonormalization Complete ===
Highest as orbital error: 3.156814e-02
Update Integrals
Calculate all integrals: 5 seconds
Orbital Multiplication: 1 seconds
      Active Space - One electron energy  -7.229303e+01
      Active Space - Two-electron energy  6.071557e-01
              AS-Core correlation energy  0.000000e+00
                       Total core energy  0.000000e+00
                Nuclear repulsion energy  0.000000e+00
                            Total energy  -7.168588e+01
CalculateEnergies took 0 seconds
---------------------------------------------------
Start iteration step: 2
CalculateLagrangeMultiplier took 0 seconds
Refinement timings:
rdm_ii_inv calculation: 0 seconds
one electron part: 0 seconds
AS two electron part: 3 seconds
Core-AS part: 0 seconds
BSH part: 0 seconds
Full function: 4 seconds
Get as orbital updates took 4 seconds

=== Symmetric Orthonormalization ===
=== Symmetric Orthonormalization Complete ===
Highest as orbital error: 2.207356e-02
Update Integrals
Calculate all integrals: 5 seconds
Orbital Multiplication: 1 seconds
      Active Space - One electron energy  -7.229473e+01
      Active Space - Two-electron energy  6.069350e-01
              AS-Core correlation energy  0.000000e+00
                       Total core energy  0.000000e+00
                Nuclear repulsion energy  0.000000e+00
                            Total energy  -7.168780e+01
CalculateEnergies took 0 seconds
---------------------------------------------------
Start iteration step: 3
CalculateLagrangeMultiplier took 0 seconds
Refinement timings:
rdm_ii_inv calculation: 0 seconds
one electron part: 0 seconds
AS two electron part: 3 seconds
Core-AS part: 0 seconds
BSH part: 0 seconds
Full function: 4 seconds
Get as orbital updates took 4 seconds

=== Symmetric Orthonormalization ===
=== Symmetric Orthonormalization Complete ===
Highest as orbital error: 1.840625e-02
Update Integrals
Calculate all integrals: 5 seconds
Orbital Multiplication: 1 seconds
      Active Space - One electron energy  -7.229592e+01
      Active Space - Two-electron energy  6.067660e-01
              AS-Core correlation energy  0.000000e+00
                       Total core energy  0.000000e+00
                Nuclear repulsion energy  0.000000e+00
                            Total energy  -7.168915e+01
CalculateEnergies took 0 seconds
---------------------------------------------------
Start iteration step: 4
CalculateLagrangeMultiplier took 0 seconds
Refinement timings:
rdm_ii_inv calculation: 0 seconds
one electron part: 0 seconds
AS two electron part: 3 seconds
Core-AS part: 0 seconds
BSH part: 0 seconds
Full function: 4 seconds
Get as orbital updates took 4 seconds

=== Symmetric Orthonormalization ===
=== Symmetric Orthonormalization Complete ===
Highest as orbital error: 1.586023e-02
Update Integrals
Calculate all integrals: 5 seconds
Orbital Multiplication: 1 seconds
      Active Space - One electron energy  -7.229679e+01
      Active Space - Two-electron energy  6.066382e-01
              AS-Core correlation energy  0.000000e+00
                       Total core energy  0.000000e+00
                Nuclear repulsion energy  0.000000e+00
                            Total energy  -7.169015e+01
CalculateEnergies took 0 seconds
---------------------------------------------------
Start iteration step: 5
CalculateLagrangeMultiplier took 0 seconds
Refinement timings:
rdm_ii_inv calculation: 0 seconds
one electron part: 0 seconds
AS two electron part: 3 seconds
Core-AS part: 0 seconds
BSH part: 0 seconds
Full function: 4 seconds
Get as orbital updates took 4 seconds

=== Symmetric Orthonormalization ===
=== Symmetric Orthonormalization Complete ===
Highest as orbital error: 1.386132e-02
Update Integrals
Calculate all integrals: 5 seconds
Orbital Multiplication: 1 seconds
      Active Space - One electron energy  -7.229744e+01
      Active Space - Two-electron energy  6.065436e-01
              AS-Core correlation energy  0.000000e+00
                       Total core energy  0.000000e+00
                Nuclear repulsion energy  0.000000e+00
                            Total energy  -7.169090e+01
CalculateEnergies took 0 seconds
Calculate all integrals: 5 seconds
Orbital Multiplication: 1 seconds
