8 active alpha orbitals and 8 active beta orbitals
GiveInitialOrbitals took 0 seconds
Calculate all integrals: 20 seconds
Orbital Multiplication: 5 seconds
      Active Space - One electron energy  -1.038537e+02
      Active Space - Two-electron energy  2.714051e+00
              AS-Core correlation energy  0.000000e+00
                       Total core energy  0.000000e+00
                Nuclear repulsion energy  0.000000e+00
                            Total energy  -1.011397e+02
CalculateEnergies took 0 seconds
---------------------------------------------------
Start iteration step: 0
CalculateLagrangeMultiplier took 0 seconds
Skip refinement of spin1active space orbital 7, since the occupation is less than NO_occupation_thresh (1.000000e-05)
Error of spin 0 active space orbital 0: 5.144833e-04
Error of spin 0 active space orbital 1: 3.474991e-03
Error of spin 0 active space orbital 2: 2.603500e-04
Error of spin 0 active space orbital 3: 9.140402e-04
Error of spin 0 active space orbital 4: 6.939937e-03
Error of spin 0 active space orbital 5: 3.887424e-03
Error of spin 0 active space orbital 6: 5.080598e-04
Error of spin 0 active space orbital 7: 2.699658e-03
Error of spin 1 active space orbital 0: 1.763217e-03
Error of spin 1 active space orbital 1: 1.829991e-04
Error of spin 1 active space orbital 2: 6.370055e-04
Error of spin 1 active space orbital 3: 3.439930e-03
Error of spin 1 active space orbital 4: 7.732383e-03
Error of spin 1 active space orbital 5: 2.227815e-03
Error of spin 1 active space orbital 6: 2.400951e-03
Refinement timings:
rdm_ii_inv calculation: 0 seconds
one electron part: 1 seconds
AS two electron part: 33 seconds
Core-AS part: 0 seconds
BSH part: 1 seconds
Full function: 35 seconds
Get as orbital updates took 35 seconds
Highest as orbital error: 7.732383e-03
Update Integrals
Calculate all integrals: 19 seconds
Orbital Multiplication: 5 seconds
      Active Space - One electron energy  -1.038561e+02
      Active Space - Two-electron energy  2.714113e+00
              AS-Core correlation energy  0.000000e+00
                       Total core energy  0.000000e+00
                Nuclear repulsion energy  0.000000e+00
                            Total energy  -1.011420e+02
CalculateEnergies took 0 seconds
---------------------------------------------------
Start iteration step: 1
CalculateLagrangeMultiplier took 0 seconds
Skip refinement of spin1active space orbital 7, since the occupation is less than NO_occupation_thresh (1.000000e-05)
Error of spin 0 active space orbital 0: 4.983641e-04
Error of spin 0 active space orbital 1: 3.223581e-03
Error of spin 0 active space orbital 2: 1.700969e-04
Error of spin 0 active space orbital 3: 8.091367e-04
Error of spin 0 active space orbital 4: 6.704469e-03
Error of spin 0 active space orbital 5: 3.341980e-03
Error of spin 0 active space orbital 6: 2.761507e-04
Error of spin 0 active space orbital 7: 2.134297e-03
Error of spin 1 active space orbital 0: 1.701787e-03
Error of spin 1 active space orbital 1: 6.226877e-05
Error of spin 1 active space orbital 2: 6.315273e-04
Error of spin 1 active space orbital 3: 3.507507e-03
Error of spin 1 active space orbital 4: 5.866238e-03
Error of spin 1 active space orbital 5: 2.340088e-03
Error of spin 1 active space orbital 6: 8.775503e-04
Refinement timings:
rdm_ii_inv calculation: 0 seconds
one electron part: 1 seconds
AS two electron part: 32 seconds
Core-AS part: 0 seconds
BSH part: 1 seconds
Full function: 34 seconds
Get as orbital updates took 34 seconds
Highest as orbital error: 6.704469e-03
Update Integrals
Calculate all integrals: 18 seconds
Orbital Multiplication: 5 seconds
      Active Space - One electron energy  -1.038583e+02
      Active Space - Two-electron energy  2.714201e+00
              AS-Core correlation energy  0.000000e+00
                       Total core energy  0.000000e+00
                Nuclear repulsion energy  0.000000e+00
                            Total energy  -1.011441e+02
CalculateEnergies took 0 seconds
---------------------------------------------------
Start iteration step: 2
CalculateLagrangeMultiplier took 0 seconds
Skip refinement of spin1active space orbital 7, since the occupation is less than NO_occupation_thresh (1.000000e-05)
Error of spin 0 active space orbital 0: 4.686358e-04
Error of spin 0 active space orbital 1: 3.027764e-03
Error of spin 0 active space orbital 2: 1.549190e-04
Error of spin 0 active space orbital 3: 7.344466e-04
Error of spin 0 active space orbital 4: 6.435324e-03
Error of spin 0 active space orbital 5: 2.977279e-03
Error of spin 0 active space orbital 6: 3.074200e-04
Error of spin 0 active space orbital 7: 1.787034e-03
Error of spin 1 active space orbital 0: 1.666385e-03
Error of spin 1 active space orbital 1: 6.925366e-05
Error of spin 1 active space orbital 2: 6.349197e-04
Error of spin 1 active space orbital 3: 3.527230e-03
Error of spin 1 active space orbital 4: 4.890936e-03
Error of spin 1 active space orbital 5: 2.802857e-03
Error of spin 1 active space orbital 6: 5.405611e-04
Refinement timings:
rdm_ii_inv calculation: 0 seconds
one electron part: 1 seconds
AS two electron part: 31 seconds
Core-AS part: 0 seconds
BSH part: 0 seconds
Full function: 33 seconds
Get as orbital updates took 33 seconds
Highest as orbital error: 6.435324e-03
Update Integrals
Calculate all integrals: 18 seconds
Orbital Multiplication: 5 seconds
      Active Space - One electron energy  -1.038604e+02
      Active Space - Two-electron energy  2.714307e+00
              AS-Core correlation energy  0.000000e+00
                       Total core energy  0.000000e+00
                Nuclear repulsion energy  0.000000e+00
                            Total energy  -1.011461e+02
CalculateEnergies took 0 seconds
---------------------------------------------------
Start iteration step: 3
CalculateLagrangeMultiplier took 0 seconds
Skip refinement of spin1active space orbital 7, since the occupation is less than NO_occupation_thresh (1.000000e-05)
Error of spin 0 active space orbital 0: 4.315147e-04
Error of spin 0 active space orbital 1: 2.861534e-03
Error of spin 0 active space orbital 2: 1.576530e-04
Error of spin 0 active space orbital 3: 6.728666e-04
Error of spin 0 active space orbital 4: 6.154756e-03
Error of spin 0 active space orbital 5: 2.703086e-03
Error of spin 0 active space orbital 6: 3.792059e-04
Error of spin 0 active space orbital 7: 1.548939e-03
Error of spin 1 active space orbital 0: 1.639339e-03
Error of spin 1 active space orbital 1: 1.069079e-04
Error of spin 1 active space orbital 2: 6.284766e-04
Error of spin 1 active space orbital 3: 3.516479e-03
Error of spin 1 active space orbital 4: 4.345993e-03
Error of spin 1 active space orbital 5: 3.244815e-03
Error of spin 1 active space orbital 6: 7.214087e-04
Refinement timings:
rdm_ii_inv calculation: 0 seconds
one electron part: 1 seconds
AS two electron part: 32 seconds
Core-AS part: 0 seconds
BSH part: 1 seconds
Full function: 34 seconds
Get as orbital updates took 34 seconds
Highest as orbital error: 6.154756e-03
Update Integrals
Calculate all integrals: 19 seconds
Orbital Multiplication: 5 seconds
      Active Space - One electron energy  -1.038623e+02
      Active Space - Two-electron energy  2.714428e+00
              AS-Core correlation energy  0.000000e+00
                       Total core energy  0.000000e+00
                Nuclear repulsion energy  0.000000e+00
                            Total energy  -1.011479e+02
CalculateEnergies took 0 seconds
---------------------------------------------------
Start iteration step: 4
CalculateLagrangeMultiplier took 0 seconds
Skip refinement of spin1active space orbital 7, since the occupation is less than NO_occupation_thresh (1.000000e-05)
Error of spin 0 active space orbital 0: 3.935187e-04
Error of spin 0 active space orbital 1: 2.712672e-03
Error of spin 0 active space orbital 2: 1.611012e-04
Error of spin 0 active space orbital 3: 6.195143e-04
Error of spin 0 active space orbital 4: 5.874152e-03
Error of spin 0 active space orbital 5: 2.479298e-03
Error of spin 0 active space orbital 6: 4.200856e-04
Error of spin 0 active space orbital 7: 1.382891e-03
Error of spin 1 active space orbital 0: 1.614431e-03
Error of spin 1 active space orbital 1: 1.355481e-04
Error of spin 1 active space orbital 2: 6.144189e-04
Error of spin 1 active space orbital 3: 3.486847e-03
Error of spin 1 active space orbital 4: 4.022659e-03
Error of spin 1 active space orbital 5: 3.606171e-03
Error of spin 1 active space orbital 6: 8.608230e-04
Refinement timings:
rdm_ii_inv calculation: 0 seconds
one electron part: 1 seconds
AS two electron part: 31 seconds
Core-AS part: 0 seconds
BSH part: 1 seconds
Full function: 34 seconds
Get as orbital updates took 34 seconds
Highest as orbital error: 5.874152e-03
Update Integrals
Calculate all integrals: 19 seconds
Orbital Multiplication: 5 seconds
      Active Space - One electron energy  -1.038641e+02
      Active Space - Two-electron energy  2.714562e+00
              AS-Core correlation energy  0.000000e+00
                       Total core energy  0.000000e+00
                Nuclear repulsion energy  0.000000e+00
                            Total energy  -1.011495e+02
CalculateEnergies took 0 seconds
Calculate all integrals: 21 seconds
Orbital Multiplication: 5 seconds
      Active Space - One electron energy  -1.038641e+02
      Active Space - Two-electron energy  2.714562e+00
              AS-Core correlation energy  0.000000e+00
                       Total core energy  0.000000e+00
                Nuclear repulsion energy  0.000000e+00
                            Total energy  -1.011495e+02
CalculateEnergies took 0 seconds
Norm spin: 0 as orb 0:1.000000e+00
Norm spin: 0 as orb 1:1.000000e+00
Norm spin: 0 as orb 2:1.000000e+00
Norm spin: 0 as orb 3:1.000000e+00
Norm spin: 0 as orb 4:1.000000e+00
Norm spin: 0 as orb 5:1.000000e+00
Norm spin: 0 as orb 6:1.000000e+00
Norm spin: 0 as orb 7:1.000000e+00
Norm spin: 1 as orb 0:1.000000e+00
Norm spin: 1 as orb 1:1.000000e+00
Norm spin: 1 as orb 2:1.000000e+00
Norm spin: 1 as orb 3:1.000000e+00
Norm spin: 1 as orb 4:1.000000e+00
Norm spin: 1 as orb 5:1.000000e+00
Norm spin: 1 as orb 6:1.000000e+00
Norm spin: 1 as orb 7:1.000000e+00
