8 active alpha orbitals and 8 active beta orbitals
GiveInitialOrbitals took 0 seconds
Calculate all integrals: 19 seconds
Orbital Multiplication: 5 seconds
      Active Space - One electron energy  -8.411374e+01
      Active Space - Two-electron energy  3.883434e+00
              AS-Core correlation energy  0.000000e+00
                       Total core energy  0.000000e+00
                Nuclear repulsion energy  0.000000e+00
                            Total energy  -8.023030e+01
CalculateEnergies took 0 seconds
---------------------------------------------------
Start iteration step: 0
CalculateLagrangeMultiplier took 0 seconds
Error of spin 0 active space orbital 0: 1.975565e-04
Error of spin 0 active space orbital 1: 3.639558e-04
Error of spin 0 active space orbital 2: 4.431288e-04
Error of spin 0 active space orbital 3: 1.107011e-03
Error of spin 0 active space orbital 4: 1.083397e-03
Error of spin 0 active space orbital 5: 8.738379e-04
Error of spin 0 active space orbital 6: 2.429577e-03
Error of spin 0 active space orbital 7: 2.566268e-03
Error of spin 1 active space orbital 0: 4.631843e-04
Error of spin 1 active space orbital 1: 5.001989e-04
Error of spin 1 active space orbital 2: 6.184247e-04
Error of spin 1 active space orbital 3: 1.485866e-03
Error of spin 1 active space orbital 4: 1.736569e-03
Error of spin 1 active space orbital 5: 2.790167e-03
Error of spin 1 active space orbital 6: 4.162519e-03
Error of spin 1 active space orbital 7: 8.842769e-03
Refinement timings:
rdm_ii_inv calculation: 0 seconds
one electron part: 1 seconds
AS two electron part: 33 seconds
Core-AS part: 0 seconds
BSH part: 1 seconds
Full function: 35 seconds
Get as orbital updates took 35 seconds
Highest as orbital error: 8.842769e-03
Update Integrals
Calculate all integrals: 18 seconds
Orbital Multiplication: 5 seconds
      Active Space - One electron energy  -8.411396e+01
      Active Space - Two-electron energy  3.883316e+00
              AS-Core correlation energy  0.000000e+00
                       Total core energy  0.000000e+00
                Nuclear repulsion energy  0.000000e+00
                            Total energy  -8.023064e+01
CalculateEnergies took 0 seconds
---------------------------------------------------
Start iteration step: 1
CalculateLagrangeMultiplier took 0 seconds
Error of spin 0 active space orbital 0: 2.458206e-04
Error of spin 0 active space orbital 1: 4.545251e-04
Error of spin 0 active space orbital 2: 5.475613e-04
Error of spin 0 active space orbital 3: 7.476298e-04
Error of spin 0 active space orbital 4: 7.651259e-04
Error of spin 0 active space orbital 5: 5.807639e-04
Error of spin 0 active space orbital 6: 1.703776e-03
Error of spin 0 active space orbital 7: 1.839965e-03
Error of spin 1 active space orbital 0: 4.162006e-04
Error of spin 1 active space orbital 1: 9.218972e-04
Error of spin 1 active space orbital 2: 5.620573e-04
Error of spin 1 active space orbital 3: 9.367795e-04
Error of spin 1 active space orbital 4: 1.102563e-03
Error of spin 1 active space orbital 5: 1.777291e-03
Error of spin 1 active space orbital 6: 2.764582e-03
Error of spin 1 active space orbital 7: 5.486249e-03
Refinement timings:
rdm_ii_inv calculation: 0 seconds
one electron part: 1 seconds
AS two electron part: 32 seconds
Core-AS part: 0 seconds
BSH part: 1 seconds
Full function: 34 seconds
Get as orbital updates took 34 seconds
Highest as orbital error: 5.486249e-03
Update Integrals
Calculate all integrals: 18 seconds
Orbital Multiplication: 5 seconds
      Active Space - One electron energy  -8.411494e+01
      Active Space - Two-electron energy  3.883316e+00
              AS-Core correlation energy  0.000000e+00
                       Total core energy  0.000000e+00
                Nuclear repulsion energy  0.000000e+00
                            Total energy  -8.023162e+01
CalculateEnergies took 0 seconds
---------------------------------------------------
Start iteration step: 2
CalculateLagrangeMultiplier took 0 seconds
Error of spin 0 active space orbital 0: 2.192822e-04
Error of spin 0 active space orbital 1: 4.033353e-04
Error of spin 0 active space orbital 2: 5.099573e-04
Error of spin 0 active space orbital 3: 5.073213e-04
Error of spin 0 active space orbital 4: 5.281396e-04
Error of spin 0 active space orbital 5: 4.299375e-04
Error of spin 0 active space orbital 6: 1.282483e-03
Error of spin 0 active space orbital 7: 1.493988e-03
Error of spin 1 active space orbital 0: 3.892814e-04
Error of spin 1 active space orbital 1: 7.951635e-04
Error of spin 1 active space orbital 2: 4.218054e-04
Error of spin 1 active space orbital 3: 5.958443e-04
Error of spin 1 active space orbital 4: 8.111165e-04
Error of spin 1 active space orbital 5: 1.148373e-03
Error of spin 1 active space orbital 6: 1.942612e-03
Error of spin 1 active space orbital 7: 3.699432e-03
Refinement timings:
rdm_ii_inv calculation: 0 seconds
one electron part: 1 seconds
AS two electron part: 33 seconds
Core-AS part: 0 seconds
BSH part: 1 seconds
Full function: 35 seconds
Get as orbital updates took 35 seconds
Highest as orbital error: 3.699432e-03
Update Integrals
Calculate all integrals: 18 seconds
Orbital Multiplication: 5 seconds
      Active Space - One electron energy  -8.411560e+01
      Active Space - Two-electron energy  3.883285e+00
              AS-Core correlation energy  0.000000e+00
                       Total core energy  0.000000e+00
                Nuclear repulsion energy  0.000000e+00
                            Total energy  -8.023232e+01
CalculateEnergies took 0 seconds
---------------------------------------------------
Start iteration step: 3
CalculateLagrangeMultiplier took 0 seconds
Error of spin 0 active space orbital 0: 1.870072e-04
Error of spin 0 active space orbital 1: 3.370010e-04
Error of spin 0 active space orbital 2: 4.596670e-04
Error of spin 0 active space orbital 3: 3.424006e-04
Error of spin 0 active space orbital 4: 3.627172e-04
Error of spin 0 active space orbital 5: 3.343607e-04
Error of spin 0 active space orbital 6: 9.923120e-04
Error of spin 0 active space orbital 7: 1.259208e-03
Error of spin 1 active space orbital 0: 3.415488e-04
Error of spin 1 active space orbital 1: 6.369017e-04
Error of spin 1 active space orbital 2: 3.190427e-04
Error of spin 1 active space orbital 3: 3.831416e-04
Error of spin 1 active space orbital 4: 6.634718e-04
Error of spin 1 active space orbital 5: 7.469419e-04
Error of spin 1 active space orbital 6: 1.386002e-03
Error of spin 1 active space orbital 7: 2.575869e-03
Refinement timings:
rdm_ii_inv calculation: 0 seconds
one electron part: 1 seconds
AS two electron part: 33 seconds
Core-AS part: 0 seconds
BSH part: 0 seconds
Full function: 35 seconds
Get as orbital updates took 35 seconds
Highest as orbital error: 2.575869e-03
Update Integrals
Calculate all integrals: 19 seconds
Orbital Multiplication: 5 seconds
      Active Space - One electron energy  -8.411609e+01
      Active Space - Two-electron energy  3.883250e+00
              AS-Core correlation energy  0.000000e+00
                       Total core energy  0.000000e+00
                Nuclear repulsion energy  0.000000e+00
                            Total energy  -8.023284e+01
CalculateEnergies took 0 seconds
---------------------------------------------------
Start iteration step: 4
CalculateLagrangeMultiplier took 0 seconds
Error of spin 0 active space orbital 0: 1.574176e-04
Error of spin 0 active space orbital 1: 2.760135e-04
Error of spin 0 active space orbital 2: 4.079132e-04
Error of spin 0 active space orbital 3: 2.287501e-04
Error of spin 0 active space orbital 4: 2.443957e-04
Error of spin 0 active space orbital 5: 2.697561e-04
Error of spin 0 active space orbital 6: 7.801813e-04
Error of spin 0 active space orbital 7: 1.089628e-03
Error of spin 1 active space orbital 0: 3.007332e-04
Error of spin 1 active space orbital 1: 4.891495e-04
Error of spin 1 active space orbital 2: 2.421137e-04
Error of spin 1 active space orbital 3: 2.488361e-04
Error of spin 1 active space orbital 4: 5.381804e-04
Error of spin 1 active space orbital 5: 4.880860e-04
Error of spin 1 active space orbital 6: 1.006112e-03
Error of spin 1 active space orbital 7: 1.859035e-03
Refinement timings:
rdm_ii_inv calculation: 0 seconds
one electron part: 1 seconds
AS two electron part: 33 seconds
Core-AS part: 0 seconds
BSH part: 1 seconds
Full function: 35 seconds
Get as orbital updates took 35 seconds
Highest as orbital error: 1.859035e-03
Update Integrals
Calculate all integrals: 18 seconds
Orbital Multiplication: 5 seconds
      Active Space - One electron energy  -8.411643e+01
      Active Space - Two-electron energy  3.883215e+00
              AS-Core correlation energy  0.000000e+00
                       Total core energy  0.000000e+00
                Nuclear repulsion energy  0.000000e+00
                            Total energy  -8.023321e+01
CalculateEnergies took 0 seconds
Calculate all integrals: 19 seconds
Orbital Multiplication: 5 seconds
      Active Space - One electron energy  -8.411643e+01
      Active Space - Two-electron energy  3.883215e+00
              AS-Core correlation energy  0.000000e+00
                       Total core energy  0.000000e+00
                Nuclear repulsion energy  0.000000e+00
                            Total energy  -8.023321e+01
CalculateEnergies took 0 seconds
Norm spin: 0 as orb 0:1.000000e+00
Norm spin: 0 as orb 1:1.000000e+00
Norm spin: 0 as orb 2:1.000000e+00
Norm spin: 0 as orb 3:1.000000e+00
Norm spin: 0 as orb 4:1.000000e+00
Norm spin: 0 as orb 5:1.000000e+00
Norm spin: 0 as orb 6:1.000000e+00
Norm spin: 0 as orb 7:1.000000e+00
Norm spin: 1 as orb 0:1.000000e+00
Norm spin: 1 as orb 1:1.000000e+00
Norm spin: 1 as orb 2:1.000000e+00
Norm spin: 1 as orb 3:1.000000e+00
Norm spin: 1 as orb 4:1.000000e+00
Norm spin: 1 as orb 5:1.000000e+00
Norm spin: 1 as orb 6:1.000000e+00
Norm spin: 1 as orb 7:1.000000e+00
