8 active alpha orbitals and 8 active beta orbitals
GiveInitialOrbitals took 0 seconds
Calculate all integrals: 1 seconds
Orbital Multiplication: 0 seconds
      Active Space - One electron energy  -9.943121e+01
      Active Space - Two-electron energy  2.723052e+00
              AS-Core correlation energy  0.000000e+00
                       Total core energy  0.000000e+00
                Nuclear repulsion energy  0.000000e+00
                            Total energy  -9.670816e+01
CalculateEnergies took 0 seconds
---------------------------------------------------
Start iteration step: 0
CalculateLagrangeMultiplier took 0 seconds
Error of spin 0 active space orbital 0: 9.510881e-04
Error of spin 0 active space orbital 1: 3.443130e-03
Error of spin 0 active space orbital 2: 1.854255e-04
Error of spin 0 active space orbital 3: 1.279691e-03
Error of spin 0 active space orbital 4: 6.660995e-03
Error of spin 0 active space orbital 5: 7.893594e-03
Error of spin 0 active space orbital 6: 2.191580e-03
Error of spin 0 active space orbital 7: 2.516309e-03
Error of spin 1 active space orbital 0: 1.066157e-03
Error of spin 1 active space orbital 1: 2.089840e-04
Error of spin 1 active space orbital 2: 2.513940e-04
Error of spin 1 active space orbital 3: 2.126800e-03
Error of spin 1 active space orbital 4: 2.777954e-03
Error of spin 1 active space orbital 5: 2.031862e-03
Error of spin 1 active space orbital 6: 2.534316e-03
Error of spin 1 active space orbital 7: 7.679746e-03
Refinement timings:
rdm_ii_inv calculation: 0 seconds
one electron part: 0 seconds
AS two electron part: 6 seconds
Core-AS part: 0 seconds
BSH part: 0 seconds
Full function: 6 seconds
Get as orbital updates took 6 seconds
Highest as orbital error: 7.893594e-03
Update Integrals
Calculate all integrals: 1 seconds
Orbital Multiplication: 0 seconds
      Active Space - One electron energy  -9.943398e+01
      Active Space - Two-electron energy  2.722514e+00
              AS-Core correlation energy  0.000000e+00
                       Total core energy  0.000000e+00
                Nuclear repulsion energy  0.000000e+00
                            Total energy  -9.671147e+01
CalculateEnergies took 0 seconds
---------------------------------------------------
Start iteration step: 1
CalculateLagrangeMultiplier took 0 seconds
Error of spin 0 active space orbital 0: 9.535221e-04
Error of spin 0 active space orbital 1: 3.203538e-03
Error of spin 0 active space orbital 2: 1.106492e-04
Error of spin 0 active space orbital 3: 1.150871e-03
Error of spin 0 active space orbital 4: 6.401904e-03
Error of spin 0 active space orbital 5: 6.842777e-03
Error of spin 0 active space orbital 6: 1.252520e-03
Error of spin 0 active space orbital 7: 2.166404e-03
Error of spin 1 active space orbital 0: 9.302567e-04
Error of spin 1 active space orbital 1: 6.701879e-05
Error of spin 1 active space orbital 2: 1.749976e-04
Error of spin 1 active space orbital 3: 1.959535e-03
Error of spin 1 active space orbital 4: 1.549042e-03
Error of spin 1 active space orbital 5: 1.400758e-03
Error of spin 1 active space orbital 6: 1.788235e-03
Error of spin 1 active space orbital 7: 4.990621e-03
Refinement timings:
rdm_ii_inv calculation: 0 seconds
one electron part: 0 seconds
AS two electron part: 6 seconds
Core-AS part: 0 seconds
BSH part: 0 seconds
Full function: 6 seconds
Get as orbital updates took 6 seconds
Highest as orbital error: 6.842777e-03
Update Integrals
Calculate all integrals: 1 seconds
Orbital Multiplication: 0 seconds
      Active Space - One electron energy  -9.943657e+01
      Active Space - Two-electron energy  2.722045e+00
              AS-Core correlation energy  0.000000e+00
                       Total core energy  0.000000e+00
                Nuclear repulsion energy  0.000000e+00
                            Total energy  -9.671453e+01
CalculateEnergies took 0 seconds
---------------------------------------------------
Start iteration step: 2
CalculateLagrangeMultiplier took 0 seconds
Error of spin 0 active space orbital 0: 9.277878e-04
Error of spin 0 active space orbital 1: 3.009274e-03
Error of spin 0 active space orbital 2: 1.065408e-04
Error of spin 0 active space orbital 3: 1.046947e-03
Error of spin 0 active space orbital 4: 6.120568e-03
Error of spin 0 active space orbital 5: 6.050488e-03
Error of spin 0 active space orbital 6: 7.409989e-04
Error of spin 0 active space orbital 7: 2.012137e-03
Error of spin 1 active space orbital 0: 8.285219e-04
Error of spin 1 active space orbital 1: 1.417683e-04
Error of spin 1 active space orbital 2: 1.566096e-04
Error of spin 1 active space orbital 3: 1.796372e-03
Error of spin 1 active space orbital 4: 9.207878e-04
Error of spin 1 active space orbital 5: 1.361925e-03
Error of spin 1 active space orbital 6: 1.363446e-03
Error of spin 1 active space orbital 7: 3.696533e-03
Refinement timings:
rdm_ii_inv calculation: 0 seconds
one electron part: 0 seconds
AS two electron part: 6 seconds
Core-AS part: 0 seconds
BSH part: 0 seconds
Full function: 6 seconds
Get as orbital updates took 6 seconds
Highest as orbital error: 6.120568e-03
Update Integrals
Calculate all integrals: 1 seconds
Orbital Multiplication: 0 seconds
      Active Space - One electron energy  -9.943891e+01
      Active Space - Two-electron energy  2.721630e+00
              AS-Core correlation energy  0.000000e+00
                       Total core energy  0.000000e+00
                Nuclear repulsion energy  0.000000e+00
                            Total energy  -9.671728e+01
CalculateEnergies took 0 seconds
---------------------------------------------------
Start iteration step: 3
CalculateLagrangeMultiplier took 0 seconds
Error of spin 0 active space orbital 0: 8.790161e-04
Error of spin 0 active space orbital 1: 2.839262e-03
Error of spin 0 active space orbital 2: 1.162171e-04
Error of spin 0 active space orbital 3: 9.566119e-04
Error of spin 0 active space orbital 4: 5.833731e-03
Error of spin 0 active space orbital 5: 5.423060e-03
Error of spin 0 active space orbital 6: 5.920933e-04
Error of spin 0 active space orbital 7: 1.891722e-03
Error of spin 1 active space orbital 0: 7.445696e-04
Error of spin 1 active space orbital 1: 1.694037e-04
Error of spin 1 active space orbital 2: 1.499330e-04
Error of spin 1 active space orbital 3: 1.640421e-03
Error of spin 1 active space orbital 4: 6.282349e-04
Error of spin 1 active space orbital 5: 1.469133e-03
Error of spin 1 active space orbital 6: 1.101654e-03
Error of spin 1 active space orbital 7: 3.071519e-03
Refinement timings:
rdm_ii_inv calculation: 0 seconds
one electron part: 0 seconds
AS two electron part: 6 seconds
Core-AS part: 0 seconds
BSH part: 0 seconds
Full function: 6 seconds
Get as orbital updates took 6 seconds
Highest as orbital error: 5.833731e-03
Update Integrals
Calculate all integrals: 1 seconds
Orbital Multiplication: 0 seconds
      Active Space - One electron energy  -9.944100e+01
      Active Space - Two-electron energy  2.721266e+00
              AS-Core correlation energy  0.000000e+00
                       Total core energy  0.000000e+00
                Nuclear repulsion energy  0.000000e+00
                            Total energy  -9.671974e+01
CalculateEnergies took 0 seconds
---------------------------------------------------
Start iteration step: 4
CalculateLagrangeMultiplier took 0 seconds
Error of spin 0 active space orbital 0: 8.188157e-04
Error of spin 0 active space orbital 1: 2.684210e-03
Error of spin 0 active space orbital 2: 1.239212e-04
Error of spin 0 active space orbital 3: 8.767833e-04
Error of spin 0 active space orbital 4: 5.549985e-03
Error of spin 0 active space orbital 5: 4.907380e-03
Error of spin 0 active space orbital 6: 6.337630e-04
Error of spin 0 active space orbital 7: 1.783373e-03
Error of spin 1 active space orbital 0: 6.718884e-04
Error of spin 1 active space orbital 1: 1.695415e-04
Error of spin 1 active space orbital 2: 1.445367e-04
Error of spin 1 active space orbital 3: 1.494814e-03
Error of spin 1 active space orbital 4: 5.193600e-04
Error of spin 1 active space orbital 5: 1.572728e-03
Error of spin 1 active space orbital 6: 9.258037e-04
Error of spin 1 active space orbital 7: 2.822020e-03
Refinement timings:
rdm_ii_inv calculation: 0 seconds
one electron part: 0 seconds
AS two electron part: 6 seconds
Core-AS part: 0 seconds
BSH part: 0 seconds
Full function: 6 seconds
Get as orbital updates took 6 seconds
Highest as orbital error: 5.549985e-03
Update Integrals
Calculate all integrals: 1 seconds
Orbital Multiplication: 0 seconds
      Active Space - One electron energy  -9.944287e+01
      Active Space - Two-electron energy  2.720948e+00
              AS-Core correlation energy  0.000000e+00
                       Total core energy  0.000000e+00
                Nuclear repulsion energy  0.000000e+00
                            Total energy  -9.672192e+01
CalculateEnergies took 0 seconds
Calculate all integrals: 1 seconds
Orbital Multiplication: 0 seconds
      Active Space - One electron energy  -9.944287e+01
      Active Space - Two-electron energy  2.720948e+00
              AS-Core correlation energy  0.000000e+00
                       Total core energy  0.000000e+00
                Nuclear repulsion energy  0.000000e+00
                            Total energy  -9.672192e+01
CalculateEnergies took 0 seconds
Norm spin: 0 as orb 0:1.000000e+00
Norm spin: 0 as orb 1:1.000000e+00
Norm spin: 0 as orb 2:1.000000e+00
Norm spin: 0 as orb 3:1.000000e+00
Norm spin: 0 as orb 4:1.000000e+00
Norm spin: 0 as orb 5:1.000000e+00
Norm spin: 0 as orb 6:1.000000e+00
Norm spin: 0 as orb 7:1.000000e+00
Norm spin: 1 as orb 0:1.000000e+00
Norm spin: 1 as orb 1:1.000000e+00
Norm spin: 1 as orb 2:1.000000e+00
Norm spin: 1 as orb 3:1.000000e+00
Norm spin: 1 as orb 4:1.000000e+00
Norm spin: 1 as orb 5:1.000000e+00
Norm spin: 1 as orb 6:1.000000e+00
Norm spin: 1 as orb 7:1.000000e+00
