8 active alpha orbitals and 8 active beta orbitals
GiveInitialOrbitals took 0 seconds
Calculate all integrals: 19 seconds
Orbital Multiplication: 5 seconds
      Active Space - One electron energy  -8.455558e+01
      Active Space - Two-electron energy  3.919112e+00
              AS-Core correlation energy  0.000000e+00
                       Total core energy  0.000000e+00
                Nuclear repulsion energy  0.000000e+00
                            Total energy  -8.063647e+01
CalculateEnergies took 0 seconds
---------------------------------------------------
Start iteration step: 0
CalculateLagrangeMultiplier took 0 seconds
Error of spin 0 active space orbital 0: 1.611634e-03
Error of spin 0 active space orbital 1: 5.741003e-04
Error of spin 0 active space orbital 2: 2.748866e-03
Error of spin 0 active space orbital 3: 6.456893e-04
Error of spin 0 active space orbital 4: 9.972819e-04
Error of spin 0 active space orbital 5: 2.473973e-03
Error of spin 0 active space orbital 6: 1.939383e-03
Error of spin 0 active space orbital 7: 8.280221e-03
Error of spin 1 active space orbital 0: 2.161297e-03
Error of spin 1 active space orbital 1: 5.653660e-03
Error of spin 1 active space orbital 2: 8.244318e-04
Error of spin 1 active space orbital 3: 1.360179e-03
Error of spin 1 active space orbital 4: 5.907574e-03
Error of spin 1 active space orbital 5: 1.421516e-03
Error of spin 1 active space orbital 6: 3.725806e-03
Error of spin 1 active space orbital 7: 3.794673e-02
Refinement timings:
rdm_ii_inv calculation: 0 seconds
one electron part: 1 seconds
AS two electron part: 33 seconds
Core-AS part: 0 seconds
BSH part: 0 seconds
Full function: 35 seconds
Get as orbital updates took 35 seconds
Highest as orbital error: 3.794673e-02
Update Integrals
Calculate all integrals: 18 seconds
Orbital Multiplication: 5 seconds
      Active Space - One electron energy  -8.456011e+01
      Active Space - Two-electron energy  3.918833e+00
              AS-Core correlation energy  0.000000e+00
                       Total core energy  0.000000e+00
                Nuclear repulsion energy  0.000000e+00
                            Total energy  -8.064128e+01
CalculateEnergies took 0 seconds
---------------------------------------------------
Start iteration step: 1
CalculateLagrangeMultiplier took 0 seconds
Error of spin 0 active space orbital 0: 1.408372e-03
Error of spin 0 active space orbital 1: 4.713374e-04
Error of spin 0 active space orbital 2: 2.246148e-03
Error of spin 0 active space orbital 3: 3.341503e-04
Error of spin 0 active space orbital 4: 3.874195e-04
Error of spin 0 active space orbital 5: 2.058831e-03
Error of spin 0 active space orbital 6: 8.437946e-04
Error of spin 0 active space orbital 7: 6.376824e-03
Error of spin 1 active space orbital 0: 1.772895e-03
Error of spin 1 active space orbital 1: 5.933354e-03
Error of spin 1 active space orbital 2: 6.393014e-04
Error of spin 1 active space orbital 3: 6.374482e-04
Error of spin 1 active space orbital 4: 3.470364e-03
Error of spin 1 active space orbital 5: 5.368676e-04
Error of spin 1 active space orbital 6: 2.325624e-03
Error of spin 1 active space orbital 7: 2.802571e-02
Refinement timings:
rdm_ii_inv calculation: 0 seconds
one electron part: 1 seconds
AS two electron part: 32 seconds
Core-AS part: 0 seconds
BSH part: 1 seconds
Full function: 34 seconds
Get as orbital updates took 34 seconds
Highest as orbital error: 2.802571e-02
Update Integrals
Calculate all integrals: 18 seconds
Orbital Multiplication: 5 seconds
      Active Space - One electron energy  -8.456311e+01
      Active Space - Two-electron energy  3.918617e+00
              AS-Core correlation energy  0.000000e+00
                       Total core energy  0.000000e+00
                Nuclear repulsion energy  0.000000e+00
                            Total energy  -8.064449e+01
CalculateEnergies took 0 seconds
---------------------------------------------------
Start iteration step: 2
CalculateLagrangeMultiplier took 0 seconds
Error of spin 0 active space orbital 0: 1.245299e-03
Error of spin 0 active space orbital 1: 2.691246e-04
Error of spin 0 active space orbital 2: 1.828844e-03
Error of spin 0 active space orbital 3: 2.475243e-04
Error of spin 0 active space orbital 4: 1.524330e-04
Error of spin 0 active space orbital 5: 1.833713e-03
Error of spin 0 active space orbital 6: 4.828339e-04
Error of spin 0 active space orbital 7: 5.114101e-03
Error of spin 1 active space orbital 0: 1.327370e-03
Error of spin 1 active space orbital 1: 5.222568e-03
Error of spin 1 active space orbital 2: 4.916586e-04
Error of spin 1 active space orbital 3: 3.286767e-04
Error of spin 1 active space orbital 4: 2.452037e-03
Error of spin 1 active space orbital 5: 3.390909e-04
Error of spin 1 active space orbital 6: 1.632881e-03
Error of spin 1 active space orbital 7: 2.188424e-02
Refinement timings:
rdm_ii_inv calculation: 0 seconds
one electron part: 1 seconds
AS two electron part: 33 seconds
Core-AS part: 0 seconds
BSH part: 1 seconds
Full function: 35 seconds
Get as orbital updates took 35 seconds
Highest as orbital error: 2.188424e-02
Update Integrals
Calculate all integrals: 18 seconds
Orbital Multiplication: 5 seconds
      Active Space - One electron energy  -8.456535e+01
      Active Space - Two-electron energy  3.918477e+00
              AS-Core correlation energy  0.000000e+00
                       Total core energy  0.000000e+00
                Nuclear repulsion energy  0.000000e+00
                            Total energy  -8.064687e+01
CalculateEnergies took 0 seconds
---------------------------------------------------
Start iteration step: 3
CalculateLagrangeMultiplier took 0 seconds
Error of spin 0 active space orbital 0: 1.111136e-03
Error of spin 0 active space orbital 1: 1.593697e-04
Error of spin 0 active space orbital 2: 1.486804e-03
Error of spin 0 active space orbital 3: 2.026895e-04
Error of spin 0 active space orbital 4: 7.000024e-05
Error of spin 0 active space orbital 5: 1.647375e-03
Error of spin 0 active space orbital 6: 2.962112e-04
Error of spin 0 active space orbital 7: 4.185421e-03
Error of spin 1 active space orbital 0: 1.028546e-03
Error of spin 1 active space orbital 1: 4.406173e-03
Error of spin 1 active space orbital 2: 3.796540e-04
Error of spin 1 active space orbital 3: 1.852043e-04
Error of spin 1 active space orbital 4: 1.873195e-03
Error of spin 1 active space orbital 5: 3.297203e-04
Error of spin 1 active space orbital 6: 1.193390e-03
Error of spin 1 active space orbital 7: 1.753406e-02
Refinement timings:
rdm_ii_inv calculation: 0 seconds
one electron part: 1 seconds
AS two electron part: 33 seconds
Core-AS part: 0 seconds
BSH part: 1 seconds
Full function: 35 seconds
Get as orbital updates took 35 seconds
Highest as orbital error: 1.753406e-02
Update Integrals
Calculate all integrals: 19 seconds
Orbital Multiplication: 5 seconds
      Active Space - One electron energy  -8.456712e+01
      Active Space - Two-electron energy  3.918389e+00
              AS-Core correlation energy  0.000000e+00
                       Total core energy  0.000000e+00
                Nuclear repulsion energy  0.000000e+00
                            Total energy  -8.064873e+01
CalculateEnergies took 0 seconds
---------------------------------------------------
Start iteration step: 4
CalculateLagrangeMultiplier took 0 seconds
Error of spin 0 active space orbital 0: 9.959047e-04
Error of spin 0 active space orbital 1: 9.461635e-05
Error of spin 0 active space orbital 2: 1.215659e-03
Error of spin 0 active space orbital 3: 1.663369e-04
Error of spin 0 active space orbital 4: 4.693815e-05
Error of spin 0 active space orbital 5: 1.482863e-03
Error of spin 0 active space orbital 6: 1.979802e-04
Error of spin 0 active space orbital 7: 3.476212e-03
Error of spin 1 active space orbital 0: 8.164704e-04
Error of spin 1 active space orbital 1: 3.667196e-03
Error of spin 1 active space orbital 2: 2.978748e-04
Error of spin 1 active space orbital 3: 1.209000e-04
Error of spin 1 active space orbital 4: 1.487869e-03
Error of spin 1 active space orbital 5: 3.141254e-04
Error of spin 1 active space orbital 6: 8.955002e-04
Error of spin 1 active space orbital 7: 1.428811e-02
Refinement timings:
rdm_ii_inv calculation: 0 seconds
one electron part: 1 seconds
AS two electron part: 33 seconds
Core-AS part: 0 seconds
BSH part: 1 seconds
Full function: 35 seconds
Get as orbital updates took 35 seconds
Highest as orbital error: 1.428811e-02
Update Integrals
Calculate all integrals: 18 seconds
Orbital Multiplication: 5 seconds
      Active Space - One electron energy  -8.456856e+01
      Active Space - Two-electron energy  3.918336e+00
              AS-Core correlation energy  0.000000e+00
                       Total core energy  0.000000e+00
                Nuclear repulsion energy  0.000000e+00
                            Total energy  -8.065022e+01
CalculateEnergies took 0 seconds
Calculate all integrals: 19 seconds
Orbital Multiplication: 5 seconds
      Active Space - One electron energy  -8.456856e+01
      Active Space - Two-electron energy  3.918336e+00
              AS-Core correlation energy  0.000000e+00
                       Total core energy  0.000000e+00
                Nuclear repulsion energy  0.000000e+00
                            Total energy  -8.065022e+01
CalculateEnergies took 0 seconds
Norm spin: 0 as orb 0:1.000000e+00
Norm spin: 0 as orb 1:1.000000e+00
Norm spin: 0 as orb 2:1.000000e+00
Norm spin: 0 as orb 3:1.000000e+00
Norm spin: 0 as orb 4:1.000000e+00
Norm spin: 0 as orb 5:1.000000e+00
Norm spin: 0 as orb 6:1.000000e+00
Norm spin: 0 as orb 7:1.000000e+00
Norm spin: 1 as orb 0:1.000000e+00
Norm spin: 1 as orb 1:1.000000e+00
Norm spin: 1 as orb 2:1.000000e+00
Norm spin: 1 as orb 3:1.000000e+00
Norm spin: 1 as orb 4:1.000000e+00
Norm spin: 1 as orb 5:1.000000e+00
Norm spin: 1 as orb 6:1.000000e+00
Norm spin: 1 as orb 7:1.000000e+00
