14:55:49 | INFO     | 1 eV in effective units: 61.344363
14:55:49 | INFO     | Coulomb energy in effective units: 2.944457
14:55:49 | INFO     | Starting charge stability sweep for a double quantum dot, error: 1.00e-07 eV or 7.91e-05 effective units
14:55:49 | INFO     | Incremental checkpoint: data/charge_stability_runs_476cd5197895.pkl
14:55:49 | INFO     | Full results snapshot: data/charge_stability.pkl (every 50 completed points and at finish)
14:55:49 | INFO     | Loaded 1 completed voltage points (0 from full snapshot, 1 from checkpoint)
14:55:49 | INFO     | 
14:55:49 | INFO     | Voltage sweep
14:55:49 | INFO     | voltage=0.022 V, 0.021 V
14:55:49 | INFO     |   electrons=0
14:55:49 | INFO     |   electrons=1
14:55:49 | INFO     |   > Initialising MADNESS world
14:55:49 | INFO     |   > Building MRA potential
14:55:49 | INFO     |   > Solving single-particle orbitals
14:55:50 | INFO     |   > Starting SCF loop (max_iter=100, econv=7.91342e-05)
14:56:54 | INFO     |     converged after 62 iterations | energy=+0.0071045954
14:56:54 | INFO     |   result | energy=+0.0071045954 | iterations=62 | converged=True
14:56:54 | INFO     |   stable configuration | electrons=0 | energy=+0.0000000000
14:56:54 | INFO     |   checkpoint | appended completed point to data/charge_stability_runs_476cd5197895.pkl
14:56:54 | INFO     |   elapsed | 0h 1m 5.61s
14:56:54 | INFO     |   total elapsed | 0h 1m 5.61s
14:56:54 | INFO     | 
14:56:54 | INFO     | Voltage sweep
14:56:54 | INFO     | voltage=0.022 V, 0.022 V
14:56:54 | INFO     |   electrons=0
14:56:54 | INFO     |   electrons=1
14:56:54 | INFO     |   > Initialising MADNESS world
14:56:54 | INFO     |   > Building MRA potential
14:56:54 | INFO     |   > Solving single-particle orbitals
14:56:56 | INFO     |   > Starting SCF loop (max_iter=100, econv=7.91342e-05)
14:56:58 | INFO     |     converged after 3 iterations | energy=+0.0057692608
14:56:58 | INFO     |   result | energy=+0.0057692608 | iterations=3 | converged=True
14:56:58 | INFO     |   stable configuration | electrons=0 | energy=+0.0000000000
14:56:58 | INFO     |   checkpoint | appended completed point to data/charge_stability_runs_476cd5197895.pkl
14:56:58 | INFO     |   elapsed | 0h 0m 3.45s
14:56:58 | INFO     |   total elapsed | 0h 1m 9.06s
14:56:58 | INFO     | 
14:56:58 | INFO     | Voltage sweep
14:56:58 | INFO     | voltage=0.023 V, 0.021 V
14:56:58 | INFO     |   electrons=0
14:56:58 | INFO     |   electrons=1
14:56:58 | INFO     |   > Initialising MADNESS world
14:56:58 | INFO     |   > Building MRA potential
14:56:58 | INFO     |   > Solving single-particle orbitals
14:56:59 | INFO     |   > Starting SCF loop (max_iter=100, econv=7.91342e-05)
14:58:41 | WARNING  |     reached max_iter without convergence | energy=+0.0574072271
14:58:41 | INFO     |   result | energy=+0.0574072271 | iterations=100 | converged=False
14:58:41 | INFO     |   stable configuration | electrons=0 | energy=+0.0000000000
14:58:41 | INFO     |   checkpoint | appended completed point to data/charge_stability_runs_476cd5197895.pkl
14:58:41 | INFO     |   elapsed | 0h 1m 43.76s
14:58:41 | INFO     |   total elapsed | 0h 2m 52.81s
14:58:41 | INFO     | 
14:58:41 | INFO     | Voltage sweep
14:58:41 | INFO     | voltage=0.023 V, 0.022 V
14:58:41 | INFO     |   electrons=0
14:58:41 | INFO     |   electrons=1
14:58:41 | INFO     |   > Initialising MADNESS world
14:58:41 | INFO     |   > Building MRA potential
14:58:42 | INFO     |   > Solving single-particle orbitals
14:58:43 | INFO     |   > Starting SCF loop (max_iter=100, econv=7.91342e-05)
